2026-01-30 15:13:54,696 - INFO - === Conditional Builder Debug Session Started ===
2026-01-30 15:13:54,696 - INFO - Log file: conditional_builder_debug_20260130_151354.log
2026-01-30 15:13:54,701 - INFO - === Conditional Builder Debug Session Started ===
2026-01-30 15:13:54,701 - INFO - === Conditional Builder Debug Session Started ===
2026-01-30 15:13:54,701 - INFO - Log file: conditional_builder_debug_20260130_151354.log
2026-01-30 15:13:54,701 - INFO - Log file: conditional_builder_debug_20260130_151354.log
2026-01-30 15:13:54,910 - INFO - --- Created ALWAYS-VISIBLE conditional builder for Agent1 ---
2026-01-30 15:13:54,910 - INFO - --- Created ALWAYS-VISIBLE conditional builder for Agent1 ---
2026-01-30 15:13:54,911 - INFO -   Frame object id: 2347129652896
2026-01-30 15:13:54,911 - INFO -   Frame object id: 2347129652896
2026-01-30 15:13:54,911 - INFO -   Packed and always visible
2026-01-30 15:13:54,911 - INFO -   Packed and always visible
2026-01-30 15:13:54,919 - INFO -   Initialized with 0 condition rows and 1 assignment row
2026-01-30 15:13:54,919 - INFO -   Initialized with 0 condition rows and 1 assignment row
2026-01-30 15:13:54,932 - INFO - --- Created ALWAYS-VISIBLE conditional builder for Agent2 ---
2026-01-30 15:13:54,932 - INFO - --- Created ALWAYS-VISIBLE conditional builder for Agent2 ---
2026-01-30 15:13:54,932 - INFO -   Frame object id: 2347129684416
2026-01-30 15:13:54,932 - INFO -   Frame object id: 2347129684416
2026-01-30 15:13:54,932 - INFO -   Packed and always visible
2026-01-30 15:13:54,932 - INFO -   Packed and always visible
2026-01-30 15:13:54,935 - INFO -   Initialized with 0 condition rows and 1 assignment row
2026-01-30 15:13:54,935 - INFO -   Initialized with 0 condition rows and 1 assignment row
