2026-02-03 12:43:44,907 - INFO - === Conditional Builder Debug Session Started ===
2026-02-03 12:43:44,907 - INFO - Log file: conditional_builder_debug_20260203_124344.log
2026-02-03 12:43:44,912 - INFO - === Conditional Builder Debug Session Started ===
2026-02-03 12:43:44,912 - INFO - === Conditional Builder Debug Session Started ===
2026-02-03 12:43:44,912 - INFO - Log file: conditional_builder_debug_20260203_124344.log
2026-02-03 12:43:44,912 - INFO - Log file: conditional_builder_debug_20260203_124344.log
2026-02-03 12:43:45,141 - INFO - --- Created ALWAYS-VISIBLE conditional builder for Agent1 ---
2026-02-03 12:43:45,141 - INFO - --- Created ALWAYS-VISIBLE conditional builder for Agent1 ---
2026-02-03 12:43:45,141 - INFO -   Frame object id: 2628139178400
2026-02-03 12:43:45,141 - INFO -   Frame object id: 2628139178400
2026-02-03 12:43:45,141 - INFO -   Packed and always visible
2026-02-03 12:43:45,141 - INFO -   Packed and always visible
2026-02-03 12:43:45,149 - INFO -   Initialized with 0 condition rows and 1 assignment row
2026-02-03 12:43:45,149 - INFO -   Initialized with 0 condition rows and 1 assignment row
2026-02-03 12:43:45,161 - INFO - --- Created ALWAYS-VISIBLE conditional builder for Agent2 ---
2026-02-03 12:43:45,161 - INFO - --- Created ALWAYS-VISIBLE conditional builder for Agent2 ---
2026-02-03 12:43:45,162 - INFO -   Frame object id: 2628139222304
2026-02-03 12:43:45,162 - INFO -   Frame object id: 2628139222304
2026-02-03 12:43:45,162 - INFO -   Packed and always visible
2026-02-03 12:43:45,162 - INFO -   Packed and always visible
2026-02-03 12:43:45,164 - INFO -   Initialized with 0 condition rows and 1 assignment row
2026-02-03 12:43:45,164 - INFO -   Initialized with 0 condition rows and 1 assignment row
