2026-02-02 12:48:18,139 - INFO - === Conditional Builder Debug Session Started ===
2026-02-02 12:48:18,139 - INFO - Log file: conditional_builder_debug_20260202_124818.log
2026-02-02 12:48:18,145 - INFO - === Conditional Builder Debug Session Started ===
2026-02-02 12:48:18,145 - INFO - === Conditional Builder Debug Session Started ===
2026-02-02 12:48:18,145 - INFO - Log file: conditional_builder_debug_20260202_124818.log
2026-02-02 12:48:18,145 - INFO - Log file: conditional_builder_debug_20260202_124818.log
2026-02-02 12:48:18,388 - INFO - --- Created ALWAYS-VISIBLE conditional builder for Agent1 ---
2026-02-02 12:48:18,388 - INFO - --- Created ALWAYS-VISIBLE conditional builder for Agent1 ---
2026-02-02 12:48:18,388 - INFO -   Frame object id: 1885045643248
2026-02-02 12:48:18,388 - INFO -   Frame object id: 1885045643248
2026-02-02 12:48:18,388 - INFO -   Packed and always visible
2026-02-02 12:48:18,388 - INFO -   Packed and always visible
2026-02-02 12:48:18,397 - INFO -   Initialized with 0 condition rows and 1 assignment row
2026-02-02 12:48:18,397 - INFO -   Initialized with 0 condition rows and 1 assignment row
2026-02-02 12:48:18,410 - INFO - --- Created ALWAYS-VISIBLE conditional builder for Agent2 ---
2026-02-02 12:48:18,410 - INFO - --- Created ALWAYS-VISIBLE conditional builder for Agent2 ---
2026-02-02 12:48:18,410 - INFO -   Frame object id: 1885045609280
2026-02-02 12:48:18,410 - INFO -   Frame object id: 1885045609280
2026-02-02 12:48:18,410 - INFO -   Packed and always visible
2026-02-02 12:48:18,410 - INFO -   Packed and always visible
2026-02-02 12:48:18,413 - INFO -   Initialized with 0 condition rows and 1 assignment row
2026-02-02 12:48:18,413 - INFO -   Initialized with 0 condition rows and 1 assignment row
