2026-02-03 15:13:55,625 - INFO - === Conditional Builder Debug Session Started ===
2026-02-03 15:13:55,626 - INFO - Log file: conditional_builder_debug_20260203_151355.log
2026-02-03 15:13:55,632 - INFO - === Conditional Builder Debug Session Started ===
2026-02-03 15:13:55,632 - INFO - === Conditional Builder Debug Session Started ===
2026-02-03 15:13:55,632 - INFO - Log file: conditional_builder_debug_20260203_151355.log
2026-02-03 15:13:55,632 - INFO - Log file: conditional_builder_debug_20260203_151355.log
2026-02-03 15:13:55,865 - INFO - --- Created ALWAYS-VISIBLE conditional builder for Agent1 ---
2026-02-03 15:13:55,865 - INFO - --- Created ALWAYS-VISIBLE conditional builder for Agent1 ---
2026-02-03 15:13:55,866 - INFO -   Frame object id: 2409185085856
2026-02-03 15:13:55,866 - INFO -   Frame object id: 2409185085856
2026-02-03 15:13:55,866 - INFO -   Packed and always visible
2026-02-03 15:13:55,866 - INFO -   Packed and always visible
2026-02-03 15:13:55,876 - INFO -   Initialized with 0 condition rows and 1 assignment row
2026-02-03 15:13:55,876 - INFO -   Initialized with 0 condition rows and 1 assignment row
2026-02-03 15:13:55,890 - INFO - --- Created ALWAYS-VISIBLE conditional builder for Agent2 ---
2026-02-03 15:13:55,890 - INFO - --- Created ALWAYS-VISIBLE conditional builder for Agent2 ---
2026-02-03 15:13:55,890 - INFO -   Frame object id: 2409185043648
2026-02-03 15:13:55,890 - INFO -   Frame object id: 2409185043648
2026-02-03 15:13:55,890 - INFO -   Packed and always visible
2026-02-03 15:13:55,890 - INFO -   Packed and always visible
2026-02-03 15:13:55,895 - INFO -   Initialized with 0 condition rows and 1 assignment row
2026-02-03 15:13:55,895 - INFO -   Initialized with 0 condition rows and 1 assignment row
