2026-02-04 12:07:12,852 - INFO - === Conditional Builder Debug Session Started ===
2026-02-04 12:07:12,852 - INFO - Log file: conditional_builder_debug_20260204_120712.log
2026-02-04 12:07:12,858 - INFO - === Conditional Builder Debug Session Started ===
2026-02-04 12:07:12,858 - INFO - === Conditional Builder Debug Session Started ===
2026-02-04 12:07:12,858 - INFO - Log file: conditional_builder_debug_20260204_120712.log
2026-02-04 12:07:12,858 - INFO - Log file: conditional_builder_debug_20260204_120712.log
2026-02-04 12:07:13,064 - INFO - --- Created ALWAYS-VISIBLE conditional builder for Agent1 ---
2026-02-04 12:07:13,064 - INFO - --- Created ALWAYS-VISIBLE conditional builder for Agent1 ---
2026-02-04 12:07:13,064 - INFO -   Frame object id: 1819441252720
2026-02-04 12:07:13,064 - INFO -   Frame object id: 1819441252720
2026-02-04 12:07:13,064 - INFO -   Packed and always visible
2026-02-04 12:07:13,064 - INFO -   Packed and always visible
2026-02-04 12:07:13,072 - INFO -   Initialized with 0 condition rows and 1 assignment row
2026-02-04 12:07:13,072 - INFO -   Initialized with 0 condition rows and 1 assignment row
2026-02-04 12:07:13,086 - INFO - --- Created ALWAYS-VISIBLE conditional builder for Agent2 ---
2026-02-04 12:07:13,086 - INFO - --- Created ALWAYS-VISIBLE conditional builder for Agent2 ---
2026-02-04 12:07:13,086 - INFO -   Frame object id: 1819441284240
2026-02-04 12:07:13,086 - INFO -   Frame object id: 1819441284240
2026-02-04 12:07:13,086 - INFO -   Packed and always visible
2026-02-04 12:07:13,086 - INFO -   Packed and always visible
2026-02-04 12:07:13,088 - INFO -   Initialized with 0 condition rows and 1 assignment row
2026-02-04 12:07:13,088 - INFO -   Initialized with 0 condition rows and 1 assignment row
