2026-01-30 12:53:46,853 - INFO - === Conditional Builder Debug Session Started ===
2026-01-30 12:53:46,854 - INFO - Log file: conditional_builder_debug_20260130_125346.log
2026-01-30 12:53:46,860 - INFO - === Conditional Builder Debug Session Started ===
2026-01-30 12:53:46,860 - INFO - === Conditional Builder Debug Session Started ===
2026-01-30 12:53:46,860 - INFO - Log file: conditional_builder_debug_20260130_125346.log
2026-01-30 12:53:46,860 - INFO - Log file: conditional_builder_debug_20260130_125346.log
2026-01-30 12:53:47,071 - INFO - --- Created ALWAYS-VISIBLE conditional builder for Agent1 ---
2026-01-30 12:53:47,071 - INFO - --- Created ALWAYS-VISIBLE conditional builder for Agent1 ---
2026-01-30 12:53:47,071 - INFO -   Frame object id: 1663324010096
2026-01-30 12:53:47,071 - INFO -   Frame object id: 1663324010096
2026-01-30 12:53:47,071 - INFO -   Packed and always visible
2026-01-30 12:53:47,071 - INFO -   Packed and always visible
2026-01-30 12:53:47,079 - INFO -   Initialized with 0 condition rows and 1 assignment row
2026-01-30 12:53:47,079 - INFO -   Initialized with 0 condition rows and 1 assignment row
2026-01-30 12:53:47,091 - INFO - --- Created ALWAYS-VISIBLE conditional builder for Agent2 ---
2026-01-30 12:53:47,091 - INFO - --- Created ALWAYS-VISIBLE conditional builder for Agent2 ---
2026-01-30 12:53:47,091 - INFO -   Frame object id: 1663324045712
2026-01-30 12:53:47,091 - INFO -   Frame object id: 1663324045712
2026-01-30 12:53:47,091 - INFO -   Packed and always visible
2026-01-30 12:53:47,091 - INFO -   Packed and always visible
2026-01-30 12:53:47,094 - INFO -   Initialized with 0 condition rows and 1 assignment row
2026-01-30 12:53:47,094 - INFO -   Initialized with 0 condition rows and 1 assignment row
