2026-02-02 15:55:13,218 - INFO - === Conditional Builder Debug Session Started ===
2026-02-02 15:55:13,218 - INFO - Log file: conditional_builder_debug_20260202_155513.log
2026-02-02 15:55:13,223 - INFO - === Conditional Builder Debug Session Started ===
2026-02-02 15:55:13,223 - INFO - === Conditional Builder Debug Session Started ===
2026-02-02 15:55:13,223 - INFO - Log file: conditional_builder_debug_20260202_155513.log
2026-02-02 15:55:13,223 - INFO - Log file: conditional_builder_debug_20260202_155513.log
2026-02-02 15:55:13,443 - INFO - --- Created ALWAYS-VISIBLE conditional builder for Agent1 ---
2026-02-02 15:55:13,443 - INFO - --- Created ALWAYS-VISIBLE conditional builder for Agent1 ---
2026-02-02 15:55:13,443 - INFO -   Frame object id: 1670309295824
2026-02-02 15:55:13,443 - INFO -   Frame object id: 1670309295824
2026-02-02 15:55:13,443 - INFO -   Packed and always visible
2026-02-02 15:55:13,443 - INFO -   Packed and always visible
2026-02-02 15:55:13,451 - INFO -   Initialized with 0 condition rows and 1 assignment row
2026-02-02 15:55:13,451 - INFO -   Initialized with 0 condition rows and 1 assignment row
2026-02-02 15:55:13,462 - INFO - --- Created ALWAYS-VISIBLE conditional builder for Agent2 ---
2026-02-02 15:55:13,462 - INFO - --- Created ALWAYS-VISIBLE conditional builder for Agent2 ---
2026-02-02 15:55:13,462 - INFO -   Frame object id: 1670309264304
2026-02-02 15:55:13,462 - INFO -   Frame object id: 1670309264304
2026-02-02 15:55:13,462 - INFO -   Packed and always visible
2026-02-02 15:55:13,462 - INFO -   Packed and always visible
2026-02-02 15:55:13,465 - INFO -   Initialized with 0 condition rows and 1 assignment row
2026-02-02 15:55:13,465 - INFO -   Initialized with 0 condition rows and 1 assignment row
