2026-02-02 13:42:11,507 - INFO - === Conditional Builder Debug Session Started ===
2026-02-02 13:42:11,507 - INFO - Log file: conditional_builder_debug_20260202_134211.log
2026-02-02 13:42:11,513 - INFO - === Conditional Builder Debug Session Started ===
2026-02-02 13:42:11,513 - INFO - === Conditional Builder Debug Session Started ===
2026-02-02 13:42:11,513 - INFO - Log file: conditional_builder_debug_20260202_134211.log
2026-02-02 13:42:11,513 - INFO - Log file: conditional_builder_debug_20260202_134211.log
2026-02-02 13:42:11,743 - INFO - --- Created ALWAYS-VISIBLE conditional builder for Agent1 ---
2026-02-02 13:42:11,743 - INFO - --- Created ALWAYS-VISIBLE conditional builder for Agent1 ---
2026-02-02 13:42:11,744 - INFO -   Frame object id: 2255913764704
2026-02-02 13:42:11,744 - INFO -   Frame object id: 2255913764704
2026-02-02 13:42:11,744 - INFO -   Packed and always visible
2026-02-02 13:42:11,744 - INFO -   Packed and always visible
2026-02-02 13:42:11,754 - INFO -   Initialized with 0 condition rows and 1 assignment row
2026-02-02 13:42:11,754 - INFO -   Initialized with 0 condition rows and 1 assignment row
2026-02-02 13:42:11,769 - INFO - --- Created ALWAYS-VISIBLE conditional builder for Agent2 ---
2026-02-02 13:42:11,769 - INFO - --- Created ALWAYS-VISIBLE conditional builder for Agent2 ---
2026-02-02 13:42:11,769 - INFO -   Frame object id: 2255913800320
2026-02-02 13:42:11,769 - INFO -   Frame object id: 2255913800320
2026-02-02 13:42:11,769 - INFO -   Packed and always visible
2026-02-02 13:42:11,769 - INFO -   Packed and always visible
2026-02-02 13:42:11,774 - INFO -   Initialized with 0 condition rows and 1 assignment row
2026-02-02 13:42:11,774 - INFO -   Initialized with 0 condition rows and 1 assignment row
