2026-02-04 11:20:09,934 - INFO - === Conditional Builder Debug Session Started ===
2026-02-04 11:20:09,934 - INFO - Log file: conditional_builder_debug_20260204_112009.log
2026-02-04 11:20:09,939 - INFO - === Conditional Builder Debug Session Started ===
2026-02-04 11:20:09,939 - INFO - === Conditional Builder Debug Session Started ===
2026-02-04 11:20:09,940 - INFO - Log file: conditional_builder_debug_20260204_112009.log
2026-02-04 11:20:09,940 - INFO - Log file: conditional_builder_debug_20260204_112009.log
2026-02-04 11:20:10,139 - INFO - --- Created ALWAYS-VISIBLE conditional builder for Agent1 ---
2026-02-04 11:20:10,139 - INFO - --- Created ALWAYS-VISIBLE conditional builder for Agent1 ---
2026-02-04 11:20:10,140 - INFO -   Frame object id: 1495222999360
2026-02-04 11:20:10,140 - INFO -   Frame object id: 1495222999360
2026-02-04 11:20:10,140 - INFO -   Packed and always visible
2026-02-04 11:20:10,140 - INFO -   Packed and always visible
2026-02-04 11:20:10,148 - INFO -   Initialized with 0 condition rows and 1 assignment row
2026-02-04 11:20:10,148 - INFO -   Initialized with 0 condition rows and 1 assignment row
2026-02-04 11:20:10,160 - INFO - --- Created ALWAYS-VISIBLE conditional builder for Agent2 ---
2026-02-04 11:20:10,160 - INFO - --- Created ALWAYS-VISIBLE conditional builder for Agent2 ---
2026-02-04 11:20:10,160 - INFO -   Frame object id: 1495223026784
2026-02-04 11:20:10,160 - INFO -   Frame object id: 1495223026784
2026-02-04 11:20:10,160 - INFO -   Packed and always visible
2026-02-04 11:20:10,160 - INFO -   Packed and always visible
2026-02-04 11:20:10,163 - INFO -   Initialized with 0 condition rows and 1 assignment row
2026-02-04 11:20:10,163 - INFO -   Initialized with 0 condition rows and 1 assignment row
