2026-02-03 14:44:28,046 - INFO - === Conditional Builder Debug Session Started ===
2026-02-03 14:44:28,046 - INFO - Log file: conditional_builder_debug_20260203_144428.log
2026-02-03 14:44:28,052 - INFO - === Conditional Builder Debug Session Started ===
2026-02-03 14:44:28,052 - INFO - === Conditional Builder Debug Session Started ===
2026-02-03 14:44:28,052 - INFO - Log file: conditional_builder_debug_20260203_144428.log
2026-02-03 14:44:28,052 - INFO - Log file: conditional_builder_debug_20260203_144428.log
2026-02-03 14:44:28,280 - INFO - --- Created ALWAYS-VISIBLE conditional builder for Agent1 ---
2026-02-03 14:44:28,280 - INFO - --- Created ALWAYS-VISIBLE conditional builder for Agent1 ---
2026-02-03 14:44:28,370 - INFO -   Frame object id: 2493916186224
2026-02-03 14:44:28,370 - INFO -   Frame object id: 2493916186224
2026-02-03 14:44:28,370 - INFO -   Packed and always visible
2026-02-03 14:44:28,370 - INFO -   Packed and always visible
2026-02-03 14:44:28,379 - INFO -   Initialized with 0 condition rows and 1 assignment row
2026-02-03 14:44:28,379 - INFO -   Initialized with 0 condition rows and 1 assignment row
2026-02-03 14:44:28,390 - INFO - --- Created ALWAYS-VISIBLE conditional builder for Agent2 ---
2026-02-03 14:44:28,390 - INFO - --- Created ALWAYS-VISIBLE conditional builder for Agent2 ---
2026-02-03 14:44:28,390 - INFO -   Frame object id: 2493916153024
2026-02-03 14:44:28,390 - INFO -   Frame object id: 2493916153024
2026-02-03 14:44:28,390 - INFO -   Packed and always visible
2026-02-03 14:44:28,390 - INFO -   Packed and always visible
2026-02-03 14:44:28,392 - INFO -   Initialized with 0 condition rows and 1 assignment row
2026-02-03 14:44:28,392 - INFO -   Initialized with 0 condition rows and 1 assignment row
