2026-01-30 13:02:20,206 - INFO - === Conditional Builder Debug Session Started ===
2026-01-30 13:02:20,206 - INFO - Log file: conditional_builder_debug_20260130_130220.log
2026-01-30 13:02:20,212 - INFO - === Conditional Builder Debug Session Started ===
2026-01-30 13:02:20,212 - INFO - === Conditional Builder Debug Session Started ===
2026-01-30 13:02:20,212 - INFO - Log file: conditional_builder_debug_20260130_130220.log
2026-01-30 13:02:20,212 - INFO - Log file: conditional_builder_debug_20260130_130220.log
2026-01-30 13:02:20,417 - INFO - --- Created ALWAYS-VISIBLE conditional builder for Agent1 ---
2026-01-30 13:02:20,417 - INFO - --- Created ALWAYS-VISIBLE conditional builder for Agent1 ---
2026-01-30 13:02:20,417 - INFO -   Frame object id: 2501811648160
2026-01-30 13:02:20,417 - INFO -   Frame object id: 2501811648160
2026-01-30 13:02:20,417 - INFO -   Packed and always visible
2026-01-30 13:02:20,417 - INFO -   Packed and always visible
2026-01-30 13:02:20,425 - INFO -   Initialized with 0 condition rows and 1 assignment row
2026-01-30 13:02:20,425 - INFO -   Initialized with 0 condition rows and 1 assignment row
2026-01-30 13:02:20,436 - INFO - --- Created ALWAYS-VISIBLE conditional builder for Agent2 ---
2026-01-30 13:02:20,436 - INFO - --- Created ALWAYS-VISIBLE conditional builder for Agent2 ---
2026-01-30 13:02:20,436 - INFO -   Frame object id: 2501811683776
2026-01-30 13:02:20,436 - INFO -   Frame object id: 2501811683776
2026-01-30 13:02:20,436 - INFO -   Packed and always visible
2026-01-30 13:02:20,436 - INFO -   Packed and always visible
2026-01-30 13:02:20,439 - INFO -   Initialized with 0 condition rows and 1 assignment row
2026-01-30 13:02:20,439 - INFO -   Initialized with 0 condition rows and 1 assignment row
