2026-02-02 11:32:05,744 - INFO - === Conditional Builder Debug Session Started ===
2026-02-02 11:32:05,744 - INFO - Log file: conditional_builder_debug_20260202_113205.log
2026-02-02 11:32:05,751 - INFO - === Conditional Builder Debug Session Started ===
2026-02-02 11:32:05,751 - INFO - === Conditional Builder Debug Session Started ===
2026-02-02 11:32:05,751 - INFO - Log file: conditional_builder_debug_20260202_113205.log
2026-02-02 11:32:05,751 - INFO - Log file: conditional_builder_debug_20260202_113205.log
2026-02-02 11:32:05,978 - INFO - --- Created ALWAYS-VISIBLE conditional builder for Agent1 ---
2026-02-02 11:32:05,978 - INFO - --- Created ALWAYS-VISIBLE conditional builder for Agent1 ---
2026-02-02 11:32:05,978 - INFO -   Frame object id: 2660348737280
2026-02-02 11:32:05,978 - INFO -   Frame object id: 2660348737280
2026-02-02 11:32:05,978 - INFO -   Packed and always visible
2026-02-02 11:32:05,978 - INFO -   Packed and always visible
2026-02-02 11:32:05,985 - INFO -   Initialized with 0 condition rows and 1 assignment row
2026-02-02 11:32:05,985 - INFO -   Initialized with 0 condition rows and 1 assignment row
2026-02-02 11:32:05,997 - INFO - --- Created ALWAYS-VISIBLE conditional builder for Agent2 ---
2026-02-02 11:32:05,997 - INFO - --- Created ALWAYS-VISIBLE conditional builder for Agent2 ---
2026-02-02 11:32:05,998 - INFO -   Frame object id: 2660348768800
2026-02-02 11:32:05,998 - INFO -   Frame object id: 2660348768800
2026-02-02 11:32:05,998 - INFO -   Packed and always visible
2026-02-02 11:32:05,998 - INFO -   Packed and always visible
2026-02-02 11:32:06,000 - INFO -   Initialized with 0 condition rows and 1 assignment row
2026-02-02 11:32:06,000 - INFO -   Initialized with 0 condition rows and 1 assignment row
