2026-02-04 11:28:23,332 - INFO - === Conditional Builder Debug Session Started ===
2026-02-04 11:28:23,332 - INFO - Log file: conditional_builder_debug_20260204_112823.log
2026-02-04 11:28:23,337 - INFO - === Conditional Builder Debug Session Started ===
2026-02-04 11:28:23,337 - INFO - === Conditional Builder Debug Session Started ===
2026-02-04 11:28:23,337 - INFO - Log file: conditional_builder_debug_20260204_112823.log
2026-02-04 11:28:23,337 - INFO - Log file: conditional_builder_debug_20260204_112823.log
2026-02-04 11:28:23,543 - INFO - --- Created ALWAYS-VISIBLE conditional builder for Agent1 ---
2026-02-04 11:28:23,543 - INFO - --- Created ALWAYS-VISIBLE conditional builder for Agent1 ---
2026-02-04 11:28:23,543 - INFO -   Frame object id: 2458000972096
2026-02-04 11:28:23,543 - INFO -   Frame object id: 2458000972096
2026-02-04 11:28:23,543 - INFO -   Packed and always visible
2026-02-04 11:28:23,543 - INFO -   Packed and always visible
2026-02-04 11:28:23,552 - INFO -   Initialized with 0 condition rows and 1 assignment row
2026-02-04 11:28:23,552 - INFO -   Initialized with 0 condition rows and 1 assignment row
2026-02-04 11:28:23,563 - INFO - --- Created ALWAYS-VISIBLE conditional builder for Agent2 ---
2026-02-04 11:28:23,563 - INFO - --- Created ALWAYS-VISIBLE conditional builder for Agent2 ---
2026-02-04 11:28:23,564 - INFO -   Frame object id: 2458000999520
2026-02-04 11:28:23,564 - INFO -   Frame object id: 2458000999520
2026-02-04 11:28:23,564 - INFO -   Packed and always visible
2026-02-04 11:28:23,564 - INFO -   Packed and always visible
2026-02-04 11:28:23,567 - INFO -   Initialized with 0 condition rows and 1 assignment row
2026-02-04 11:28:23,567 - INFO -   Initialized with 0 condition rows and 1 assignment row
