2026-02-04 12:48:58,789 - INFO - === Conditional Builder Debug Session Started ===
2026-02-04 12:48:58,789 - INFO - Log file: conditional_builder_debug_20260204_124858.log
2026-02-04 12:48:58,794 - INFO - === Conditional Builder Debug Session Started ===
2026-02-04 12:48:58,794 - INFO - === Conditional Builder Debug Session Started ===
2026-02-04 12:48:58,794 - INFO - Log file: conditional_builder_debug_20260204_124858.log
2026-02-04 12:48:58,794 - INFO - Log file: conditional_builder_debug_20260204_124858.log
2026-02-04 12:48:59,006 - INFO - --- Created ALWAYS-VISIBLE conditional builder for Agent1 ---
2026-02-04 12:48:59,006 - INFO - --- Created ALWAYS-VISIBLE conditional builder for Agent1 ---
2026-02-04 12:48:59,006 - INFO -   Frame object id: 2158309300592
2026-02-04 12:48:59,006 - INFO -   Frame object id: 2158309300592
2026-02-04 12:48:59,006 - INFO -   Packed and always visible
2026-02-04 12:48:59,006 - INFO -   Packed and always visible
2026-02-04 12:48:59,015 - INFO -   Initialized with 0 condition rows and 1 assignment row
2026-02-04 12:48:59,015 - INFO -   Initialized with 0 condition rows and 1 assignment row
2026-02-04 12:48:59,027 - INFO - --- Created ALWAYS-VISIBLE conditional builder for Agent2 ---
2026-02-04 12:48:59,027 - INFO - --- Created ALWAYS-VISIBLE conditional builder for Agent2 ---
2026-02-04 12:48:59,027 - INFO -   Frame object id: 2158309332112
2026-02-04 12:48:59,027 - INFO -   Frame object id: 2158309332112
2026-02-04 12:48:59,027 - INFO -   Packed and always visible
2026-02-04 12:48:59,027 - INFO -   Packed and always visible
2026-02-04 12:48:59,029 - INFO -   Initialized with 0 condition rows and 1 assignment row
2026-02-04 12:48:59,029 - INFO -   Initialized with 0 condition rows and 1 assignment row
