2026-02-03 12:49:04,657 - INFO - === Conditional Builder Debug Session Started ===
2026-02-03 12:49:04,657 - INFO - Log file: conditional_builder_debug_20260203_124904.log
2026-02-03 12:49:04,663 - INFO - === Conditional Builder Debug Session Started ===
2026-02-03 12:49:04,663 - INFO - === Conditional Builder Debug Session Started ===
2026-02-03 12:49:04,663 - INFO - Log file: conditional_builder_debug_20260203_124904.log
2026-02-03 12:49:04,663 - INFO - Log file: conditional_builder_debug_20260203_124904.log
2026-02-03 12:49:04,887 - INFO - --- Created ALWAYS-VISIBLE conditional builder for Agent1 ---
2026-02-03 12:49:04,887 - INFO - --- Created ALWAYS-VISIBLE conditional builder for Agent1 ---
2026-02-03 12:49:04,887 - INFO -   Frame object id: 2443961297072
2026-02-03 12:49:04,887 - INFO -   Frame object id: 2443961297072
2026-02-03 12:49:04,887 - INFO -   Packed and always visible
2026-02-03 12:49:04,887 - INFO -   Packed and always visible
2026-02-03 12:49:04,895 - INFO -   Initialized with 0 condition rows and 1 assignment row
2026-02-03 12:49:04,895 - INFO -   Initialized with 0 condition rows and 1 assignment row
2026-02-03 12:49:04,907 - INFO - --- Created ALWAYS-VISIBLE conditional builder for Agent2 ---
2026-02-03 12:49:04,907 - INFO - --- Created ALWAYS-VISIBLE conditional builder for Agent2 ---
2026-02-03 12:49:04,908 - INFO -   Frame object id: 2443961336784
2026-02-03 12:49:04,908 - INFO -   Frame object id: 2443961336784
2026-02-03 12:49:04,908 - INFO -   Packed and always visible
2026-02-03 12:49:04,908 - INFO -   Packed and always visible
2026-02-03 12:49:04,910 - INFO -   Initialized with 0 condition rows and 1 assignment row
2026-02-03 12:49:04,910 - INFO -   Initialized with 0 condition rows and 1 assignment row
