2026-02-04 12:06:17,370 - INFO - === Conditional Builder Debug Session Started ===
2026-02-04 12:06:17,370 - INFO - Log file: conditional_builder_debug_20260204_120617.log
2026-02-04 12:06:17,375 - INFO - === Conditional Builder Debug Session Started ===
2026-02-04 12:06:17,375 - INFO - === Conditional Builder Debug Session Started ===
2026-02-04 12:06:17,375 - INFO - Log file: conditional_builder_debug_20260204_120617.log
2026-02-04 12:06:17,375 - INFO - Log file: conditional_builder_debug_20260204_120617.log
2026-02-04 12:06:17,588 - INFO - --- Created ALWAYS-VISIBLE conditional builder for Agent1 ---
2026-02-04 12:06:17,588 - INFO - --- Created ALWAYS-VISIBLE conditional builder for Agent1 ---
2026-02-04 12:06:17,588 - INFO -   Frame object id: 2925605529008
2026-02-04 12:06:17,588 - INFO -   Frame object id: 2925605529008
2026-02-04 12:06:17,588 - INFO -   Packed and always visible
2026-02-04 12:06:17,588 - INFO -   Packed and always visible
2026-02-04 12:06:17,598 - INFO -   Initialized with 0 condition rows and 1 assignment row
2026-02-04 12:06:17,598 - INFO -   Initialized with 0 condition rows and 1 assignment row
2026-02-04 12:06:17,621 - INFO - --- Created ALWAYS-VISIBLE conditional builder for Agent2 ---
2026-02-04 12:06:17,621 - INFO - --- Created ALWAYS-VISIBLE conditional builder for Agent2 ---
2026-02-04 12:06:17,621 - INFO -   Frame object id: 2925605500288
2026-02-04 12:06:17,621 - INFO -   Frame object id: 2925605500288
2026-02-04 12:06:17,622 - INFO -   Packed and always visible
2026-02-04 12:06:17,622 - INFO -   Packed and always visible
2026-02-04 12:06:17,627 - INFO -   Initialized with 0 condition rows and 1 assignment row
2026-02-04 12:06:17,627 - INFO -   Initialized with 0 condition rows and 1 assignment row
