2026-02-03 11:17:03,612 - INFO - === Conditional Builder Debug Session Started ===
2026-02-03 11:17:03,612 - INFO - Log file: conditional_builder_debug_20260203_111703.log
2026-02-03 11:17:03,617 - INFO - === Conditional Builder Debug Session Started ===
2026-02-03 11:17:03,617 - INFO - === Conditional Builder Debug Session Started ===
2026-02-03 11:17:03,617 - INFO - Log file: conditional_builder_debug_20260203_111703.log
2026-02-03 11:17:03,617 - INFO - Log file: conditional_builder_debug_20260203_111703.log
2026-02-03 11:17:03,813 - INFO - --- Created ALWAYS-VISIBLE conditional builder for Agent1 ---
2026-02-03 11:17:03,813 - INFO - --- Created ALWAYS-VISIBLE conditional builder for Agent1 ---
2026-02-03 11:17:03,814 - INFO -   Frame object id: 2345442261120
2026-02-03 11:17:03,814 - INFO -   Frame object id: 2345442261120
2026-02-03 11:17:03,814 - INFO -   Packed and always visible
2026-02-03 11:17:03,814 - INFO -   Packed and always visible
2026-02-03 11:17:03,821 - INFO -   Initialized with 0 condition rows and 1 assignment row
2026-02-03 11:17:03,821 - INFO -   Initialized with 0 condition rows and 1 assignment row
2026-02-03 11:17:03,832 - INFO - --- Created ALWAYS-VISIBLE conditional builder for Agent2 ---
2026-02-03 11:17:03,832 - INFO - --- Created ALWAYS-VISIBLE conditional builder for Agent2 ---
2026-02-03 11:17:03,832 - INFO -   Frame object id: 2345442296736
2026-02-03 11:17:03,832 - INFO -   Frame object id: 2345442296736
2026-02-03 11:17:03,832 - INFO -   Packed and always visible
2026-02-03 11:17:03,832 - INFO -   Packed and always visible
2026-02-03 11:17:03,835 - INFO -   Initialized with 0 condition rows and 1 assignment row
2026-02-03 11:17:03,835 - INFO -   Initialized with 0 condition rows and 1 assignment row
