2026-02-02 11:57:08,153 - INFO - === Conditional Builder Debug Session Started ===
2026-02-02 11:57:08,153 - INFO - Log file: conditional_builder_debug_20260202_115708.log
2026-02-02 11:57:08,158 - INFO - === Conditional Builder Debug Session Started ===
2026-02-02 11:57:08,158 - INFO - === Conditional Builder Debug Session Started ===
2026-02-02 11:57:08,158 - INFO - Log file: conditional_builder_debug_20260202_115708.log
2026-02-02 11:57:08,158 - INFO - Log file: conditional_builder_debug_20260202_115708.log
2026-02-02 11:57:08,408 - INFO - --- Created ALWAYS-VISIBLE conditional builder for Agent1 ---
2026-02-02 11:57:08,408 - INFO - --- Created ALWAYS-VISIBLE conditional builder for Agent1 ---
2026-02-02 11:57:08,409 - INFO -   Frame object id: 1709715367920
2026-02-02 11:57:08,409 - INFO -   Frame object id: 1709715367920
2026-02-02 11:57:08,409 - INFO -   Packed and always visible
2026-02-02 11:57:08,409 - INFO -   Packed and always visible
2026-02-02 11:57:08,418 - INFO -   Initialized with 0 condition rows and 1 assignment row
2026-02-02 11:57:08,418 - INFO -   Initialized with 0 condition rows and 1 assignment row
2026-02-02 11:57:08,435 - INFO - --- Created ALWAYS-VISIBLE conditional builder for Agent2 ---
2026-02-02 11:57:08,435 - INFO - --- Created ALWAYS-VISIBLE conditional builder for Agent2 ---
2026-02-02 11:57:08,435 - INFO -   Frame object id: 1709715395344
2026-02-02 11:57:08,435 - INFO -   Frame object id: 1709715395344
2026-02-02 11:57:08,435 - INFO -   Packed and always visible
2026-02-02 11:57:08,435 - INFO -   Packed and always visible
2026-02-02 11:57:08,437 - INFO -   Initialized with 0 condition rows and 1 assignment row
2026-02-02 11:57:08,437 - INFO -   Initialized with 0 condition rows and 1 assignment row
