2026-02-04 12:17:17,950 - INFO - === Conditional Builder Debug Session Started ===
2026-02-04 12:17:17,950 - INFO - Log file: conditional_builder_debug_20260204_121717.log
2026-02-04 12:17:17,956 - INFO - === Conditional Builder Debug Session Started ===
2026-02-04 12:17:17,956 - INFO - === Conditional Builder Debug Session Started ===
2026-02-04 12:17:17,956 - INFO - Log file: conditional_builder_debug_20260204_121717.log
2026-02-04 12:17:17,956 - INFO - Log file: conditional_builder_debug_20260204_121717.log
2026-02-04 12:17:18,171 - INFO - --- Created ALWAYS-VISIBLE conditional builder for Agent1 ---
2026-02-04 12:17:18,171 - INFO - --- Created ALWAYS-VISIBLE conditional builder for Agent1 ---
2026-02-04 12:17:18,172 - INFO -   Frame object id: 2572390938080
2026-02-04 12:17:18,172 - INFO -   Frame object id: 2572390938080
2026-02-04 12:17:18,172 - INFO -   Packed and always visible
2026-02-04 12:17:18,172 - INFO -   Packed and always visible
2026-02-04 12:17:18,179 - INFO -   Initialized with 0 condition rows and 1 assignment row
2026-02-04 12:17:18,179 - INFO -   Initialized with 0 condition rows and 1 assignment row
2026-02-04 12:17:18,193 - INFO - --- Created ALWAYS-VISIBLE conditional builder for Agent2 ---
2026-02-04 12:17:18,193 - INFO - --- Created ALWAYS-VISIBLE conditional builder for Agent2 ---
2026-02-04 12:17:18,193 - INFO -   Frame object id: 2572390909264
2026-02-04 12:17:18,193 - INFO -   Frame object id: 2572390909264
2026-02-04 12:17:18,193 - INFO -   Packed and always visible
2026-02-04 12:17:18,193 - INFO -   Packed and always visible
2026-02-04 12:17:18,196 - INFO -   Initialized with 0 condition rows and 1 assignment row
2026-02-04 12:17:18,196 - INFO -   Initialized with 0 condition rows and 1 assignment row
