2026-01-30 11:09:50,343 - INFO - === Conditional Builder Debug Session Started ===
2026-01-30 11:09:50,343 - INFO - Log file: conditional_builder_debug_20260130_110950.log
2026-01-30 11:09:50,348 - INFO - === Conditional Builder Debug Session Started ===
2026-01-30 11:09:50,348 - INFO - === Conditional Builder Debug Session Started ===
2026-01-30 11:09:50,348 - INFO - Log file: conditional_builder_debug_20260130_110950.log
2026-01-30 11:09:50,348 - INFO - Log file: conditional_builder_debug_20260130_110950.log
2026-01-30 11:09:50,463 - INFO - --- Created ALWAYS-VISIBLE conditional builder for Agent1 ---
2026-01-30 11:09:50,463 - INFO - --- Created ALWAYS-VISIBLE conditional builder for Agent1 ---
2026-01-30 11:09:50,464 - INFO -   Frame object id: 1874477056256
2026-01-30 11:09:50,464 - INFO -   Frame object id: 1874477056256
2026-01-30 11:09:50,464 - INFO -   Packed and always visible
2026-01-30 11:09:50,464 - INFO -   Packed and always visible
2026-01-30 11:09:50,471 - INFO -   Initialized with 0 condition rows and 1 assignment row
2026-01-30 11:09:50,471 - INFO -   Initialized with 0 condition rows and 1 assignment row
2026-01-30 11:09:50,567 - INFO - --- Created ALWAYS-VISIBLE conditional builder for Agent2 ---
2026-01-30 11:09:50,567 - INFO - --- Created ALWAYS-VISIBLE conditional builder for Agent2 ---
2026-01-30 11:09:50,567 - INFO -   Frame object id: 1874477059088
2026-01-30 11:09:50,567 - INFO -   Frame object id: 1874477059088
2026-01-30 11:09:50,567 - INFO -   Packed and always visible
2026-01-30 11:09:50,567 - INFO -   Packed and always visible
2026-01-30 11:09:50,570 - INFO -   Initialized with 0 condition rows and 1 assignment row
2026-01-30 11:09:50,570 - INFO -   Initialized with 0 condition rows and 1 assignment row
