2026-01-30 11:37:51,902 - INFO - === Conditional Builder Debug Session Started ===
2026-01-30 11:37:51,902 - INFO - Log file: conditional_builder_debug_20260130_113751.log
2026-01-30 11:37:51,907 - INFO - === Conditional Builder Debug Session Started ===
2026-01-30 11:37:51,907 - INFO - === Conditional Builder Debug Session Started ===
2026-01-30 11:37:51,907 - INFO - Log file: conditional_builder_debug_20260130_113751.log
2026-01-30 11:37:51,907 - INFO - Log file: conditional_builder_debug_20260130_113751.log
2026-01-30 11:37:52,019 - INFO - --- Created ALWAYS-VISIBLE conditional builder for Agent1 ---
2026-01-30 11:37:52,019 - INFO - --- Created ALWAYS-VISIBLE conditional builder for Agent1 ---
2026-01-30 11:37:52,020 - INFO -   Frame object id: 1853446689024
2026-01-30 11:37:52,020 - INFO -   Frame object id: 1853446689024
2026-01-30 11:37:52,020 - INFO -   Packed and always visible
2026-01-30 11:37:52,020 - INFO -   Packed and always visible
2026-01-30 11:37:52,028 - INFO -   Initialized with 0 condition rows and 1 assignment row
2026-01-30 11:37:52,028 - INFO -   Initialized with 0 condition rows and 1 assignment row
2026-01-30 11:37:52,129 - INFO - --- Created ALWAYS-VISIBLE conditional builder for Agent2 ---
2026-01-30 11:37:52,129 - INFO - --- Created ALWAYS-VISIBLE conditional builder for Agent2 ---
2026-01-30 11:37:52,129 - INFO -   Frame object id: 1853446691856
2026-01-30 11:37:52,129 - INFO -   Frame object id: 1853446691856
2026-01-30 11:37:52,129 - INFO -   Packed and always visible
2026-01-30 11:37:52,129 - INFO -   Packed and always visible
2026-01-30 11:37:52,133 - INFO -   Initialized with 0 condition rows and 1 assignment row
2026-01-30 11:37:52,133 - INFO -   Initialized with 0 condition rows and 1 assignment row
