2026-02-03 11:27:09,153 - INFO - === Conditional Builder Debug Session Started ===
2026-02-03 11:27:09,153 - INFO - Log file: conditional_builder_debug_20260203_112709.log
2026-02-03 11:27:09,158 - INFO - === Conditional Builder Debug Session Started ===
2026-02-03 11:27:09,158 - INFO - === Conditional Builder Debug Session Started ===
2026-02-03 11:27:09,158 - INFO - Log file: conditional_builder_debug_20260203_112709.log
2026-02-03 11:27:09,158 - INFO - Log file: conditional_builder_debug_20260203_112709.log
2026-02-03 11:27:09,366 - INFO - --- Created ALWAYS-VISIBLE conditional builder for Agent1 ---
2026-02-03 11:27:09,366 - INFO - --- Created ALWAYS-VISIBLE conditional builder for Agent1 ---
2026-02-03 11:27:09,367 - INFO -   Frame object id: 1444034754496
2026-02-03 11:27:09,367 - INFO -   Frame object id: 1444034754496
2026-02-03 11:27:09,367 - INFO -   Packed and always visible
2026-02-03 11:27:09,367 - INFO -   Packed and always visible
2026-02-03 11:27:09,374 - INFO -   Initialized with 0 condition rows and 1 assignment row
2026-02-03 11:27:09,374 - INFO -   Initialized with 0 condition rows and 1 assignment row
2026-02-03 11:27:09,388 - INFO - --- Created ALWAYS-VISIBLE conditional builder for Agent2 ---
2026-02-03 11:27:09,388 - INFO - --- Created ALWAYS-VISIBLE conditional builder for Agent2 ---
2026-02-03 11:27:09,388 - INFO -   Frame object id: 1444034650704
2026-02-03 11:27:09,388 - INFO -   Frame object id: 1444034650704
2026-02-03 11:27:09,388 - INFO -   Packed and always visible
2026-02-03 11:27:09,388 - INFO -   Packed and always visible
2026-02-03 11:27:09,391 - INFO -   Initialized with 0 condition rows and 1 assignment row
2026-02-03 11:27:09,391 - INFO -   Initialized with 0 condition rows and 1 assignment row
