2026-02-03 13:44:00,725 - INFO - === Conditional Builder Debug Session Started ===
2026-02-03 13:44:00,725 - INFO - Log file: conditional_builder_debug_20260203_134400.log
2026-02-03 13:44:00,731 - INFO - === Conditional Builder Debug Session Started ===
2026-02-03 13:44:00,731 - INFO - === Conditional Builder Debug Session Started ===
2026-02-03 13:44:00,731 - INFO - Log file: conditional_builder_debug_20260203_134400.log
2026-02-03 13:44:00,731 - INFO - Log file: conditional_builder_debug_20260203_134400.log
2026-02-03 13:44:00,957 - INFO - --- Created ALWAYS-VISIBLE conditional builder for Agent1 ---
2026-02-03 13:44:00,957 - INFO - --- Created ALWAYS-VISIBLE conditional builder for Agent1 ---
2026-02-03 13:44:00,957 - INFO -   Frame object id: 1679304723184
2026-02-03 13:44:00,957 - INFO -   Frame object id: 1679304723184
2026-02-03 13:44:00,957 - INFO -   Packed and always visible
2026-02-03 13:44:00,957 - INFO -   Packed and always visible
2026-02-03 13:44:00,966 - INFO -   Initialized with 0 condition rows and 1 assignment row
2026-02-03 13:44:00,966 - INFO -   Initialized with 0 condition rows and 1 assignment row
2026-02-03 13:44:00,978 - INFO - --- Created ALWAYS-VISIBLE conditional builder for Agent2 ---
2026-02-03 13:44:00,978 - INFO - --- Created ALWAYS-VISIBLE conditional builder for Agent2 ---
2026-02-03 13:44:00,978 - INFO -   Frame object id: 1679302910640
2026-02-03 13:44:00,978 - INFO -   Frame object id: 1679302910640
2026-02-03 13:44:00,978 - INFO -   Packed and always visible
2026-02-03 13:44:00,978 - INFO -   Packed and always visible
2026-02-03 13:44:00,980 - INFO -   Initialized with 0 condition rows and 1 assignment row
2026-02-03 13:44:00,980 - INFO -   Initialized with 0 condition rows and 1 assignment row
