2026-02-02 15:15:25,728 - INFO - === Conditional Builder Debug Session Started ===
2026-02-02 15:15:25,728 - INFO - Log file: conditional_builder_debug_20260202_151525.log
2026-02-02 15:15:25,733 - INFO - === Conditional Builder Debug Session Started ===
2026-02-02 15:15:25,733 - INFO - === Conditional Builder Debug Session Started ===
2026-02-02 15:15:25,733 - INFO - Log file: conditional_builder_debug_20260202_151525.log
2026-02-02 15:15:25,733 - INFO - Log file: conditional_builder_debug_20260202_151525.log
2026-02-02 15:15:25,956 - INFO - --- Created ALWAYS-VISIBLE conditional builder for Agent1 ---
2026-02-02 15:15:25,956 - INFO - --- Created ALWAYS-VISIBLE conditional builder for Agent1 ---
2026-02-02 15:15:25,957 - INFO -   Frame object id: 2721022360640
2026-02-02 15:15:25,957 - INFO -   Frame object id: 2721022360640
2026-02-02 15:15:25,957 - INFO -   Packed and always visible
2026-02-02 15:15:25,957 - INFO -   Packed and always visible
2026-02-02 15:15:25,965 - INFO -   Initialized with 0 condition rows and 1 assignment row
2026-02-02 15:15:25,965 - INFO -   Initialized with 0 condition rows and 1 assignment row
2026-02-02 15:15:25,976 - INFO - --- Created ALWAYS-VISIBLE conditional builder for Agent2 ---
2026-02-02 15:15:25,976 - INFO - --- Created ALWAYS-VISIBLE conditional builder for Agent2 ---
2026-02-02 15:15:25,977 - INFO -   Frame object id: 2723008709056
2026-02-02 15:15:25,977 - INFO -   Frame object id: 2723008709056
2026-02-02 15:15:25,977 - INFO -   Packed and always visible
2026-02-02 15:15:25,977 - INFO -   Packed and always visible
2026-02-02 15:15:25,979 - INFO -   Initialized with 0 condition rows and 1 assignment row
2026-02-02 15:15:25,979 - INFO -   Initialized with 0 condition rows and 1 assignment row
