2026-02-02 11:54:06,468 - INFO - === Conditional Builder Debug Session Started ===
2026-02-02 11:54:06,468 - INFO - Log file: conditional_builder_debug_20260202_115406.log
2026-02-02 11:54:06,474 - INFO - === Conditional Builder Debug Session Started ===
2026-02-02 11:54:06,474 - INFO - === Conditional Builder Debug Session Started ===
2026-02-02 11:54:06,474 - INFO - Log file: conditional_builder_debug_20260202_115406.log
2026-02-02 11:54:06,474 - INFO - Log file: conditional_builder_debug_20260202_115406.log
2026-02-02 11:54:06,736 - INFO - --- Created ALWAYS-VISIBLE conditional builder for Agent1 ---
2026-02-02 11:54:06,736 - INFO - --- Created ALWAYS-VISIBLE conditional builder for Agent1 ---
2026-02-02 11:54:06,737 - INFO -   Frame object id: 1680892114928
2026-02-02 11:54:06,737 - INFO -   Frame object id: 1680892114928
2026-02-02 11:54:06,737 - INFO -   Packed and always visible
2026-02-02 11:54:06,737 - INFO -   Packed and always visible
2026-02-02 11:54:06,747 - INFO -   Initialized with 0 condition rows and 1 assignment row
2026-02-02 11:54:06,747 - INFO -   Initialized with 0 condition rows and 1 assignment row
2026-02-02 11:54:06,763 - INFO - --- Created ALWAYS-VISIBLE conditional builder for Agent2 ---
2026-02-02 11:54:06,763 - INFO - --- Created ALWAYS-VISIBLE conditional builder for Agent2 ---
2026-02-02 11:54:06,763 - INFO -   Frame object id: 1680892138256
2026-02-02 11:54:06,763 - INFO -   Frame object id: 1680892138256
2026-02-02 11:54:06,763 - INFO -   Packed and always visible
2026-02-02 11:54:06,763 - INFO -   Packed and always visible
2026-02-02 11:54:06,767 - INFO -   Initialized with 0 condition rows and 1 assignment row
2026-02-02 11:54:06,767 - INFO -   Initialized with 0 condition rows and 1 assignment row
