2026-02-04 11:57:13,044 - INFO - === Conditional Builder Debug Session Started ===
2026-02-04 11:57:13,044 - INFO - Log file: conditional_builder_debug_20260204_115713.log
2026-02-04 11:57:13,050 - INFO - === Conditional Builder Debug Session Started ===
2026-02-04 11:57:13,050 - INFO - === Conditional Builder Debug Session Started ===
2026-02-04 11:57:13,050 - INFO - Log file: conditional_builder_debug_20260204_115713.log
2026-02-04 11:57:13,050 - INFO - Log file: conditional_builder_debug_20260204_115713.log
2026-02-04 11:57:13,256 - INFO - --- Created ALWAYS-VISIBLE conditional builder for Agent1 ---
2026-02-04 11:57:13,256 - INFO - --- Created ALWAYS-VISIBLE conditional builder for Agent1 ---
2026-02-04 11:57:13,256 - INFO -   Frame object id: 3081858111856
2026-02-04 11:57:13,256 - INFO -   Frame object id: 3081858111856
2026-02-04 11:57:13,256 - INFO -   Packed and always visible
2026-02-04 11:57:13,256 - INFO -   Packed and always visible
2026-02-04 11:57:13,265 - INFO -   Initialized with 0 condition rows and 1 assignment row
2026-02-04 11:57:13,265 - INFO -   Initialized with 0 condition rows and 1 assignment row
2026-02-04 11:57:13,278 - INFO - --- Created ALWAYS-VISIBLE conditional builder for Agent2 ---
2026-02-04 11:57:13,278 - INFO - --- Created ALWAYS-VISIBLE conditional builder for Agent2 ---
2026-02-04 11:57:13,278 - INFO -   Frame object id: 3081858054032
2026-02-04 11:57:13,278 - INFO -   Frame object id: 3081858054032
2026-02-04 11:57:13,278 - INFO -   Packed and always visible
2026-02-04 11:57:13,278 - INFO -   Packed and always visible
2026-02-04 11:57:13,281 - INFO -   Initialized with 0 condition rows and 1 assignment row
2026-02-04 11:57:13,281 - INFO -   Initialized with 0 condition rows and 1 assignment row
