2026-02-03 12:26:55,605 - INFO - === Conditional Builder Debug Session Started ===
2026-02-03 12:26:55,605 - INFO - Log file: conditional_builder_debug_20260203_122655.log
2026-02-03 12:26:55,610 - INFO - === Conditional Builder Debug Session Started ===
2026-02-03 12:26:55,610 - INFO - === Conditional Builder Debug Session Started ===
2026-02-03 12:26:55,610 - INFO - Log file: conditional_builder_debug_20260203_122655.log
2026-02-03 12:26:55,610 - INFO - Log file: conditional_builder_debug_20260203_122655.log
2026-02-03 12:26:56,094 - INFO - --- Created ALWAYS-VISIBLE conditional builder for Agent1 ---
2026-02-03 12:26:56,094 - INFO - --- Created ALWAYS-VISIBLE conditional builder for Agent1 ---
2026-02-03 12:26:56,142 - INFO -   Frame object id: 2275086488720
2026-02-03 12:26:56,142 - INFO -   Frame object id: 2275086488720
2026-02-03 12:26:56,142 - INFO -   Packed and always visible
2026-02-03 12:26:56,142 - INFO -   Packed and always visible
2026-02-03 12:26:56,150 - INFO -   Initialized with 0 condition rows and 1 assignment row
2026-02-03 12:26:56,150 - INFO -   Initialized with 0 condition rows and 1 assignment row
2026-02-03 12:26:56,164 - INFO - --- Created ALWAYS-VISIBLE conditional builder for Agent2 ---
2026-02-03 12:26:56,164 - INFO - --- Created ALWAYS-VISIBLE conditional builder for Agent2 ---
2026-02-03 12:26:56,164 - INFO -   Frame object id: 2275086491600
2026-02-03 12:26:56,164 - INFO -   Frame object id: 2275086491600
2026-02-03 12:26:56,164 - INFO -   Packed and always visible
2026-02-03 12:26:56,164 - INFO -   Packed and always visible
2026-02-03 12:26:56,166 - INFO -   Initialized with 0 condition rows and 1 assignment row
2026-02-03 12:26:56,166 - INFO -   Initialized with 0 condition rows and 1 assignment row
