2026-02-03 11:27:55,777 - INFO - === Conditional Builder Debug Session Started ===
2026-02-03 11:27:55,777 - INFO - Log file: conditional_builder_debug_20260203_112755.log
2026-02-03 11:27:55,782 - INFO - === Conditional Builder Debug Session Started ===
2026-02-03 11:27:55,782 - INFO - === Conditional Builder Debug Session Started ===
2026-02-03 11:27:55,782 - INFO - Log file: conditional_builder_debug_20260203_112755.log
2026-02-03 11:27:55,782 - INFO - Log file: conditional_builder_debug_20260203_112755.log
2026-02-03 11:27:55,986 - INFO - --- Created ALWAYS-VISIBLE conditional builder for Agent1 ---
2026-02-03 11:27:55,986 - INFO - --- Created ALWAYS-VISIBLE conditional builder for Agent1 ---
2026-02-03 11:27:55,987 - INFO -   Frame object id: 2765057546368
2026-02-03 11:27:55,987 - INFO -   Frame object id: 2765057546368
2026-02-03 11:27:55,987 - INFO -   Packed and always visible
2026-02-03 11:27:55,987 - INFO -   Packed and always visible
2026-02-03 11:27:55,995 - INFO -   Initialized with 0 condition rows and 1 assignment row
2026-02-03 11:27:55,995 - INFO -   Initialized with 0 condition rows and 1 assignment row
2026-02-03 11:27:56,006 - INFO - --- Created ALWAYS-VISIBLE conditional builder for Agent2 ---
2026-02-03 11:27:56,006 - INFO - --- Created ALWAYS-VISIBLE conditional builder for Agent2 ---
2026-02-03 11:27:56,007 - INFO -   Frame object id: 2765057581984
2026-02-03 11:27:56,007 - INFO -   Frame object id: 2765057581984
2026-02-03 11:27:56,007 - INFO -   Packed and always visible
2026-02-03 11:27:56,007 - INFO -   Packed and always visible
2026-02-03 11:27:56,009 - INFO -   Initialized with 0 condition rows and 1 assignment row
2026-02-03 11:27:56,009 - INFO -   Initialized with 0 condition rows and 1 assignment row
