2026-02-04 11:37:22,517 - INFO - === Conditional Builder Debug Session Started ===
2026-02-04 11:37:22,518 - INFO - Log file: conditional_builder_debug_20260204_113722.log
2026-02-04 11:37:22,522 - INFO - === Conditional Builder Debug Session Started ===
2026-02-04 11:37:22,522 - INFO - === Conditional Builder Debug Session Started ===
2026-02-04 11:37:22,523 - INFO - Log file: conditional_builder_debug_20260204_113722.log
2026-02-04 11:37:22,523 - INFO - Log file: conditional_builder_debug_20260204_113722.log
2026-02-04 11:37:22,729 - INFO - --- Created ALWAYS-VISIBLE conditional builder for Agent1 ---
2026-02-04 11:37:22,729 - INFO - --- Created ALWAYS-VISIBLE conditional builder for Agent1 ---
2026-02-04 11:37:22,729 - INFO -   Frame object id: 1535323892848
2026-02-04 11:37:22,729 - INFO -   Frame object id: 1535323892848
2026-02-04 11:37:22,729 - INFO -   Packed and always visible
2026-02-04 11:37:22,729 - INFO -   Packed and always visible
2026-02-04 11:37:22,737 - INFO -   Initialized with 0 condition rows and 1 assignment row
2026-02-04 11:37:22,737 - INFO -   Initialized with 0 condition rows and 1 assignment row
2026-02-04 11:37:22,750 - INFO - --- Created ALWAYS-VISIBLE conditional builder for Agent2 ---
2026-02-04 11:37:22,750 - INFO - --- Created ALWAYS-VISIBLE conditional builder for Agent2 ---
2026-02-04 11:37:22,750 - INFO -   Frame object id: 1535321802304
2026-02-04 11:37:22,750 - INFO -   Frame object id: 1535321802304
2026-02-04 11:37:22,750 - INFO -   Packed and always visible
2026-02-04 11:37:22,750 - INFO -   Packed and always visible
2026-02-04 11:37:22,753 - INFO -   Initialized with 0 condition rows and 1 assignment row
2026-02-04 11:37:22,753 - INFO -   Initialized with 0 condition rows and 1 assignment row
