2026-01-30 12:41:03,884 - INFO - === Conditional Builder Debug Session Started ===
2026-01-30 12:41:03,884 - INFO - Log file: conditional_builder_debug_20260130_124103.log
2026-01-30 12:41:03,890 - INFO - === Conditional Builder Debug Session Started ===
2026-01-30 12:41:03,890 - INFO - === Conditional Builder Debug Session Started ===
2026-01-30 12:41:03,891 - INFO - Log file: conditional_builder_debug_20260130_124103.log
2026-01-30 12:41:03,891 - INFO - Log file: conditional_builder_debug_20260130_124103.log
2026-01-30 12:41:04,111 - INFO - --- Created ALWAYS-VISIBLE conditional builder for Agent1 ---
2026-01-30 12:41:04,111 - INFO - --- Created ALWAYS-VISIBLE conditional builder for Agent1 ---
2026-01-30 12:41:04,112 - INFO -   Frame object id: 1914563409664
2026-01-30 12:41:04,112 - INFO -   Frame object id: 1914563409664
2026-01-30 12:41:04,112 - INFO -   Packed and always visible
2026-01-30 12:41:04,112 - INFO -   Packed and always visible
2026-01-30 12:41:04,120 - INFO -   Initialized with 0 condition rows and 1 assignment row
2026-01-30 12:41:04,120 - INFO -   Initialized with 0 condition rows and 1 assignment row
2026-01-30 12:41:04,134 - INFO - --- Created ALWAYS-VISIBLE conditional builder for Agent2 ---
2026-01-30 12:41:04,134 - INFO - --- Created ALWAYS-VISIBLE conditional builder for Agent2 ---
2026-01-30 12:41:04,134 - INFO -   Frame object id: 1914563441184
2026-01-30 12:41:04,134 - INFO -   Frame object id: 1914563441184
2026-01-30 12:41:04,134 - INFO -   Packed and always visible
2026-01-30 12:41:04,134 - INFO -   Packed and always visible
2026-01-30 12:41:04,137 - INFO -   Initialized with 0 condition rows and 1 assignment row
2026-01-30 12:41:04,137 - INFO -   Initialized with 0 condition rows and 1 assignment row
