2026-02-03 14:33:27,022 - INFO - === Conditional Builder Debug Session Started ===
2026-02-03 14:33:27,022 - INFO - Log file: conditional_builder_debug_20260203_143327.log
2026-02-03 14:33:27,028 - INFO - === Conditional Builder Debug Session Started ===
2026-02-03 14:33:27,028 - INFO - === Conditional Builder Debug Session Started ===
2026-02-03 14:33:27,028 - INFO - Log file: conditional_builder_debug_20260203_143327.log
2026-02-03 14:33:27,028 - INFO - Log file: conditional_builder_debug_20260203_143327.log
2026-02-03 14:33:27,255 - INFO - --- Created ALWAYS-VISIBLE conditional builder for Agent1 ---
2026-02-03 14:33:27,255 - INFO - --- Created ALWAYS-VISIBLE conditional builder for Agent1 ---
2026-02-03 14:33:27,255 - INFO -   Frame object id: 2212128802944
2026-02-03 14:33:27,255 - INFO -   Frame object id: 2212128802944
2026-02-03 14:33:27,255 - INFO -   Packed and always visible
2026-02-03 14:33:27,255 - INFO -   Packed and always visible
2026-02-03 14:33:27,264 - INFO -   Initialized with 0 condition rows and 1 assignment row
2026-02-03 14:33:27,264 - INFO -   Initialized with 0 condition rows and 1 assignment row
2026-02-03 14:33:27,276 - INFO - --- Created ALWAYS-VISIBLE conditional builder for Agent2 ---
2026-02-03 14:33:27,276 - INFO - --- Created ALWAYS-VISIBLE conditional builder for Agent2 ---
2026-02-03 14:33:27,276 - INFO -   Frame object id: 2212128745408
2026-02-03 14:33:27,276 - INFO -   Frame object id: 2212128745408
2026-02-03 14:33:27,276 - INFO -   Packed and always visible
2026-02-03 14:33:27,276 - INFO -   Packed and always visible
2026-02-03 14:33:27,279 - INFO -   Initialized with 0 condition rows and 1 assignment row
2026-02-03 14:33:27,279 - INFO -   Initialized with 0 condition rows and 1 assignment row
