2026-02-02 11:41:24,162 - INFO - === Conditional Builder Debug Session Started ===
2026-02-02 11:41:24,162 - INFO - Log file: conditional_builder_debug_20260202_114124.log
2026-02-02 11:41:24,168 - INFO - === Conditional Builder Debug Session Started ===
2026-02-02 11:41:24,168 - INFO - === Conditional Builder Debug Session Started ===
2026-02-02 11:41:24,168 - INFO - Log file: conditional_builder_debug_20260202_114124.log
2026-02-02 11:41:24,168 - INFO - Log file: conditional_builder_debug_20260202_114124.log
2026-02-02 11:41:24,408 - INFO - --- Created ALWAYS-VISIBLE conditional builder for Agent1 ---
2026-02-02 11:41:24,408 - INFO - --- Created ALWAYS-VISIBLE conditional builder for Agent1 ---
2026-02-02 11:41:24,409 - INFO -   Frame object id: 2243060254464
2026-02-02 11:41:24,409 - INFO -   Frame object id: 2243060254464
2026-02-02 11:41:24,409 - INFO -   Packed and always visible
2026-02-02 11:41:24,409 - INFO -   Packed and always visible
2026-02-02 11:41:24,417 - INFO -   Initialized with 0 condition rows and 1 assignment row
2026-02-02 11:41:24,417 - INFO -   Initialized with 0 condition rows and 1 assignment row
2026-02-02 11:41:24,431 - INFO - --- Created ALWAYS-VISIBLE conditional builder for Agent2 ---
2026-02-02 11:41:24,431 - INFO - --- Created ALWAYS-VISIBLE conditional builder for Agent2 ---
2026-02-02 11:41:24,431 - INFO -   Frame object id: 2243060281888
2026-02-02 11:41:24,431 - INFO -   Frame object id: 2243060281888
2026-02-02 11:41:24,431 - INFO -   Packed and always visible
2026-02-02 11:41:24,431 - INFO -   Packed and always visible
2026-02-02 11:41:24,434 - INFO -   Initialized with 0 condition rows and 1 assignment row
2026-02-02 11:41:24,434 - INFO -   Initialized with 0 condition rows and 1 assignment row
