2026-02-02 15:31:48,269 - INFO - === Conditional Builder Debug Session Started ===
2026-02-02 15:31:48,269 - INFO - Log file: conditional_builder_debug_20260202_153148.log
2026-02-02 15:31:48,275 - INFO - === Conditional Builder Debug Session Started ===
2026-02-02 15:31:48,275 - INFO - === Conditional Builder Debug Session Started ===
2026-02-02 15:31:48,275 - INFO - Log file: conditional_builder_debug_20260202_153148.log
2026-02-02 15:31:48,275 - INFO - Log file: conditional_builder_debug_20260202_153148.log
2026-02-02 15:31:48,504 - INFO - --- Created ALWAYS-VISIBLE conditional builder for Agent1 ---
2026-02-02 15:31:48,504 - INFO - --- Created ALWAYS-VISIBLE conditional builder for Agent1 ---
2026-02-02 15:31:48,504 - INFO -   Frame object id: 1364109398224
2026-02-02 15:31:48,504 - INFO -   Frame object id: 1364109398224
2026-02-02 15:31:48,504 - INFO -   Packed and always visible
2026-02-02 15:31:48,504 - INFO -   Packed and always visible
2026-02-02 15:31:48,511 - INFO -   Initialized with 0 condition rows and 1 assignment row
2026-02-02 15:31:48,511 - INFO -   Initialized with 0 condition rows and 1 assignment row
2026-02-02 15:31:48,523 - INFO - --- Created ALWAYS-VISIBLE conditional builder for Agent2 ---
2026-02-02 15:31:48,523 - INFO - --- Created ALWAYS-VISIBLE conditional builder for Agent2 ---
2026-02-02 15:31:48,523 - INFO -   Frame object id: 1364109881840
2026-02-02 15:31:48,523 - INFO -   Frame object id: 1364109881840
2026-02-02 15:31:48,523 - INFO -   Packed and always visible
2026-02-02 15:31:48,523 - INFO -   Packed and always visible
2026-02-02 15:31:48,525 - INFO -   Initialized with 0 condition rows and 1 assignment row
2026-02-02 15:31:48,525 - INFO -   Initialized with 0 condition rows and 1 assignment row
