2026-02-02 15:07:18,235 - INFO - === Conditional Builder Debug Session Started ===
2026-02-02 15:07:18,235 - INFO - Log file: conditional_builder_debug_20260202_150718.log
2026-02-02 15:07:18,240 - INFO - === Conditional Builder Debug Session Started ===
2026-02-02 15:07:18,240 - INFO - === Conditional Builder Debug Session Started ===
2026-02-02 15:07:18,240 - INFO - Log file: conditional_builder_debug_20260202_150718.log
2026-02-02 15:07:18,240 - INFO - Log file: conditional_builder_debug_20260202_150718.log
2026-02-02 15:07:18,464 - INFO - --- Created ALWAYS-VISIBLE conditional builder for Agent1 ---
2026-02-02 15:07:18,464 - INFO - --- Created ALWAYS-VISIBLE conditional builder for Agent1 ---
2026-02-02 15:07:18,465 - INFO -   Frame object id: 1568264170560
2026-02-02 15:07:18,465 - INFO -   Frame object id: 1568264170560
2026-02-02 15:07:18,465 - INFO -   Packed and always visible
2026-02-02 15:07:18,465 - INFO -   Packed and always visible
2026-02-02 15:07:18,473 - INFO -   Initialized with 0 condition rows and 1 assignment row
2026-02-02 15:07:18,473 - INFO -   Initialized with 0 condition rows and 1 assignment row
2026-02-02 15:07:18,484 - INFO - --- Created ALWAYS-VISIBLE conditional builder for Agent2 ---
2026-02-02 15:07:18,484 - INFO - --- Created ALWAYS-VISIBLE conditional builder for Agent2 ---
2026-02-02 15:07:18,484 - INFO -   Frame object id: 1568262426048
2026-02-02 15:07:18,484 - INFO -   Frame object id: 1568262426048
2026-02-02 15:07:18,484 - INFO -   Packed and always visible
2026-02-02 15:07:18,484 - INFO -   Packed and always visible
2026-02-02 15:07:18,486 - INFO -   Initialized with 0 condition rows and 1 assignment row
2026-02-02 15:07:18,486 - INFO -   Initialized with 0 condition rows and 1 assignment row
