2026-02-03 11:03:55,398 - INFO - === Conditional Builder Debug Session Started ===
2026-02-03 11:03:55,398 - INFO - Log file: conditional_builder_debug_20260203_110355.log
2026-02-03 11:03:55,403 - INFO - === Conditional Builder Debug Session Started ===
2026-02-03 11:03:55,403 - INFO - === Conditional Builder Debug Session Started ===
2026-02-03 11:03:55,403 - INFO - Log file: conditional_builder_debug_20260203_110355.log
2026-02-03 11:03:55,403 - INFO - Log file: conditional_builder_debug_20260203_110355.log
2026-02-03 11:03:55,604 - INFO - --- Created ALWAYS-VISIBLE conditional builder for Agent1 ---
2026-02-03 11:03:55,604 - INFO - --- Created ALWAYS-VISIBLE conditional builder for Agent1 ---
2026-02-03 11:03:55,604 - INFO -   Frame object id: 2074092324512
2026-02-03 11:03:55,604 - INFO -   Frame object id: 2074092324512
2026-02-03 11:03:55,604 - INFO -   Packed and always visible
2026-02-03 11:03:55,604 - INFO -   Packed and always visible
2026-02-03 11:03:55,612 - INFO -   Initialized with 0 condition rows and 1 assignment row
2026-02-03 11:03:55,612 - INFO -   Initialized with 0 condition rows and 1 assignment row
2026-02-03 11:03:55,623 - INFO - --- Created ALWAYS-VISIBLE conditional builder for Agent2 ---
2026-02-03 11:03:55,623 - INFO - --- Created ALWAYS-VISIBLE conditional builder for Agent2 ---
2026-02-03 11:03:55,623 - INFO -   Frame object id: 2074092288896
2026-02-03 11:03:55,623 - INFO -   Frame object id: 2074092288896
2026-02-03 11:03:55,623 - INFO -   Packed and always visible
2026-02-03 11:03:55,623 - INFO -   Packed and always visible
2026-02-03 11:03:55,626 - INFO -   Initialized with 0 condition rows and 1 assignment row
2026-02-03 11:03:55,626 - INFO -   Initialized with 0 condition rows and 1 assignment row
