2026-02-02 13:38:11,458 - INFO - === Conditional Builder Debug Session Started ===
2026-02-02 13:38:11,458 - INFO - Log file: conditional_builder_debug_20260202_133811.log
2026-02-02 13:38:11,464 - INFO - === Conditional Builder Debug Session Started ===
2026-02-02 13:38:11,464 - INFO - === Conditional Builder Debug Session Started ===
2026-02-02 13:38:11,464 - INFO - Log file: conditional_builder_debug_20260202_133811.log
2026-02-02 13:38:11,464 - INFO - Log file: conditional_builder_debug_20260202_133811.log
2026-02-02 13:38:11,704 - INFO - --- Created ALWAYS-VISIBLE conditional builder for Agent1 ---
2026-02-02 13:38:11,704 - INFO - --- Created ALWAYS-VISIBLE conditional builder for Agent1 ---
2026-02-02 13:38:11,704 - INFO -   Frame object id: 2315918919520
2026-02-02 13:38:11,704 - INFO -   Frame object id: 2315918919520
2026-02-02 13:38:11,704 - INFO -   Packed and always visible
2026-02-02 13:38:11,704 - INFO -   Packed and always visible
2026-02-02 13:38:11,712 - INFO -   Initialized with 0 condition rows and 1 assignment row
2026-02-02 13:38:11,712 - INFO -   Initialized with 0 condition rows and 1 assignment row
2026-02-02 13:38:11,725 - INFO - --- Created ALWAYS-VISIBLE conditional builder for Agent2 ---
2026-02-02 13:38:11,725 - INFO - --- Created ALWAYS-VISIBLE conditional builder for Agent2 ---
2026-02-02 13:38:11,725 - INFO -   Frame object id: 2315918951040
2026-02-02 13:38:11,725 - INFO -   Frame object id: 2315918951040
2026-02-02 13:38:11,725 - INFO -   Packed and always visible
2026-02-02 13:38:11,725 - INFO -   Packed and always visible
2026-02-02 13:38:11,727 - INFO -   Initialized with 0 condition rows and 1 assignment row
2026-02-02 13:38:11,727 - INFO -   Initialized with 0 condition rows and 1 assignment row
