2026-02-03 10:41:52,350 - INFO - === Conditional Builder Debug Session Started ===
2026-02-03 10:41:52,350 - INFO - Log file: conditional_builder_debug_20260203_104152.log
2026-02-03 10:41:52,356 - INFO - === Conditional Builder Debug Session Started ===
2026-02-03 10:41:52,356 - INFO - === Conditional Builder Debug Session Started ===
2026-02-03 10:41:52,356 - INFO - Log file: conditional_builder_debug_20260203_104152.log
2026-02-03 10:41:52,356 - INFO - Log file: conditional_builder_debug_20260203_104152.log
2026-02-03 10:41:52,551 - INFO - --- Created ALWAYS-VISIBLE conditional builder for Agent1 ---
2026-02-03 10:41:52,551 - INFO - --- Created ALWAYS-VISIBLE conditional builder for Agent1 ---
2026-02-03 10:41:52,551 - INFO -   Frame object id: 2856602049216
2026-02-03 10:41:52,551 - INFO -   Frame object id: 2856602049216
2026-02-03 10:41:52,551 - INFO -   Packed and always visible
2026-02-03 10:41:52,551 - INFO -   Packed and always visible
2026-02-03 10:41:52,559 - INFO -   Initialized with 0 condition rows and 1 assignment row
2026-02-03 10:41:52,559 - INFO -   Initialized with 0 condition rows and 1 assignment row
2026-02-03 10:41:52,569 - INFO - --- Created ALWAYS-VISIBLE conditional builder for Agent2 ---
2026-02-03 10:41:52,569 - INFO - --- Created ALWAYS-VISIBLE conditional builder for Agent2 ---
2026-02-03 10:41:52,569 - INFO -   Frame object id: 2856602084928
2026-02-03 10:41:52,569 - INFO -   Frame object id: 2856602084928
2026-02-03 10:41:52,569 - INFO -   Packed and always visible
2026-02-03 10:41:52,569 - INFO -   Packed and always visible
2026-02-03 10:41:52,572 - INFO -   Initialized with 0 condition rows and 1 assignment row
2026-02-03 10:41:52,572 - INFO -   Initialized with 0 condition rows and 1 assignment row
