2026-01-30 12:21:02,292 - INFO - === Conditional Builder Debug Session Started ===
2026-01-30 12:21:02,292 - INFO - Log file: conditional_builder_debug_20260130_122102.log
2026-01-30 12:21:02,298 - INFO - === Conditional Builder Debug Session Started ===
2026-01-30 12:21:02,298 - INFO - === Conditional Builder Debug Session Started ===
2026-01-30 12:21:02,298 - INFO - Log file: conditional_builder_debug_20260130_122102.log
2026-01-30 12:21:02,298 - INFO - Log file: conditional_builder_debug_20260130_122102.log
2026-01-30 12:21:02,414 - INFO - --- Created ALWAYS-VISIBLE conditional builder for Agent1 ---
2026-01-30 12:21:02,414 - INFO - --- Created ALWAYS-VISIBLE conditional builder for Agent1 ---
2026-01-30 12:21:02,415 - INFO -   Frame object id: 1906158929328
2026-01-30 12:21:02,415 - INFO -   Frame object id: 1906158929328
2026-01-30 12:21:02,415 - INFO -   Packed and always visible
2026-01-30 12:21:02,415 - INFO -   Packed and always visible
2026-01-30 12:21:02,422 - INFO -   Initialized with 0 condition rows and 1 assignment row
2026-01-30 12:21:02,422 - INFO -   Initialized with 0 condition rows and 1 assignment row
2026-01-30 12:21:02,520 - INFO - --- Created ALWAYS-VISIBLE conditional builder for Agent2 ---
2026-01-30 12:21:02,520 - INFO - --- Created ALWAYS-VISIBLE conditional builder for Agent2 ---
2026-01-30 12:21:02,520 - INFO -   Frame object id: 1906158964944
2026-01-30 12:21:02,520 - INFO -   Frame object id: 1906158964944
2026-01-30 12:21:02,520 - INFO -   Packed and always visible
2026-01-30 12:21:02,520 - INFO -   Packed and always visible
2026-01-30 12:21:02,524 - INFO -   Initialized with 0 condition rows and 1 assignment row
2026-01-30 12:21:02,524 - INFO -   Initialized with 0 condition rows and 1 assignment row
