2026-02-02 15:11:03,097 - INFO - === Conditional Builder Debug Session Started ===
2026-02-02 15:11:03,097 - INFO - Log file: conditional_builder_debug_20260202_151103.log
2026-02-02 15:11:03,102 - INFO - === Conditional Builder Debug Session Started ===
2026-02-02 15:11:03,102 - INFO - === Conditional Builder Debug Session Started ===
2026-02-02 15:11:03,102 - INFO - Log file: conditional_builder_debug_20260202_151103.log
2026-02-02 15:11:03,102 - INFO - Log file: conditional_builder_debug_20260202_151103.log
2026-02-02 15:11:03,322 - INFO - --- Created ALWAYS-VISIBLE conditional builder for Agent1 ---
2026-02-02 15:11:03,322 - INFO - --- Created ALWAYS-VISIBLE conditional builder for Agent1 ---
2026-02-02 15:11:03,322 - INFO -   Frame object id: 2412940650288
2026-02-02 15:11:03,322 - INFO -   Frame object id: 2412940650288
2026-02-02 15:11:03,323 - INFO -   Packed and always visible
2026-02-02 15:11:03,323 - INFO -   Packed and always visible
2026-02-02 15:11:03,330 - INFO -   Initialized with 0 condition rows and 1 assignment row
2026-02-02 15:11:03,330 - INFO -   Initialized with 0 condition rows and 1 assignment row
2026-02-02 15:11:03,341 - INFO - --- Created ALWAYS-VISIBLE conditional builder for Agent2 ---
2026-02-02 15:11:03,341 - INFO - --- Created ALWAYS-VISIBLE conditional builder for Agent2 ---
2026-02-02 15:11:03,341 - INFO -   Frame object id: 2412940685904
2026-02-02 15:11:03,341 - INFO -   Frame object id: 2412940685904
2026-02-02 15:11:03,341 - INFO -   Packed and always visible
2026-02-02 15:11:03,341 - INFO -   Packed and always visible
2026-02-02 15:11:03,343 - INFO -   Initialized with 0 condition rows and 1 assignment row
2026-02-02 15:11:03,343 - INFO -   Initialized with 0 condition rows and 1 assignment row
