2026-02-02 14:04:49,724 - INFO - === Conditional Builder Debug Session Started ===
2026-02-02 14:04:49,725 - INFO - Log file: conditional_builder_debug_20260202_140449.log
2026-02-02 14:04:49,730 - INFO - === Conditional Builder Debug Session Started ===
2026-02-02 14:04:49,730 - INFO - === Conditional Builder Debug Session Started ===
2026-02-02 14:04:49,730 - INFO - Log file: conditional_builder_debug_20260202_140449.log
2026-02-02 14:04:49,730 - INFO - Log file: conditional_builder_debug_20260202_140449.log
2026-02-02 14:04:49,960 - INFO - --- Created ALWAYS-VISIBLE conditional builder for Agent1 ---
2026-02-02 14:04:49,960 - INFO - --- Created ALWAYS-VISIBLE conditional builder for Agent1 ---
2026-02-02 14:04:49,960 - INFO -   Frame object id: 2645406218272
2026-02-02 14:04:49,960 - INFO -   Frame object id: 2645406218272
2026-02-02 14:04:49,960 - INFO -   Packed and always visible
2026-02-02 14:04:49,960 - INFO -   Packed and always visible
2026-02-02 14:04:49,968 - INFO -   Initialized with 0 condition rows and 1 assignment row
2026-02-02 14:04:49,968 - INFO -   Initialized with 0 condition rows and 1 assignment row
2026-02-02 14:04:49,980 - INFO - --- Created ALWAYS-VISIBLE conditional builder for Agent2 ---
2026-02-02 14:04:49,980 - INFO - --- Created ALWAYS-VISIBLE conditional builder for Agent2 ---
2026-02-02 14:04:49,980 - INFO -   Frame object id: 2645406061904
2026-02-02 14:04:49,980 - INFO -   Frame object id: 2645406061904
2026-02-02 14:04:49,980 - INFO -   Packed and always visible
2026-02-02 14:04:49,980 - INFO -   Packed and always visible
2026-02-02 14:04:49,984 - INFO -   Initialized with 0 condition rows and 1 assignment row
2026-02-02 14:04:49,984 - INFO -   Initialized with 0 condition rows and 1 assignment row
