2026-02-02 12:29:01,409 - INFO - === Conditional Builder Debug Session Started ===
2026-02-02 12:29:01,409 - INFO - Log file: conditional_builder_debug_20260202_122901.log
2026-02-02 12:29:01,415 - INFO - === Conditional Builder Debug Session Started ===
2026-02-02 12:29:01,415 - INFO - === Conditional Builder Debug Session Started ===
2026-02-02 12:29:01,415 - INFO - Log file: conditional_builder_debug_20260202_122901.log
2026-02-02 12:29:01,415 - INFO - Log file: conditional_builder_debug_20260202_122901.log
2026-02-02 12:29:01,652 - INFO - --- Created ALWAYS-VISIBLE conditional builder for Agent1 ---
2026-02-02 12:29:01,652 - INFO - --- Created ALWAYS-VISIBLE conditional builder for Agent1 ---
2026-02-02 12:29:01,653 - INFO -   Frame object id: 2168502736928
2026-02-02 12:29:01,653 - INFO -   Frame object id: 2168502736928
2026-02-02 12:29:01,653 - INFO -   Packed and always visible
2026-02-02 12:29:01,653 - INFO -   Packed and always visible
2026-02-02 12:29:01,661 - INFO -   Initialized with 0 condition rows and 1 assignment row
2026-02-02 12:29:01,661 - INFO -   Initialized with 0 condition rows and 1 assignment row
2026-02-02 12:29:01,673 - INFO - --- Created ALWAYS-VISIBLE conditional builder for Agent2 ---
2026-02-02 12:29:01,673 - INFO - --- Created ALWAYS-VISIBLE conditional builder for Agent2 ---
2026-02-02 12:29:01,673 - INFO -   Frame object id: 2168502706960
2026-02-02 12:29:01,673 - INFO -   Frame object id: 2168502706960
2026-02-02 12:29:01,673 - INFO -   Packed and always visible
2026-02-02 12:29:01,673 - INFO -   Packed and always visible
2026-02-02 12:29:01,676 - INFO -   Initialized with 0 condition rows and 1 assignment row
2026-02-02 12:29:01,676 - INFO -   Initialized with 0 condition rows and 1 assignment row
