2026-01-30 11:29:05,145 - INFO - === Conditional Builder Debug Session Started ===
2026-01-30 11:29:05,145 - INFO - Log file: conditional_builder_debug_20260130_112905.log
2026-01-30 11:29:05,154 - INFO - === Conditional Builder Debug Session Started ===
2026-01-30 11:29:05,154 - INFO - === Conditional Builder Debug Session Started ===
2026-01-30 11:29:05,154 - INFO - Log file: conditional_builder_debug_20260130_112905.log
2026-01-30 11:29:05,154 - INFO - Log file: conditional_builder_debug_20260130_112905.log
2026-01-30 11:29:05,268 - INFO - --- Created ALWAYS-VISIBLE conditional builder for Agent1 ---
2026-01-30 11:29:05,268 - INFO - --- Created ALWAYS-VISIBLE conditional builder for Agent1 ---
2026-01-30 11:29:05,268 - INFO -   Frame object id: 2326072660224
2026-01-30 11:29:05,268 - INFO -   Frame object id: 2326072660224
2026-01-30 11:29:05,268 - INFO -   Packed and always visible
2026-01-30 11:29:05,268 - INFO -   Packed and always visible
2026-01-30 11:29:05,276 - INFO -   Initialized with 0 condition rows and 1 assignment row
2026-01-30 11:29:05,276 - INFO -   Initialized with 0 condition rows and 1 assignment row
2026-01-30 11:29:05,381 - INFO - --- Created ALWAYS-VISIBLE conditional builder for Agent2 ---
2026-01-30 11:29:05,381 - INFO - --- Created ALWAYS-VISIBLE conditional builder for Agent2 ---
2026-01-30 11:29:05,381 - INFO -   Frame object id: 2326072663056
2026-01-30 11:29:05,381 - INFO -   Frame object id: 2326072663056
2026-01-30 11:29:05,381 - INFO -   Packed and always visible
2026-01-30 11:29:05,381 - INFO -   Packed and always visible
2026-01-30 11:29:05,384 - INFO -   Initialized with 0 condition rows and 1 assignment row
2026-01-30 11:29:05,384 - INFO -   Initialized with 0 condition rows and 1 assignment row
