2026-02-02 12:20:12,992 - INFO - === Conditional Builder Debug Session Started ===
2026-02-02 12:20:12,992 - INFO - Log file: conditional_builder_debug_20260202_122012.log
2026-02-02 12:20:12,997 - INFO - === Conditional Builder Debug Session Started ===
2026-02-02 12:20:12,997 - INFO - === Conditional Builder Debug Session Started ===
2026-02-02 12:20:12,997 - INFO - Log file: conditional_builder_debug_20260202_122012.log
2026-02-02 12:20:12,997 - INFO - Log file: conditional_builder_debug_20260202_122012.log
2026-02-02 12:20:13,230 - INFO - --- Created ALWAYS-VISIBLE conditional builder for Agent1 ---
2026-02-02 12:20:13,230 - INFO - --- Created ALWAYS-VISIBLE conditional builder for Agent1 ---
2026-02-02 12:20:13,282 - INFO -   Frame object id: 2479687578096
2026-02-02 12:20:13,282 - INFO -   Frame object id: 2479687578096
2026-02-02 12:20:13,282 - INFO -   Packed and always visible
2026-02-02 12:20:13,282 - INFO -   Packed and always visible
2026-02-02 12:20:13,293 - INFO -   Initialized with 0 condition rows and 1 assignment row
2026-02-02 12:20:13,293 - INFO -   Initialized with 0 condition rows and 1 assignment row
2026-02-02 12:20:13,308 - INFO - --- Created ALWAYS-VISIBLE conditional builder for Agent2 ---
2026-02-02 12:20:13,308 - INFO - --- Created ALWAYS-VISIBLE conditional builder for Agent2 ---
2026-02-02 12:20:13,308 - INFO -   Frame object id: 2479687580880
2026-02-02 12:20:13,308 - INFO -   Frame object id: 2479687580880
2026-02-02 12:20:13,308 - INFO -   Packed and always visible
2026-02-02 12:20:13,308 - INFO -   Packed and always visible
2026-02-02 12:20:13,311 - INFO -   Initialized with 0 condition rows and 1 assignment row
2026-02-02 12:20:13,311 - INFO -   Initialized with 0 condition rows and 1 assignment row
