2026-02-03 14:33:37,800 - INFO - === Conditional Builder Debug Session Started ===
2026-02-03 14:33:37,800 - INFO - Log file: conditional_builder_debug_20260203_143337.log
2026-02-03 14:33:37,805 - INFO - === Conditional Builder Debug Session Started ===
2026-02-03 14:33:37,805 - INFO - === Conditional Builder Debug Session Started ===
2026-02-03 14:33:37,805 - INFO - Log file: conditional_builder_debug_20260203_143337.log
2026-02-03 14:33:37,805 - INFO - Log file: conditional_builder_debug_20260203_143337.log
2026-02-03 14:33:38,032 - INFO - --- Created ALWAYS-VISIBLE conditional builder for Agent1 ---
2026-02-03 14:33:38,032 - INFO - --- Created ALWAYS-VISIBLE conditional builder for Agent1 ---
2026-02-03 14:33:38,032 - INFO -   Frame object id: 2467367422128
2026-02-03 14:33:38,032 - INFO -   Frame object id: 2467367422128
2026-02-03 14:33:38,032 - INFO -   Packed and always visible
2026-02-03 14:33:38,032 - INFO -   Packed and always visible
2026-02-03 14:33:38,041 - INFO -   Initialized with 0 condition rows and 1 assignment row
2026-02-03 14:33:38,041 - INFO -   Initialized with 0 condition rows and 1 assignment row
2026-02-03 14:33:38,054 - INFO - --- Created ALWAYS-VISIBLE conditional builder for Agent2 ---
2026-02-03 14:33:38,054 - INFO - --- Created ALWAYS-VISIBLE conditional builder for Agent2 ---
2026-02-03 14:33:38,054 - INFO -   Frame object id: 2467367457744
2026-02-03 14:33:38,054 - INFO -   Frame object id: 2467367457744
2026-02-03 14:33:38,054 - INFO -   Packed and always visible
2026-02-03 14:33:38,054 - INFO -   Packed and always visible
2026-02-03 14:33:38,056 - INFO -   Initialized with 0 condition rows and 1 assignment row
2026-02-03 14:33:38,056 - INFO -   Initialized with 0 condition rows and 1 assignment row
