2026-02-04 11:43:14,745 - INFO - === Conditional Builder Debug Session Started ===
2026-02-04 11:43:14,745 - INFO - Log file: conditional_builder_debug_20260204_114314.log
2026-02-04 11:43:14,750 - INFO - === Conditional Builder Debug Session Started ===
2026-02-04 11:43:14,750 - INFO - === Conditional Builder Debug Session Started ===
2026-02-04 11:43:14,751 - INFO - Log file: conditional_builder_debug_20260204_114314.log
2026-02-04 11:43:14,751 - INFO - Log file: conditional_builder_debug_20260204_114314.log
2026-02-04 11:43:14,958 - INFO - --- Created ALWAYS-VISIBLE conditional builder for Agent1 ---
2026-02-04 11:43:14,958 - INFO - --- Created ALWAYS-VISIBLE conditional builder for Agent1 ---
2026-02-04 11:43:14,958 - INFO -   Frame object id: 1585162963264
2026-02-04 11:43:14,958 - INFO -   Frame object id: 1585162963264
2026-02-04 11:43:14,958 - INFO -   Packed and always visible
2026-02-04 11:43:14,958 - INFO -   Packed and always visible
2026-02-04 11:43:14,966 - INFO -   Initialized with 0 condition rows and 1 assignment row
2026-02-04 11:43:14,966 - INFO -   Initialized with 0 condition rows and 1 assignment row
2026-02-04 11:43:14,978 - INFO - --- Created ALWAYS-VISIBLE conditional builder for Agent2 ---
2026-02-04 11:43:14,978 - INFO - --- Created ALWAYS-VISIBLE conditional builder for Agent2 ---
2026-02-04 11:43:14,978 - INFO -   Frame object id: 1585162990688
2026-02-04 11:43:14,978 - INFO -   Frame object id: 1585162990688
2026-02-04 11:43:14,978 - INFO -   Packed and always visible
2026-02-04 11:43:14,978 - INFO -   Packed and always visible
2026-02-04 11:43:14,980 - INFO -   Initialized with 0 condition rows and 1 assignment row
2026-02-04 11:43:14,980 - INFO -   Initialized with 0 condition rows and 1 assignment row
