2026-02-03 12:46:06,558 - INFO - === Conditional Builder Debug Session Started ===
2026-02-03 12:46:06,558 - INFO - Log file: conditional_builder_debug_20260203_124606.log
2026-02-03 12:46:06,563 - INFO - === Conditional Builder Debug Session Started ===
2026-02-03 12:46:06,563 - INFO - === Conditional Builder Debug Session Started ===
2026-02-03 12:46:06,563 - INFO - Log file: conditional_builder_debug_20260203_124606.log
2026-02-03 12:46:06,563 - INFO - Log file: conditional_builder_debug_20260203_124606.log
2026-02-03 12:46:06,795 - INFO - --- Created ALWAYS-VISIBLE conditional builder for Agent1 ---
2026-02-03 12:46:06,795 - INFO - --- Created ALWAYS-VISIBLE conditional builder for Agent1 ---
2026-02-03 12:46:06,795 - INFO -   Frame object id: 3026387855536
2026-02-03 12:46:06,795 - INFO -   Frame object id: 3026387855536
2026-02-03 12:46:06,795 - INFO -   Packed and always visible
2026-02-03 12:46:06,795 - INFO -   Packed and always visible
2026-02-03 12:46:06,803 - INFO -   Initialized with 0 condition rows and 1 assignment row
2026-02-03 12:46:06,803 - INFO -   Initialized with 0 condition rows and 1 assignment row
2026-02-03 12:46:06,816 - INFO - --- Created ALWAYS-VISIBLE conditional builder for Agent2 ---
2026-02-03 12:46:06,816 - INFO - --- Created ALWAYS-VISIBLE conditional builder for Agent2 ---
2026-02-03 12:46:06,816 - INFO -   Frame object id: 3026387895248
2026-02-03 12:46:06,816 - INFO -   Frame object id: 3026387895248
2026-02-03 12:46:06,816 - INFO -   Packed and always visible
2026-02-03 12:46:06,816 - INFO -   Packed and always visible
2026-02-03 12:46:06,818 - INFO -   Initialized with 0 condition rows and 1 assignment row
2026-02-03 12:46:06,818 - INFO -   Initialized with 0 condition rows and 1 assignment row
