2026-02-02 11:49:41,519 - INFO - === Conditional Builder Debug Session Started ===
2026-02-02 11:49:41,519 - INFO - Log file: conditional_builder_debug_20260202_114941.log
2026-02-02 11:49:41,526 - INFO - === Conditional Builder Debug Session Started ===
2026-02-02 11:49:41,526 - INFO - === Conditional Builder Debug Session Started ===
2026-02-02 11:49:41,526 - INFO - Log file: conditional_builder_debug_20260202_114941.log
2026-02-02 11:49:41,526 - INFO - Log file: conditional_builder_debug_20260202_114941.log
2026-02-02 11:49:41,757 - INFO - --- Created ALWAYS-VISIBLE conditional builder for Agent1 ---
2026-02-02 11:49:41,757 - INFO - --- Created ALWAYS-VISIBLE conditional builder for Agent1 ---
2026-02-02 11:49:41,808 - INFO -   Frame object id: 1652780578800
2026-02-02 11:49:41,808 - INFO -   Frame object id: 1652780578800
2026-02-02 11:49:41,808 - INFO -   Packed and always visible
2026-02-02 11:49:41,808 - INFO -   Packed and always visible
2026-02-02 11:49:41,817 - INFO -   Initialized with 0 condition rows and 1 assignment row
2026-02-02 11:49:41,817 - INFO -   Initialized with 0 condition rows and 1 assignment row
2026-02-02 11:49:41,830 - INFO - --- Created ALWAYS-VISIBLE conditional builder for Agent2 ---
2026-02-02 11:49:41,830 - INFO - --- Created ALWAYS-VISIBLE conditional builder for Agent2 ---
2026-02-02 11:49:41,830 - INFO -   Frame object id: 1652780602128
2026-02-02 11:49:41,830 - INFO -   Frame object id: 1652780602128
2026-02-02 11:49:41,830 - INFO -   Packed and always visible
2026-02-02 11:49:41,830 - INFO -   Packed and always visible
2026-02-02 11:49:41,832 - INFO -   Initialized with 0 condition rows and 1 assignment row
2026-02-02 11:49:41,832 - INFO -   Initialized with 0 condition rows and 1 assignment row
