2026-02-03 10:42:08,527 - INFO - === Conditional Builder Debug Session Started ===
2026-02-03 10:42:08,527 - INFO - Log file: conditional_builder_debug_20260203_104208.log
2026-02-03 10:42:08,533 - INFO - === Conditional Builder Debug Session Started ===
2026-02-03 10:42:08,533 - INFO - === Conditional Builder Debug Session Started ===
2026-02-03 10:42:08,533 - INFO - Log file: conditional_builder_debug_20260203_104208.log
2026-02-03 10:42:08,533 - INFO - Log file: conditional_builder_debug_20260203_104208.log
2026-02-03 10:42:08,730 - INFO - --- Created ALWAYS-VISIBLE conditional builder for Agent1 ---
2026-02-03 10:42:08,730 - INFO - --- Created ALWAYS-VISIBLE conditional builder for Agent1 ---
2026-02-03 10:42:08,730 - INFO -   Frame object id: 1219471194240
2026-02-03 10:42:08,730 - INFO -   Frame object id: 1219471194240
2026-02-03 10:42:08,730 - INFO -   Packed and always visible
2026-02-03 10:42:08,730 - INFO -   Packed and always visible
2026-02-03 10:42:08,738 - INFO -   Initialized with 0 condition rows and 1 assignment row
2026-02-03 10:42:08,738 - INFO -   Initialized with 0 condition rows and 1 assignment row
2026-02-03 10:42:08,750 - INFO - --- Created ALWAYS-VISIBLE conditional builder for Agent2 ---
2026-02-03 10:42:08,750 - INFO - --- Created ALWAYS-VISIBLE conditional builder for Agent2 ---
2026-02-03 10:42:08,750 - INFO -   Frame object id: 1219471229856
2026-02-03 10:42:08,750 - INFO -   Frame object id: 1219471229856
2026-02-03 10:42:08,750 - INFO -   Packed and always visible
2026-02-03 10:42:08,750 - INFO -   Packed and always visible
2026-02-03 10:42:08,753 - INFO -   Initialized with 0 condition rows and 1 assignment row
2026-02-03 10:42:08,753 - INFO -   Initialized with 0 condition rows and 1 assignment row
