2026-02-03 11:14:59,229 - INFO - === Conditional Builder Debug Session Started ===
2026-02-03 11:14:59,229 - INFO - Log file: conditional_builder_debug_20260203_111459.log
2026-02-03 11:14:59,235 - INFO - === Conditional Builder Debug Session Started ===
2026-02-03 11:14:59,235 - INFO - === Conditional Builder Debug Session Started ===
2026-02-03 11:14:59,235 - INFO - Log file: conditional_builder_debug_20260203_111459.log
2026-02-03 11:14:59,235 - INFO - Log file: conditional_builder_debug_20260203_111459.log
2026-02-03 11:14:59,461 - INFO - --- Created ALWAYS-VISIBLE conditional builder for Agent1 ---
2026-02-03 11:14:59,461 - INFO - --- Created ALWAYS-VISIBLE conditional builder for Agent1 ---
2026-02-03 11:14:59,462 - INFO -   Frame object id: 1623464363680
2026-02-03 11:14:59,462 - INFO -   Frame object id: 1623464363680
2026-02-03 11:14:59,462 - INFO -   Packed and always visible
2026-02-03 11:14:59,462 - INFO -   Packed and always visible
2026-02-03 11:14:59,471 - INFO -   Initialized with 0 condition rows and 1 assignment row
2026-02-03 11:14:59,471 - INFO -   Initialized with 0 condition rows and 1 assignment row
2026-02-03 11:14:59,485 - INFO - --- Created ALWAYS-VISIBLE conditional builder for Agent2 ---
2026-02-03 11:14:59,485 - INFO - --- Created ALWAYS-VISIBLE conditional builder for Agent2 ---
2026-02-03 11:14:59,485 - INFO -   Frame object id: 1623464328064
2026-02-03 11:14:59,485 - INFO -   Frame object id: 1623464328064
2026-02-03 11:14:59,485 - INFO -   Packed and always visible
2026-02-03 11:14:59,485 - INFO -   Packed and always visible
2026-02-03 11:14:59,489 - INFO -   Initialized with 0 condition rows and 1 assignment row
2026-02-03 11:14:59,489 - INFO -   Initialized with 0 condition rows and 1 assignment row
