2026-02-04 11:42:23,629 - INFO - === Conditional Builder Debug Session Started ===
2026-02-04 11:42:23,629 - INFO - Log file: conditional_builder_debug_20260204_114223.log
2026-02-04 11:42:23,636 - INFO - === Conditional Builder Debug Session Started ===
2026-02-04 11:42:23,636 - INFO - === Conditional Builder Debug Session Started ===
2026-02-04 11:42:23,636 - INFO - Log file: conditional_builder_debug_20260204_114223.log
2026-02-04 11:42:23,636 - INFO - Log file: conditional_builder_debug_20260204_114223.log
2026-02-04 11:42:23,839 - INFO - --- Created ALWAYS-VISIBLE conditional builder for Agent1 ---
2026-02-04 11:42:23,839 - INFO - --- Created ALWAYS-VISIBLE conditional builder for Agent1 ---
2026-02-04 11:42:23,840 - INFO -   Frame object id: 1790271473120
2026-02-04 11:42:23,840 - INFO -   Frame object id: 1790271473120
2026-02-04 11:42:23,840 - INFO -   Packed and always visible
2026-02-04 11:42:23,840 - INFO -   Packed and always visible
2026-02-04 11:42:23,848 - INFO -   Initialized with 0 condition rows and 1 assignment row
2026-02-04 11:42:23,848 - INFO -   Initialized with 0 condition rows and 1 assignment row
2026-02-04 11:42:23,860 - INFO - --- Created ALWAYS-VISIBLE conditional builder for Agent2 ---
2026-02-04 11:42:23,860 - INFO - --- Created ALWAYS-VISIBLE conditional builder for Agent2 ---
2026-02-04 11:42:23,861 - INFO -   Frame object id: 1790271444304
2026-02-04 11:42:23,861 - INFO -   Frame object id: 1790271444304
2026-02-04 11:42:23,861 - INFO -   Packed and always visible
2026-02-04 11:42:23,861 - INFO -   Packed and always visible
2026-02-04 11:42:23,863 - INFO -   Initialized with 0 condition rows and 1 assignment row
2026-02-04 11:42:23,863 - INFO -   Initialized with 0 condition rows and 1 assignment row
