2026-02-03 11:59:27,023 - INFO - === Conditional Builder Debug Session Started ===
2026-02-03 11:59:27,023 - INFO - Log file: conditional_builder_debug_20260203_115927.log
2026-02-03 11:59:27,029 - INFO - === Conditional Builder Debug Session Started ===
2026-02-03 11:59:27,029 - INFO - === Conditional Builder Debug Session Started ===
2026-02-03 11:59:27,029 - INFO - Log file: conditional_builder_debug_20260203_115927.log
2026-02-03 11:59:27,029 - INFO - Log file: conditional_builder_debug_20260203_115927.log
2026-02-03 11:59:27,242 - INFO - --- Created ALWAYS-VISIBLE conditional builder for Agent1 ---
2026-02-03 11:59:27,242 - INFO - --- Created ALWAYS-VISIBLE conditional builder for Agent1 ---
2026-02-03 11:59:27,243 - INFO -   Frame object id: 2177534793376
2026-02-03 11:59:27,243 - INFO -   Frame object id: 2177534793376
2026-02-03 11:59:27,243 - INFO -   Packed and always visible
2026-02-03 11:59:27,243 - INFO -   Packed and always visible
2026-02-03 11:59:27,252 - INFO -   Initialized with 0 condition rows and 1 assignment row
2026-02-03 11:59:27,252 - INFO -   Initialized with 0 condition rows and 1 assignment row
2026-02-03 11:59:27,265 - INFO - --- Created ALWAYS-VISIBLE conditional builder for Agent2 ---
2026-02-03 11:59:27,265 - INFO - --- Created ALWAYS-VISIBLE conditional builder for Agent2 ---
2026-02-03 11:59:27,265 - INFO -   Frame object id: 2177534757760
2026-02-03 11:59:27,265 - INFO -   Frame object id: 2177534757760
2026-02-03 11:59:27,265 - INFO -   Packed and always visible
2026-02-03 11:59:27,265 - INFO -   Packed and always visible
2026-02-03 11:59:27,270 - INFO -   Initialized with 0 condition rows and 1 assignment row
2026-02-03 11:59:27,270 - INFO -   Initialized with 0 condition rows and 1 assignment row
