2026-02-02 15:38:24,594 - INFO - === Conditional Builder Debug Session Started ===
2026-02-02 15:38:24,594 - INFO - Log file: conditional_builder_debug_20260202_153824.log
2026-02-02 15:38:24,599 - INFO - === Conditional Builder Debug Session Started ===
2026-02-02 15:38:24,599 - INFO - === Conditional Builder Debug Session Started ===
2026-02-02 15:38:24,599 - INFO - Log file: conditional_builder_debug_20260202_153824.log
2026-02-02 15:38:24,599 - INFO - Log file: conditional_builder_debug_20260202_153824.log
2026-02-02 15:38:24,821 - INFO - --- Created ALWAYS-VISIBLE conditional builder for Agent1 ---
2026-02-02 15:38:24,821 - INFO - --- Created ALWAYS-VISIBLE conditional builder for Agent1 ---
2026-02-02 15:38:24,821 - INFO -   Frame object id: 1710972443616
2026-02-02 15:38:24,821 - INFO -   Frame object id: 1710972443616
2026-02-02 15:38:24,822 - INFO -   Packed and always visible
2026-02-02 15:38:24,822 - INFO -   Packed and always visible
2026-02-02 15:38:24,829 - INFO -   Initialized with 0 condition rows and 1 assignment row
2026-02-02 15:38:24,829 - INFO -   Initialized with 0 condition rows and 1 assignment row
2026-02-02 15:38:24,840 - INFO - --- Created ALWAYS-VISIBLE conditional builder for Agent2 ---
2026-02-02 15:38:24,840 - INFO - --- Created ALWAYS-VISIBLE conditional builder for Agent2 ---
2026-02-02 15:38:24,840 - INFO -   Frame object id: 1710970409648
2026-02-02 15:38:24,840 - INFO -   Frame object id: 1710970409648
2026-02-02 15:38:24,840 - INFO -   Packed and always visible
2026-02-02 15:38:24,840 - INFO -   Packed and always visible
2026-02-02 15:38:24,842 - INFO -   Initialized with 0 condition rows and 1 assignment row
2026-02-02 15:38:24,842 - INFO -   Initialized with 0 condition rows and 1 assignment row
