2026-02-04 11:11:23,078 - INFO - === Conditional Builder Debug Session Started ===
2026-02-04 11:11:23,078 - INFO - Log file: conditional_builder_debug_20260204_111123.log
2026-02-04 11:11:23,084 - INFO - === Conditional Builder Debug Session Started ===
2026-02-04 11:11:23,084 - INFO - === Conditional Builder Debug Session Started ===
2026-02-04 11:11:23,084 - INFO - Log file: conditional_builder_debug_20260204_111123.log
2026-02-04 11:11:23,084 - INFO - Log file: conditional_builder_debug_20260204_111123.log
2026-02-04 11:11:23,309 - INFO - --- Created ALWAYS-VISIBLE conditional builder for Agent1 ---
2026-02-04 11:11:23,309 - INFO - --- Created ALWAYS-VISIBLE conditional builder for Agent1 ---
2026-02-04 11:11:23,310 - INFO -   Frame object id: 2192573479184
2026-02-04 11:11:23,310 - INFO -   Frame object id: 2192573479184
2026-02-04 11:11:23,310 - INFO -   Packed and always visible
2026-02-04 11:11:23,310 - INFO -   Packed and always visible
2026-02-04 11:11:23,318 - INFO -   Initialized with 0 condition rows and 1 assignment row
2026-02-04 11:11:23,318 - INFO -   Initialized with 0 condition rows and 1 assignment row
2026-02-04 11:11:23,330 - INFO - --- Created ALWAYS-VISIBLE conditional builder for Agent2 ---
2026-02-04 11:11:23,330 - INFO - --- Created ALWAYS-VISIBLE conditional builder for Agent2 ---
2026-02-04 11:11:23,330 - INFO -   Frame object id: 2192573514800
2026-02-04 11:11:23,330 - INFO -   Frame object id: 2192573514800
2026-02-04 11:11:23,330 - INFO -   Packed and always visible
2026-02-04 11:11:23,330 - INFO -   Packed and always visible
2026-02-04 11:11:23,332 - INFO -   Initialized with 0 condition rows and 1 assignment row
2026-02-04 11:11:23,332 - INFO -   Initialized with 0 condition rows and 1 assignment row
