2026-02-04 12:41:42,236 - INFO - === Conditional Builder Debug Session Started ===
2026-02-04 12:41:42,236 - INFO - Log file: conditional_builder_debug_20260204_124142.log
2026-02-04 12:41:42,241 - INFO - === Conditional Builder Debug Session Started ===
2026-02-04 12:41:42,241 - INFO - === Conditional Builder Debug Session Started ===
2026-02-04 12:41:42,241 - INFO - Log file: conditional_builder_debug_20260204_124142.log
2026-02-04 12:41:42,241 - INFO - Log file: conditional_builder_debug_20260204_124142.log
2026-02-04 12:41:42,448 - INFO - --- Created ALWAYS-VISIBLE conditional builder for Agent1 ---
2026-02-04 12:41:42,448 - INFO - --- Created ALWAYS-VISIBLE conditional builder for Agent1 ---
2026-02-04 12:41:42,448 - INFO -   Frame object id: 1995121707952
2026-02-04 12:41:42,448 - INFO -   Frame object id: 1995121707952
2026-02-04 12:41:42,448 - INFO -   Packed and always visible
2026-02-04 12:41:42,448 - INFO -   Packed and always visible
2026-02-04 12:41:42,457 - INFO -   Initialized with 0 condition rows and 1 assignment row
2026-02-04 12:41:42,457 - INFO -   Initialized with 0 condition rows and 1 assignment row
2026-02-04 12:41:42,469 - INFO - --- Created ALWAYS-VISIBLE conditional builder for Agent2 ---
2026-02-04 12:41:42,469 - INFO - --- Created ALWAYS-VISIBLE conditional builder for Agent2 ---
2026-02-04 12:41:42,469 - INFO -   Frame object id: 1995121739472
2026-02-04 12:41:42,469 - INFO -   Frame object id: 1995121739472
2026-02-04 12:41:42,469 - INFO -   Packed and always visible
2026-02-04 12:41:42,469 - INFO -   Packed and always visible
2026-02-04 12:41:42,472 - INFO -   Initialized with 0 condition rows and 1 assignment row
2026-02-04 12:41:42,472 - INFO -   Initialized with 0 condition rows and 1 assignment row
