2026-02-03 11:52:10,039 - INFO - === Conditional Builder Debug Session Started ===
2026-02-03 11:52:10,039 - INFO - Log file: conditional_builder_debug_20260203_115210.log
2026-02-03 11:52:10,045 - INFO - === Conditional Builder Debug Session Started ===
2026-02-03 11:52:10,045 - INFO - === Conditional Builder Debug Session Started ===
2026-02-03 11:52:10,045 - INFO - Log file: conditional_builder_debug_20260203_115210.log
2026-02-03 11:52:10,045 - INFO - Log file: conditional_builder_debug_20260203_115210.log
2026-02-03 11:52:10,260 - INFO - --- Created ALWAYS-VISIBLE conditional builder for Agent1 ---
2026-02-03 11:52:10,260 - INFO - --- Created ALWAYS-VISIBLE conditional builder for Agent1 ---
2026-02-03 11:52:10,260 - INFO -   Frame object id: 2463615473792
2026-02-03 11:52:10,260 - INFO -   Frame object id: 2463615473792
2026-02-03 11:52:10,260 - INFO -   Packed and always visible
2026-02-03 11:52:10,260 - INFO -   Packed and always visible
2026-02-03 11:52:10,269 - INFO -   Initialized with 0 condition rows and 1 assignment row
2026-02-03 11:52:10,269 - INFO -   Initialized with 0 condition rows and 1 assignment row
2026-02-03 11:52:10,281 - INFO - --- Created ALWAYS-VISIBLE conditional builder for Agent2 ---
2026-02-03 11:52:10,281 - INFO - --- Created ALWAYS-VISIBLE conditional builder for Agent2 ---
2026-02-03 11:52:10,282 - INFO -   Frame object id: 2463615513504
2026-02-03 11:52:10,282 - INFO -   Frame object id: 2463615513504
2026-02-03 11:52:10,282 - INFO -   Packed and always visible
2026-02-03 11:52:10,282 - INFO -   Packed and always visible
2026-02-03 11:52:10,287 - INFO -   Initialized with 0 condition rows and 1 assignment row
2026-02-03 11:52:10,287 - INFO -   Initialized with 0 condition rows and 1 assignment row
