2026-02-02 12:07:28,052 - INFO - === Conditional Builder Debug Session Started ===
2026-02-02 12:07:28,052 - INFO - Log file: conditional_builder_debug_20260202_120728.log
2026-02-02 12:07:28,058 - INFO - === Conditional Builder Debug Session Started ===
2026-02-02 12:07:28,058 - INFO - === Conditional Builder Debug Session Started ===
2026-02-02 12:07:28,059 - INFO - Log file: conditional_builder_debug_20260202_120728.log
2026-02-02 12:07:28,059 - INFO - Log file: conditional_builder_debug_20260202_120728.log
2026-02-02 12:07:28,294 - INFO - --- Created ALWAYS-VISIBLE conditional builder for Agent1 ---
2026-02-02 12:07:28,294 - INFO - --- Created ALWAYS-VISIBLE conditional builder for Agent1 ---
2026-02-02 12:07:28,361 - INFO -   Frame object id: 2291229899888
2026-02-02 12:07:28,361 - INFO -   Frame object id: 2291229899888
2026-02-02 12:07:28,361 - INFO -   Packed and always visible
2026-02-02 12:07:28,361 - INFO -   Packed and always visible
2026-02-02 12:07:28,370 - INFO -   Initialized with 0 condition rows and 1 assignment row
2026-02-02 12:07:28,370 - INFO -   Initialized with 0 condition rows and 1 assignment row
2026-02-02 12:07:28,382 - INFO - --- Created ALWAYS-VISIBLE conditional builder for Agent2 ---
2026-02-02 12:07:28,382 - INFO - --- Created ALWAYS-VISIBLE conditional builder for Agent2 ---
2026-02-02 12:07:28,382 - INFO -   Frame object id: 2291228167616
2026-02-02 12:07:28,382 - INFO -   Frame object id: 2291228167616
2026-02-02 12:07:28,382 - INFO -   Packed and always visible
2026-02-02 12:07:28,382 - INFO -   Packed and always visible
2026-02-02 12:07:28,385 - INFO -   Initialized with 0 condition rows and 1 assignment row
2026-02-02 12:07:28,385 - INFO -   Initialized with 0 condition rows and 1 assignment row
