2026-02-02 12:53:34,711 - INFO - === Conditional Builder Debug Session Started ===
2026-02-02 12:53:34,711 - INFO - Log file: conditional_builder_debug_20260202_125334.log
2026-02-02 12:53:34,716 - INFO - === Conditional Builder Debug Session Started ===
2026-02-02 12:53:34,716 - INFO - === Conditional Builder Debug Session Started ===
2026-02-02 12:53:34,716 - INFO - Log file: conditional_builder_debug_20260202_125334.log
2026-02-02 12:53:34,716 - INFO - Log file: conditional_builder_debug_20260202_125334.log
2026-02-02 12:53:34,950 - INFO - --- Created ALWAYS-VISIBLE conditional builder for Agent1 ---
2026-02-02 12:53:34,950 - INFO - --- Created ALWAYS-VISIBLE conditional builder for Agent1 ---
2026-02-02 12:53:34,951 - INFO -   Frame object id: 2038218020848
2026-02-02 12:53:34,951 - INFO -   Frame object id: 2038218020848
2026-02-02 12:53:34,951 - INFO -   Packed and always visible
2026-02-02 12:53:34,951 - INFO -   Packed and always visible
2026-02-02 12:53:34,960 - INFO -   Initialized with 0 condition rows and 1 assignment row
2026-02-02 12:53:34,960 - INFO -   Initialized with 0 condition rows and 1 assignment row
2026-02-02 12:53:34,973 - INFO - --- Created ALWAYS-VISIBLE conditional builder for Agent2 ---
2026-02-02 12:53:34,973 - INFO - --- Created ALWAYS-VISIBLE conditional builder for Agent2 ---
2026-02-02 12:53:34,973 - INFO -   Frame object id: 2038217986880
2026-02-02 12:53:34,973 - INFO -   Frame object id: 2038217986880
2026-02-02 12:53:34,973 - INFO -   Packed and always visible
2026-02-02 12:53:34,973 - INFO -   Packed and always visible
2026-02-02 12:53:34,976 - INFO -   Initialized with 0 condition rows and 1 assignment row
2026-02-02 12:53:34,976 - INFO -   Initialized with 0 condition rows and 1 assignment row
