2026-02-02 13:38:51,572 - INFO - === Conditional Builder Debug Session Started ===
2026-02-02 13:38:51,572 - INFO - Log file: conditional_builder_debug_20260202_133851.log
2026-02-02 13:38:51,578 - INFO - === Conditional Builder Debug Session Started ===
2026-02-02 13:38:51,578 - INFO - === Conditional Builder Debug Session Started ===
2026-02-02 13:38:51,578 - INFO - Log file: conditional_builder_debug_20260202_133851.log
2026-02-02 13:38:51,578 - INFO - Log file: conditional_builder_debug_20260202_133851.log
2026-02-02 13:38:51,816 - INFO - --- Created ALWAYS-VISIBLE conditional builder for Agent1 ---
2026-02-02 13:38:51,816 - INFO - --- Created ALWAYS-VISIBLE conditional builder for Agent1 ---
2026-02-02 13:38:51,816 - INFO -   Frame object id: 3277803243360
2026-02-02 13:38:51,816 - INFO -   Frame object id: 3277803243360
2026-02-02 13:38:51,816 - INFO -   Packed and always visible
2026-02-02 13:38:51,816 - INFO -   Packed and always visible
2026-02-02 13:38:51,825 - INFO -   Initialized with 0 condition rows and 1 assignment row
2026-02-02 13:38:51,825 - INFO -   Initialized with 0 condition rows and 1 assignment row
2026-02-02 13:38:51,839 - INFO - --- Created ALWAYS-VISIBLE conditional builder for Agent2 ---
2026-02-02 13:38:51,839 - INFO - --- Created ALWAYS-VISIBLE conditional builder for Agent2 ---
2026-02-02 13:38:51,839 - INFO -   Frame object id: 3277803278976
2026-02-02 13:38:51,839 - INFO -   Frame object id: 3277803278976
2026-02-02 13:38:51,839 - INFO -   Packed and always visible
2026-02-02 13:38:51,839 - INFO -   Packed and always visible
2026-02-02 13:38:51,841 - INFO -   Initialized with 0 condition rows and 1 assignment row
2026-02-02 13:38:51,841 - INFO -   Initialized with 0 condition rows and 1 assignment row
