2026-02-03 12:15:01,672 - INFO - === Conditional Builder Debug Session Started ===
2026-02-03 12:15:01,672 - INFO - Log file: conditional_builder_debug_20260203_121501.log
2026-02-03 12:15:01,677 - INFO - === Conditional Builder Debug Session Started ===
2026-02-03 12:15:01,677 - INFO - === Conditional Builder Debug Session Started ===
2026-02-03 12:15:01,677 - INFO - Log file: conditional_builder_debug_20260203_121501.log
2026-02-03 12:15:01,677 - INFO - Log file: conditional_builder_debug_20260203_121501.log
2026-02-03 12:15:01,882 - INFO - --- Created ALWAYS-VISIBLE conditional builder for Agent1 ---
2026-02-03 12:15:01,882 - INFO - --- Created ALWAYS-VISIBLE conditional builder for Agent1 ---
2026-02-03 12:15:01,882 - INFO -   Frame object id: 2957830989472
2026-02-03 12:15:01,882 - INFO -   Frame object id: 2957830989472
2026-02-03 12:15:01,883 - INFO -   Packed and always visible
2026-02-03 12:15:01,883 - INFO -   Packed and always visible
2026-02-03 12:15:01,891 - INFO -   Initialized with 0 condition rows and 1 assignment row
2026-02-03 12:15:01,891 - INFO -   Initialized with 0 condition rows and 1 assignment row
2026-02-03 12:15:01,903 - INFO - --- Created ALWAYS-VISIBLE conditional builder for Agent2 ---
2026-02-03 12:15:01,903 - INFO - --- Created ALWAYS-VISIBLE conditional builder for Agent2 ---
2026-02-03 12:15:01,903 - INFO -   Frame object id: 2957830949760
2026-02-03 12:15:01,903 - INFO -   Frame object id: 2957830949760
2026-02-03 12:15:01,903 - INFO -   Packed and always visible
2026-02-03 12:15:01,903 - INFO -   Packed and always visible
2026-02-03 12:15:01,905 - INFO -   Initialized with 0 condition rows and 1 assignment row
2026-02-03 12:15:01,905 - INFO -   Initialized with 0 condition rows and 1 assignment row
