2026-02-03 12:29:00,303 - INFO - === Conditional Builder Debug Session Started ===
2026-02-03 12:29:00,303 - INFO - Log file: conditional_builder_debug_20260203_122900.log
2026-02-03 12:29:00,309 - INFO - === Conditional Builder Debug Session Started ===
2026-02-03 12:29:00,309 - INFO - === Conditional Builder Debug Session Started ===
2026-02-03 12:29:00,309 - INFO - Log file: conditional_builder_debug_20260203_122900.log
2026-02-03 12:29:00,309 - INFO - Log file: conditional_builder_debug_20260203_122900.log
2026-02-03 12:29:00,537 - INFO - --- Created ALWAYS-VISIBLE conditional builder for Agent1 ---
2026-02-03 12:29:00,537 - INFO - --- Created ALWAYS-VISIBLE conditional builder for Agent1 ---
2026-02-03 12:29:00,537 - INFO -   Frame object id: 1652042552464
2026-02-03 12:29:00,537 - INFO -   Frame object id: 1652042552464
2026-02-03 12:29:00,537 - INFO -   Packed and always visible
2026-02-03 12:29:00,537 - INFO -   Packed and always visible
2026-02-03 12:29:00,545 - INFO -   Initialized with 0 condition rows and 1 assignment row
2026-02-03 12:29:00,545 - INFO -   Initialized with 0 condition rows and 1 assignment row
2026-02-03 12:29:00,556 - INFO - --- Created ALWAYS-VISIBLE conditional builder for Agent2 ---
2026-02-03 12:29:00,556 - INFO - --- Created ALWAYS-VISIBLE conditional builder for Agent2 ---
2026-02-03 12:29:00,556 - INFO -   Frame object id: 1652042555344
2026-02-03 12:29:00,556 - INFO -   Frame object id: 1652042555344
2026-02-03 12:29:00,556 - INFO -   Packed and always visible
2026-02-03 12:29:00,556 - INFO -   Packed and always visible
2026-02-03 12:29:00,559 - INFO -   Initialized with 0 condition rows and 1 assignment row
2026-02-03 12:29:00,559 - INFO -   Initialized with 0 condition rows and 1 assignment row
