2026-01-30 12:51:18,033 - INFO - === Conditional Builder Debug Session Started ===
2026-01-30 12:51:18,033 - INFO - Log file: conditional_builder_debug_20260130_125118.log
2026-01-30 12:51:18,038 - INFO - === Conditional Builder Debug Session Started ===
2026-01-30 12:51:18,038 - INFO - === Conditional Builder Debug Session Started ===
2026-01-30 12:51:18,039 - INFO - Log file: conditional_builder_debug_20260130_125118.log
2026-01-30 12:51:18,039 - INFO - Log file: conditional_builder_debug_20260130_125118.log
2026-01-30 12:51:18,239 - INFO - --- Created ALWAYS-VISIBLE conditional builder for Agent1 ---
2026-01-30 12:51:18,239 - INFO - --- Created ALWAYS-VISIBLE conditional builder for Agent1 ---
2026-01-30 12:51:18,351 - INFO -   Frame object id: 2263445419584
2026-01-30 12:51:18,351 - INFO -   Frame object id: 2263445419584
2026-01-30 12:51:18,351 - INFO -   Packed and always visible
2026-01-30 12:51:18,351 - INFO -   Packed and always visible
2026-01-30 12:51:18,359 - INFO -   Initialized with 0 condition rows and 1 assignment row
2026-01-30 12:51:18,359 - INFO -   Initialized with 0 condition rows and 1 assignment row
2026-01-30 12:51:18,370 - INFO - --- Created ALWAYS-VISIBLE conditional builder for Agent2 ---
2026-01-30 12:51:18,370 - INFO - --- Created ALWAYS-VISIBLE conditional builder for Agent2 ---
2026-01-30 12:51:18,370 - INFO -   Frame object id: 2263445451104
2026-01-30 12:51:18,370 - INFO -   Frame object id: 2263445451104
2026-01-30 12:51:18,370 - INFO -   Packed and always visible
2026-01-30 12:51:18,370 - INFO -   Packed and always visible
2026-01-30 12:51:18,373 - INFO -   Initialized with 0 condition rows and 1 assignment row
2026-01-30 12:51:18,373 - INFO -   Initialized with 0 condition rows and 1 assignment row
