2026-02-03 12:16:57,711 - INFO - === Conditional Builder Debug Session Started ===
2026-02-03 12:16:57,711 - INFO - Log file: conditional_builder_debug_20260203_121657.log
2026-02-03 12:16:57,717 - INFO - === Conditional Builder Debug Session Started ===
2026-02-03 12:16:57,717 - INFO - === Conditional Builder Debug Session Started ===
2026-02-03 12:16:57,717 - INFO - Log file: conditional_builder_debug_20260203_121657.log
2026-02-03 12:16:57,717 - INFO - Log file: conditional_builder_debug_20260203_121657.log
2026-02-03 12:16:57,932 - INFO - --- Created ALWAYS-VISIBLE conditional builder for Agent1 ---
2026-02-03 12:16:57,932 - INFO - --- Created ALWAYS-VISIBLE conditional builder for Agent1 ---
2026-02-03 12:16:57,932 - INFO -   Frame object id: 2257247168880
2026-02-03 12:16:57,932 - INFO -   Frame object id: 2257247168880
2026-02-03 12:16:57,932 - INFO -   Packed and always visible
2026-02-03 12:16:57,932 - INFO -   Packed and always visible
2026-02-03 12:16:57,940 - INFO -   Initialized with 0 condition rows and 1 assignment row
2026-02-03 12:16:57,940 - INFO -   Initialized with 0 condition rows and 1 assignment row
2026-02-03 12:16:57,952 - INFO - --- Created ALWAYS-VISIBLE conditional builder for Agent2 ---
2026-02-03 12:16:57,952 - INFO - --- Created ALWAYS-VISIBLE conditional builder for Agent2 ---
2026-02-03 12:16:57,952 - INFO -   Frame object id: 2257247204592
2026-02-03 12:16:57,952 - INFO -   Frame object id: 2257247204592
2026-02-03 12:16:57,952 - INFO -   Packed and always visible
2026-02-03 12:16:57,952 - INFO -   Packed and always visible
2026-02-03 12:16:57,955 - INFO -   Initialized with 0 condition rows and 1 assignment row
2026-02-03 12:16:57,955 - INFO -   Initialized with 0 condition rows and 1 assignment row
