2026-02-04 11:19:26,123 - INFO - === Conditional Builder Debug Session Started ===
2026-02-04 11:19:26,123 - INFO - Log file: conditional_builder_debug_20260204_111926.log
2026-02-04 11:19:26,128 - INFO - === Conditional Builder Debug Session Started ===
2026-02-04 11:19:26,128 - INFO - === Conditional Builder Debug Session Started ===
2026-02-04 11:19:26,128 - INFO - Log file: conditional_builder_debug_20260204_111926.log
2026-02-04 11:19:26,128 - INFO - Log file: conditional_builder_debug_20260204_111926.log
2026-02-04 11:19:26,336 - INFO - --- Created ALWAYS-VISIBLE conditional builder for Agent1 ---
2026-02-04 11:19:26,336 - INFO - --- Created ALWAYS-VISIBLE conditional builder for Agent1 ---
2026-02-04 11:19:26,336 - INFO -   Frame object id: 1808176966096
2026-02-04 11:19:26,336 - INFO -   Frame object id: 1808176966096
2026-02-04 11:19:26,336 - INFO -   Packed and always visible
2026-02-04 11:19:26,336 - INFO -   Packed and always visible
2026-02-04 11:19:26,344 - INFO -   Initialized with 0 condition rows and 1 assignment row
2026-02-04 11:19:26,344 - INFO -   Initialized with 0 condition rows and 1 assignment row
2026-02-04 11:19:26,356 - INFO - --- Created ALWAYS-VISIBLE conditional builder for Agent2 ---
2026-02-04 11:19:26,356 - INFO - --- Created ALWAYS-VISIBLE conditional builder for Agent2 ---
2026-02-04 11:19:26,356 - INFO -   Frame object id: 1808176908080
2026-02-04 11:19:26,356 - INFO -   Frame object id: 1808176908080
2026-02-04 11:19:26,356 - INFO -   Packed and always visible
2026-02-04 11:19:26,356 - INFO -   Packed and always visible
2026-02-04 11:19:26,359 - INFO -   Initialized with 0 condition rows and 1 assignment row
2026-02-04 11:19:26,359 - INFO -   Initialized with 0 condition rows and 1 assignment row
