2026-02-02 12:36:36,251 - INFO - === Conditional Builder Debug Session Started ===
2026-02-02 12:36:36,251 - INFO - Log file: conditional_builder_debug_20260202_123636.log
2026-02-02 12:36:36,257 - INFO - === Conditional Builder Debug Session Started ===
2026-02-02 12:36:36,257 - INFO - === Conditional Builder Debug Session Started ===
2026-02-02 12:36:36,257 - INFO - Log file: conditional_builder_debug_20260202_123636.log
2026-02-02 12:36:36,257 - INFO - Log file: conditional_builder_debug_20260202_123636.log
2026-02-02 12:36:36,491 - INFO - --- Created ALWAYS-VISIBLE conditional builder for Agent1 ---
2026-02-02 12:36:36,491 - INFO - --- Created ALWAYS-VISIBLE conditional builder for Agent1 ---
2026-02-02 12:36:36,491 - INFO -   Frame object id: 2980784387888
2026-02-02 12:36:36,491 - INFO -   Frame object id: 2980784387888
2026-02-02 12:36:36,491 - INFO -   Packed and always visible
2026-02-02 12:36:36,491 - INFO -   Packed and always visible
2026-02-02 12:36:36,500 - INFO -   Initialized with 0 condition rows and 1 assignment row
2026-02-02 12:36:36,500 - INFO -   Initialized with 0 condition rows and 1 assignment row
2026-02-02 12:36:36,514 - INFO - --- Created ALWAYS-VISIBLE conditional builder for Agent2 ---
2026-02-02 12:36:36,514 - INFO - --- Created ALWAYS-VISIBLE conditional builder for Agent2 ---
2026-02-02 12:36:36,514 - INFO -   Frame object id: 2980784419408
2026-02-02 12:36:36,514 - INFO -   Frame object id: 2980784419408
2026-02-02 12:36:36,514 - INFO -   Packed and always visible
2026-02-02 12:36:36,514 - INFO -   Packed and always visible
2026-02-02 12:36:36,520 - INFO -   Initialized with 0 condition rows and 1 assignment row
2026-02-02 12:36:36,520 - INFO -   Initialized with 0 condition rows and 1 assignment row
