2026-02-03 15:28:20,391 - INFO - === Conditional Builder Debug Session Started ===
2026-02-03 15:28:20,391 - INFO - Log file: conditional_builder_debug_20260203_152820.log
2026-02-03 15:28:20,396 - INFO - === Conditional Builder Debug Session Started ===
2026-02-03 15:28:20,396 - INFO - === Conditional Builder Debug Session Started ===
2026-02-03 15:28:20,396 - INFO - Log file: conditional_builder_debug_20260203_152820.log
2026-02-03 15:28:20,396 - INFO - Log file: conditional_builder_debug_20260203_152820.log
2026-02-03 15:28:20,621 - INFO - --- Created ALWAYS-VISIBLE conditional builder for Agent1 ---
2026-02-03 15:28:20,621 - INFO - --- Created ALWAYS-VISIBLE conditional builder for Agent1 ---
2026-02-03 15:28:20,622 - INFO -   Frame object id: 2217000725232
2026-02-03 15:28:20,622 - INFO -   Frame object id: 2217000725232
2026-02-03 15:28:20,622 - INFO -   Packed and always visible
2026-02-03 15:28:20,622 - INFO -   Packed and always visible
2026-02-03 15:28:20,629 - INFO -   Initialized with 0 condition rows and 1 assignment row
2026-02-03 15:28:20,629 - INFO -   Initialized with 0 condition rows and 1 assignment row
2026-02-03 15:28:20,641 - INFO - --- Created ALWAYS-VISIBLE conditional builder for Agent2 ---
2026-02-03 15:28:20,641 - INFO - --- Created ALWAYS-VISIBLE conditional builder for Agent2 ---
2026-02-03 15:28:20,641 - INFO -   Frame object id: 2217000773232
2026-02-03 15:28:20,641 - INFO -   Frame object id: 2217000773232
2026-02-03 15:28:20,641 - INFO -   Packed and always visible
2026-02-03 15:28:20,641 - INFO -   Packed and always visible
2026-02-03 15:28:20,643 - INFO -   Initialized with 0 condition rows and 1 assignment row
2026-02-03 15:28:20,643 - INFO -   Initialized with 0 condition rows and 1 assignment row
