2026-02-02 15:05:39,792 - INFO - === Conditional Builder Debug Session Started ===
2026-02-02 15:05:39,792 - INFO - Log file: conditional_builder_debug_20260202_150539.log
2026-02-02 15:05:39,797 - INFO - === Conditional Builder Debug Session Started ===
2026-02-02 15:05:39,797 - INFO - === Conditional Builder Debug Session Started ===
2026-02-02 15:05:39,797 - INFO - Log file: conditional_builder_debug_20260202_150539.log
2026-02-02 15:05:39,797 - INFO - Log file: conditional_builder_debug_20260202_150539.log
2026-02-02 15:05:40,019 - INFO - --- Created ALWAYS-VISIBLE conditional builder for Agent1 ---
2026-02-02 15:05:40,019 - INFO - --- Created ALWAYS-VISIBLE conditional builder for Agent1 ---
2026-02-02 15:05:40,020 - INFO -   Frame object id: 2667168495648
2026-02-02 15:05:40,020 - INFO -   Frame object id: 2667168495648
2026-02-02 15:05:40,020 - INFO -   Packed and always visible
2026-02-02 15:05:40,020 - INFO -   Packed and always visible
2026-02-02 15:05:40,028 - INFO -   Initialized with 0 condition rows and 1 assignment row
2026-02-02 15:05:40,028 - INFO -   Initialized with 0 condition rows and 1 assignment row
2026-02-02 15:05:40,039 - INFO - --- Created ALWAYS-VISIBLE conditional builder for Agent2 ---
2026-02-02 15:05:40,039 - INFO - --- Created ALWAYS-VISIBLE conditional builder for Agent2 ---
2026-02-02 15:05:40,039 - INFO -   Frame object id: 2667168339280
2026-02-02 15:05:40,039 - INFO -   Frame object id: 2667168339280
2026-02-02 15:05:40,039 - INFO -   Packed and always visible
2026-02-02 15:05:40,039 - INFO -   Packed and always visible
2026-02-02 15:05:40,042 - INFO -   Initialized with 0 condition rows and 1 assignment row
2026-02-02 15:05:40,042 - INFO -   Initialized with 0 condition rows and 1 assignment row
