2026-02-03 12:51:18,048 - INFO - === Conditional Builder Debug Session Started ===
2026-02-03 12:51:18,048 - INFO - Log file: conditional_builder_debug_20260203_125118.log
2026-02-03 12:51:18,054 - INFO - === Conditional Builder Debug Session Started ===
2026-02-03 12:51:18,054 - INFO - === Conditional Builder Debug Session Started ===
2026-02-03 12:51:18,054 - INFO - Log file: conditional_builder_debug_20260203_125118.log
2026-02-03 12:51:18,054 - INFO - Log file: conditional_builder_debug_20260203_125118.log
2026-02-03 12:51:18,288 - INFO - --- Created ALWAYS-VISIBLE conditional builder for Agent1 ---
2026-02-03 12:51:18,288 - INFO - --- Created ALWAYS-VISIBLE conditional builder for Agent1 ---
2026-02-03 12:51:18,289 - INFO -   Frame object id: 1443278707104
2026-02-03 12:51:18,289 - INFO -   Frame object id: 1443278707104
2026-02-03 12:51:18,289 - INFO -   Packed and always visible
2026-02-03 12:51:18,289 - INFO -   Packed and always visible
2026-02-03 12:51:18,296 - INFO -   Initialized with 0 condition rows and 1 assignment row
2026-02-03 12:51:18,296 - INFO -   Initialized with 0 condition rows and 1 assignment row
2026-02-03 12:51:18,307 - INFO - --- Created ALWAYS-VISIBLE conditional builder for Agent2 ---
2026-02-03 12:51:18,307 - INFO - --- Created ALWAYS-VISIBLE conditional builder for Agent2 ---
2026-02-03 12:51:18,307 - INFO -   Frame object id: 1443278751008
2026-02-03 12:51:18,307 - INFO -   Frame object id: 1443278751008
2026-02-03 12:51:18,307 - INFO -   Packed and always visible
2026-02-03 12:51:18,307 - INFO -   Packed and always visible
2026-02-03 12:51:18,309 - INFO -   Initialized with 0 condition rows and 1 assignment row
2026-02-03 12:51:18,309 - INFO -   Initialized with 0 condition rows and 1 assignment row
