2026-02-03 10:33:06,871 - INFO - === Conditional Builder Debug Session Started ===
2026-02-03 10:33:06,871 - INFO - Log file: conditional_builder_debug_20260203_103306.log
2026-02-03 10:33:06,877 - INFO - === Conditional Builder Debug Session Started ===
2026-02-03 10:33:06,877 - INFO - === Conditional Builder Debug Session Started ===
2026-02-03 10:33:06,877 - INFO - Log file: conditional_builder_debug_20260203_103306.log
2026-02-03 10:33:06,877 - INFO - Log file: conditional_builder_debug_20260203_103306.log
2026-02-03 10:33:07,099 - INFO - --- Created ALWAYS-VISIBLE conditional builder for Agent1 ---
2026-02-03 10:33:07,099 - INFO - --- Created ALWAYS-VISIBLE conditional builder for Agent1 ---
2026-02-03 10:33:07,100 - INFO -   Frame object id: 2776692770512
2026-02-03 10:33:07,100 - INFO -   Frame object id: 2776692770512
2026-02-03 10:33:07,100 - INFO -   Packed and always visible
2026-02-03 10:33:07,100 - INFO -   Packed and always visible
2026-02-03 10:33:07,107 - INFO -   Initialized with 0 condition rows and 1 assignment row
2026-02-03 10:33:07,107 - INFO -   Initialized with 0 condition rows and 1 assignment row
2026-02-03 10:33:07,120 - INFO - --- Created ALWAYS-VISIBLE conditional builder for Agent2 ---
2026-02-03 10:33:07,120 - INFO - --- Created ALWAYS-VISIBLE conditional builder for Agent2 ---
2026-02-03 10:33:07,121 - INFO -   Frame object id: 2776692741216
2026-02-03 10:33:07,121 - INFO -   Frame object id: 2776692741216
2026-02-03 10:33:07,121 - INFO -   Packed and always visible
2026-02-03 10:33:07,121 - INFO -   Packed and always visible
2026-02-03 10:33:07,123 - INFO -   Initialized with 0 condition rows and 1 assignment row
2026-02-03 10:33:07,123 - INFO -   Initialized with 0 condition rows and 1 assignment row
