2026-02-03 11:16:15,021 - INFO - === Conditional Builder Debug Session Started ===
2026-02-03 11:16:15,022 - INFO - Log file: conditional_builder_debug_20260203_111615.log
2026-02-03 11:16:15,027 - INFO - === Conditional Builder Debug Session Started ===
2026-02-03 11:16:15,027 - INFO - === Conditional Builder Debug Session Started ===
2026-02-03 11:16:15,027 - INFO - Log file: conditional_builder_debug_20260203_111615.log
2026-02-03 11:16:15,027 - INFO - Log file: conditional_builder_debug_20260203_111615.log
2026-02-03 11:16:15,228 - INFO - --- Created ALWAYS-VISIBLE conditional builder for Agent1 ---
2026-02-03 11:16:15,228 - INFO - --- Created ALWAYS-VISIBLE conditional builder for Agent1 ---
2026-02-03 11:16:15,228 - INFO -   Frame object id: 1958338148480
2026-02-03 11:16:15,228 - INFO -   Frame object id: 1958338148480
2026-02-03 11:16:15,228 - INFO -   Packed and always visible
2026-02-03 11:16:15,228 - INFO -   Packed and always visible
2026-02-03 11:16:15,235 - INFO -   Initialized with 0 condition rows and 1 assignment row
2026-02-03 11:16:15,235 - INFO -   Initialized with 0 condition rows and 1 assignment row
2026-02-03 11:16:15,248 - INFO - --- Created ALWAYS-VISIBLE conditional builder for Agent2 ---
2026-02-03 11:16:15,248 - INFO - --- Created ALWAYS-VISIBLE conditional builder for Agent2 ---
2026-02-03 11:16:15,248 - INFO -   Frame object id: 1958338184096
2026-02-03 11:16:15,248 - INFO -   Frame object id: 1958338184096
2026-02-03 11:16:15,248 - INFO -   Packed and always visible
2026-02-03 11:16:15,248 - INFO -   Packed and always visible
2026-02-03 11:16:15,250 - INFO -   Initialized with 0 condition rows and 1 assignment row
2026-02-03 11:16:15,250 - INFO -   Initialized with 0 condition rows and 1 assignment row
