2026-02-02 13:11:48,004 - INFO - === Conditional Builder Debug Session Started ===
2026-02-02 13:11:48,004 - INFO - Log file: conditional_builder_debug_20260202_131148.log
2026-02-02 13:11:48,009 - INFO - === Conditional Builder Debug Session Started ===
2026-02-02 13:11:48,009 - INFO - === Conditional Builder Debug Session Started ===
2026-02-02 13:11:48,011 - INFO - Log file: conditional_builder_debug_20260202_131148.log
2026-02-02 13:11:48,011 - INFO - Log file: conditional_builder_debug_20260202_131148.log
2026-02-02 13:11:48,242 - INFO - --- Created ALWAYS-VISIBLE conditional builder for Agent1 ---
2026-02-02 13:11:48,242 - INFO - --- Created ALWAYS-VISIBLE conditional builder for Agent1 ---
2026-02-02 13:11:48,243 - INFO -   Frame object id: 2179973367792
2026-02-02 13:11:48,243 - INFO -   Frame object id: 2179973367792
2026-02-02 13:11:48,243 - INFO -   Packed and always visible
2026-02-02 13:11:48,243 - INFO -   Packed and always visible
2026-02-02 13:11:48,251 - INFO -   Initialized with 0 condition rows and 1 assignment row
2026-02-02 13:11:48,251 - INFO -   Initialized with 0 condition rows and 1 assignment row
2026-02-02 13:11:48,262 - INFO - --- Created ALWAYS-VISIBLE conditional builder for Agent2 ---
2026-02-02 13:11:48,262 - INFO - --- Created ALWAYS-VISIBLE conditional builder for Agent2 ---
2026-02-02 13:11:48,263 - INFO -   Frame object id: 2179973329728
2026-02-02 13:11:48,263 - INFO -   Frame object id: 2179973329728
2026-02-02 13:11:48,263 - INFO -   Packed and always visible
2026-02-02 13:11:48,263 - INFO -   Packed and always visible
2026-02-02 13:11:48,266 - INFO -   Initialized with 0 condition rows and 1 assignment row
2026-02-02 13:11:48,266 - INFO -   Initialized with 0 condition rows and 1 assignment row
