2026-02-03 11:52:05,890 - INFO - === Conditional Builder Debug Session Started ===
2026-02-03 11:52:05,890 - INFO - Log file: conditional_builder_debug_20260203_115205.log
2026-02-03 11:52:05,896 - INFO - === Conditional Builder Debug Session Started ===
2026-02-03 11:52:05,896 - INFO - === Conditional Builder Debug Session Started ===
2026-02-03 11:52:05,896 - INFO - Log file: conditional_builder_debug_20260203_115205.log
2026-02-03 11:52:05,896 - INFO - Log file: conditional_builder_debug_20260203_115205.log
2026-02-03 11:52:06,102 - INFO - --- Created ALWAYS-VISIBLE conditional builder for Agent1 ---
2026-02-03 11:52:06,102 - INFO - --- Created ALWAYS-VISIBLE conditional builder for Agent1 ---
2026-02-03 11:52:06,102 - INFO -   Frame object id: 2728805758096
2026-02-03 11:52:06,102 - INFO -   Frame object id: 2728805758096
2026-02-03 11:52:06,102 - INFO -   Packed and always visible
2026-02-03 11:52:06,102 - INFO -   Packed and always visible
2026-02-03 11:52:06,110 - INFO -   Initialized with 0 condition rows and 1 assignment row
2026-02-03 11:52:06,110 - INFO -   Initialized with 0 condition rows and 1 assignment row
2026-02-03 11:52:06,123 - INFO - --- Created ALWAYS-VISIBLE conditional builder for Agent2 ---
2026-02-03 11:52:06,123 - INFO - --- Created ALWAYS-VISIBLE conditional builder for Agent2 ---
2026-02-03 11:52:06,123 - INFO -   Frame object id: 2728805760736
2026-02-03 11:52:06,123 - INFO -   Frame object id: 2728805760736
2026-02-03 11:52:06,123 - INFO -   Packed and always visible
2026-02-03 11:52:06,123 - INFO -   Packed and always visible
2026-02-03 11:52:06,125 - INFO -   Initialized with 0 condition rows and 1 assignment row
2026-02-03 11:52:06,125 - INFO -   Initialized with 0 condition rows and 1 assignment row
