2026-02-03 11:48:13,443 - INFO - === Conditional Builder Debug Session Started ===
2026-02-03 11:48:13,443 - INFO - Log file: conditional_builder_debug_20260203_114813.log
2026-02-03 11:48:13,449 - INFO - === Conditional Builder Debug Session Started ===
2026-02-03 11:48:13,449 - INFO - === Conditional Builder Debug Session Started ===
2026-02-03 11:48:13,449 - INFO - Log file: conditional_builder_debug_20260203_114813.log
2026-02-03 11:48:13,449 - INFO - Log file: conditional_builder_debug_20260203_114813.log
2026-02-03 11:48:13,651 - INFO - --- Created ALWAYS-VISIBLE conditional builder for Agent1 ---
2026-02-03 11:48:13,651 - INFO - --- Created ALWAYS-VISIBLE conditional builder for Agent1 ---
2026-02-03 11:48:13,652 - INFO -   Frame object id: 1991275980448
2026-02-03 11:48:13,652 - INFO -   Frame object id: 1991275980448
2026-02-03 11:48:13,652 - INFO -   Packed and always visible
2026-02-03 11:48:13,652 - INFO -   Packed and always visible
2026-02-03 11:48:13,659 - INFO -   Initialized with 0 condition rows and 1 assignment row
2026-02-03 11:48:13,659 - INFO -   Initialized with 0 condition rows and 1 assignment row
2026-02-03 11:48:13,671 - INFO - --- Created ALWAYS-VISIBLE conditional builder for Agent2 ---
2026-02-03 11:48:13,671 - INFO - --- Created ALWAYS-VISIBLE conditional builder for Agent2 ---
2026-02-03 11:48:13,671 - INFO -   Frame object id: 1991275944832
2026-02-03 11:48:13,671 - INFO -   Frame object id: 1991275944832
2026-02-03 11:48:13,671 - INFO -   Packed and always visible
2026-02-03 11:48:13,671 - INFO -   Packed and always visible
2026-02-03 11:48:13,673 - INFO -   Initialized with 0 condition rows and 1 assignment row
2026-02-03 11:48:13,673 - INFO -   Initialized with 0 condition rows and 1 assignment row
