2026-02-02 15:02:15,154 - INFO - === Conditional Builder Debug Session Started ===
2026-02-02 15:02:15,155 - INFO - Log file: conditional_builder_debug_20260202_150215.log
2026-02-02 15:02:15,161 - INFO - === Conditional Builder Debug Session Started ===
2026-02-02 15:02:15,161 - INFO - === Conditional Builder Debug Session Started ===
2026-02-02 15:02:15,161 - INFO - Log file: conditional_builder_debug_20260202_150215.log
2026-02-02 15:02:15,161 - INFO - Log file: conditional_builder_debug_20260202_150215.log
2026-02-02 15:02:15,391 - INFO - --- Created ALWAYS-VISIBLE conditional builder for Agent1 ---
2026-02-02 15:02:15,391 - INFO - --- Created ALWAYS-VISIBLE conditional builder for Agent1 ---
2026-02-02 15:02:15,392 - INFO -   Frame object id: 2774544939952
2026-02-02 15:02:15,392 - INFO -   Frame object id: 2774544939952
2026-02-02 15:02:15,392 - INFO -   Packed and always visible
2026-02-02 15:02:15,392 - INFO -   Packed and always visible
2026-02-02 15:02:15,401 - INFO -   Initialized with 0 condition rows and 1 assignment row
2026-02-02 15:02:15,401 - INFO -   Initialized with 0 condition rows and 1 assignment row
2026-02-02 15:02:15,414 - INFO - --- Created ALWAYS-VISIBLE conditional builder for Agent2 ---
2026-02-02 15:02:15,414 - INFO - --- Created ALWAYS-VISIBLE conditional builder for Agent2 ---
2026-02-02 15:02:15,414 - INFO -   Frame object id: 2774543207872
2026-02-02 15:02:15,414 - INFO -   Frame object id: 2774543207872
2026-02-02 15:02:15,414 - INFO -   Packed and always visible
2026-02-02 15:02:15,414 - INFO -   Packed and always visible
2026-02-02 15:02:15,417 - INFO -   Initialized with 0 condition rows and 1 assignment row
2026-02-02 15:02:15,417 - INFO -   Initialized with 0 condition rows and 1 assignment row
