2026-02-03 14:52:12,594 - INFO - === Conditional Builder Debug Session Started ===
2026-02-03 14:52:12,594 - INFO - Log file: conditional_builder_debug_20260203_145212.log
2026-02-03 14:52:12,599 - INFO - === Conditional Builder Debug Session Started ===
2026-02-03 14:52:12,599 - INFO - === Conditional Builder Debug Session Started ===
2026-02-03 14:52:12,599 - INFO - Log file: conditional_builder_debug_20260203_145212.log
2026-02-03 14:52:12,599 - INFO - Log file: conditional_builder_debug_20260203_145212.log
2026-02-03 14:52:12,827 - INFO - --- Created ALWAYS-VISIBLE conditional builder for Agent1 ---
2026-02-03 14:52:12,827 - INFO - --- Created ALWAYS-VISIBLE conditional builder for Agent1 ---
2026-02-03 14:52:12,828 - INFO -   Frame object id: 1429851015344
2026-02-03 14:52:12,828 - INFO -   Frame object id: 1429851015344
2026-02-03 14:52:12,828 - INFO -   Packed and always visible
2026-02-03 14:52:12,828 - INFO -   Packed and always visible
2026-02-03 14:52:12,835 - INFO -   Initialized with 0 condition rows and 1 assignment row
2026-02-03 14:52:12,835 - INFO -   Initialized with 0 condition rows and 1 assignment row
2026-02-03 14:52:12,847 - INFO - --- Created ALWAYS-VISIBLE conditional builder for Agent2 ---
2026-02-03 14:52:12,847 - INFO - --- Created ALWAYS-VISIBLE conditional builder for Agent2 ---
2026-02-03 14:52:12,847 - INFO -   Frame object id: 1429851055056
2026-02-03 14:52:12,847 - INFO -   Frame object id: 1429851055056
2026-02-03 14:52:12,847 - INFO -   Packed and always visible
2026-02-03 14:52:12,847 - INFO -   Packed and always visible
2026-02-03 14:52:12,850 - INFO -   Initialized with 0 condition rows and 1 assignment row
2026-02-03 14:52:12,850 - INFO -   Initialized with 0 condition rows and 1 assignment row
