2026-02-04 11:27:04,182 - INFO - === Conditional Builder Debug Session Started ===
2026-02-04 11:27:04,182 - INFO - Log file: conditional_builder_debug_20260204_112704.log
2026-02-04 11:27:04,188 - INFO - === Conditional Builder Debug Session Started ===
2026-02-04 11:27:04,188 - INFO - === Conditional Builder Debug Session Started ===
2026-02-04 11:27:04,188 - INFO - Log file: conditional_builder_debug_20260204_112704.log
2026-02-04 11:27:04,188 - INFO - Log file: conditional_builder_debug_20260204_112704.log
2026-02-04 11:27:04,392 - INFO - --- Created ALWAYS-VISIBLE conditional builder for Agent1 ---
2026-02-04 11:27:04,392 - INFO - --- Created ALWAYS-VISIBLE conditional builder for Agent1 ---
2026-02-04 11:27:04,392 - INFO -   Frame object id: 3032987986384
2026-02-04 11:27:04,392 - INFO -   Frame object id: 3032987986384
2026-02-04 11:27:04,392 - INFO -   Packed and always visible
2026-02-04 11:27:04,392 - INFO -   Packed and always visible
2026-02-04 11:27:04,403 - INFO -   Initialized with 0 condition rows and 1 assignment row
2026-02-04 11:27:04,403 - INFO -   Initialized with 0 condition rows and 1 assignment row
2026-02-04 11:27:04,413 - INFO - --- Created ALWAYS-VISIBLE conditional builder for Agent2 ---
2026-02-04 11:27:04,413 - INFO - --- Created ALWAYS-VISIBLE conditional builder for Agent2 ---
2026-02-04 11:27:04,413 - INFO -   Frame object id: 3032987928368
2026-02-04 11:27:04,413 - INFO -   Frame object id: 3032987928368
2026-02-04 11:27:04,414 - INFO -   Packed and always visible
2026-02-04 11:27:04,414 - INFO -   Packed and always visible
2026-02-04 11:27:04,418 - INFO -   Initialized with 0 condition rows and 1 assignment row
2026-02-04 11:27:04,418 - INFO -   Initialized with 0 condition rows and 1 assignment row
