2026-02-03 12:55:39,071 - INFO - === Conditional Builder Debug Session Started ===
2026-02-03 12:55:39,071 - INFO - Log file: conditional_builder_debug_20260203_125539.log
2026-02-03 12:55:39,076 - INFO - === Conditional Builder Debug Session Started ===
2026-02-03 12:55:39,076 - INFO - === Conditional Builder Debug Session Started ===
2026-02-03 12:55:39,076 - INFO - Log file: conditional_builder_debug_20260203_125539.log
2026-02-03 12:55:39,076 - INFO - Log file: conditional_builder_debug_20260203_125539.log
2026-02-03 12:55:39,302 - INFO - --- Created ALWAYS-VISIBLE conditional builder for Agent1 ---
2026-02-03 12:55:39,302 - INFO - --- Created ALWAYS-VISIBLE conditional builder for Agent1 ---
2026-02-03 12:55:39,302 - INFO -   Frame object id: 1538680350896
2026-02-03 12:55:39,302 - INFO -   Frame object id: 1538680350896
2026-02-03 12:55:39,302 - INFO -   Packed and always visible
2026-02-03 12:55:39,302 - INFO -   Packed and always visible
2026-02-03 12:55:39,309 - INFO -   Initialized with 0 condition rows and 1 assignment row
2026-02-03 12:55:39,309 - INFO -   Initialized with 0 condition rows and 1 assignment row
2026-02-03 12:55:39,320 - INFO - --- Created ALWAYS-VISIBLE conditional builder for Agent2 ---
2026-02-03 12:55:39,320 - INFO - --- Created ALWAYS-VISIBLE conditional builder for Agent2 ---
2026-02-03 12:55:39,321 - INFO -   Frame object id: 1538680390608
2026-02-03 12:55:39,321 - INFO -   Frame object id: 1538680390608
2026-02-03 12:55:39,321 - INFO -   Packed and always visible
2026-02-03 12:55:39,321 - INFO -   Packed and always visible
2026-02-03 12:55:39,324 - INFO -   Initialized with 0 condition rows and 1 assignment row
2026-02-03 12:55:39,324 - INFO -   Initialized with 0 condition rows and 1 assignment row
