2026-01-30 12:43:05,889 - INFO - === Conditional Builder Debug Session Started ===
2026-01-30 12:43:05,889 - INFO - Log file: conditional_builder_debug_20260130_124305.log
2026-01-30 12:43:05,894 - INFO - === Conditional Builder Debug Session Started ===
2026-01-30 12:43:05,894 - INFO - === Conditional Builder Debug Session Started ===
2026-01-30 12:43:05,895 - INFO - Log file: conditional_builder_debug_20260130_124305.log
2026-01-30 12:43:05,895 - INFO - Log file: conditional_builder_debug_20260130_124305.log
2026-01-30 12:43:06,102 - INFO - --- Created ALWAYS-VISIBLE conditional builder for Agent1 ---
2026-01-30 12:43:06,102 - INFO - --- Created ALWAYS-VISIBLE conditional builder for Agent1 ---
2026-01-30 12:43:06,102 - INFO -   Frame object id: 2699123562192
2026-01-30 12:43:06,102 - INFO -   Frame object id: 2699123562192
2026-01-30 12:43:06,102 - INFO -   Packed and always visible
2026-01-30 12:43:06,102 - INFO -   Packed and always visible
2026-01-30 12:43:06,110 - INFO -   Initialized with 0 condition rows and 1 assignment row
2026-01-30 12:43:06,110 - INFO -   Initialized with 0 condition rows and 1 assignment row
2026-01-30 12:43:06,122 - INFO - --- Created ALWAYS-VISIBLE conditional builder for Agent2 ---
2026-01-30 12:43:06,122 - INFO - --- Created ALWAYS-VISIBLE conditional builder for Agent2 ---
2026-01-30 12:43:06,122 - INFO -   Frame object id: 2699123601904
2026-01-30 12:43:06,122 - INFO -   Frame object id: 2699123601904
2026-01-30 12:43:06,123 - INFO -   Packed and always visible
2026-01-30 12:43:06,123 - INFO -   Packed and always visible
2026-01-30 12:43:06,125 - INFO -   Initialized with 0 condition rows and 1 assignment row
2026-01-30 12:43:06,125 - INFO -   Initialized with 0 condition rows and 1 assignment row
