2026-02-02 13:18:24,845 - INFO - === Conditional Builder Debug Session Started ===
2026-02-02 13:18:24,845 - INFO - Log file: conditional_builder_debug_20260202_131824.log
2026-02-02 13:18:24,852 - INFO - === Conditional Builder Debug Session Started ===
2026-02-02 13:18:24,852 - INFO - === Conditional Builder Debug Session Started ===
2026-02-02 13:18:24,852 - INFO - Log file: conditional_builder_debug_20260202_131824.log
2026-02-02 13:18:24,852 - INFO - Log file: conditional_builder_debug_20260202_131824.log
2026-02-02 13:18:25,092 - INFO - --- Created ALWAYS-VISIBLE conditional builder for Agent1 ---
2026-02-02 13:18:25,092 - INFO - --- Created ALWAYS-VISIBLE conditional builder for Agent1 ---
2026-02-02 13:18:25,092 - INFO -   Frame object id: 2704958146544
2026-02-02 13:18:25,092 - INFO -   Frame object id: 2704958146544
2026-02-02 13:18:25,092 - INFO -   Packed and always visible
2026-02-02 13:18:25,092 - INFO -   Packed and always visible
2026-02-02 13:18:25,102 - INFO -   Initialized with 0 condition rows and 1 assignment row
2026-02-02 13:18:25,102 - INFO -   Initialized with 0 condition rows and 1 assignment row
2026-02-02 13:18:25,116 - INFO - --- Created ALWAYS-VISIBLE conditional builder for Agent2 ---
2026-02-02 13:18:25,116 - INFO - --- Created ALWAYS-VISIBLE conditional builder for Agent2 ---
2026-02-02 13:18:25,116 - INFO -   Frame object id: 2704958112576
2026-02-02 13:18:25,116 - INFO -   Frame object id: 2704958112576
2026-02-02 13:18:25,116 - INFO -   Packed and always visible
2026-02-02 13:18:25,116 - INFO -   Packed and always visible
2026-02-02 13:18:25,121 - INFO -   Initialized with 0 condition rows and 1 assignment row
2026-02-02 13:18:25,121 - INFO -   Initialized with 0 condition rows and 1 assignment row
