2026-02-04 12:23:34,409 - INFO - === Conditional Builder Debug Session Started ===
2026-02-04 12:23:34,409 - INFO - Log file: conditional_builder_debug_20260204_122334.log
2026-02-04 12:23:34,414 - INFO - === Conditional Builder Debug Session Started ===
2026-02-04 12:23:34,414 - INFO - === Conditional Builder Debug Session Started ===
2026-02-04 12:23:34,414 - INFO - Log file: conditional_builder_debug_20260204_122334.log
2026-02-04 12:23:34,414 - INFO - Log file: conditional_builder_debug_20260204_122334.log
2026-02-04 12:23:34,620 - INFO - --- Created ALWAYS-VISIBLE conditional builder for Agent1 ---
2026-02-04 12:23:34,620 - INFO - --- Created ALWAYS-VISIBLE conditional builder for Agent1 ---
2026-02-04 12:23:34,621 - INFO -   Frame object id: 1668590384560
2026-02-04 12:23:34,621 - INFO -   Frame object id: 1668590384560
2026-02-04 12:23:34,621 - INFO -   Packed and always visible
2026-02-04 12:23:34,621 - INFO -   Packed and always visible
2026-02-04 12:23:34,629 - INFO -   Initialized with 0 condition rows and 1 assignment row
2026-02-04 12:23:34,629 - INFO -   Initialized with 0 condition rows and 1 assignment row
2026-02-04 12:23:34,641 - INFO - --- Created ALWAYS-VISIBLE conditional builder for Agent2 ---
2026-02-04 12:23:34,641 - INFO - --- Created ALWAYS-VISIBLE conditional builder for Agent2 ---
2026-02-04 12:23:34,641 - INFO -   Frame object id: 1668590348944
2026-02-04 12:23:34,641 - INFO -   Frame object id: 1668590348944
2026-02-04 12:23:34,641 - INFO -   Packed and always visible
2026-02-04 12:23:34,641 - INFO -   Packed and always visible
2026-02-04 12:23:34,645 - INFO -   Initialized with 0 condition rows and 1 assignment row
2026-02-04 12:23:34,645 - INFO -   Initialized with 0 condition rows and 1 assignment row
