[2026-05-09T21:26:16.569Z] APPLY_ALLOCATION attempt {"missionId":"M001","source":"copilot_as_proposed","allocation":{"Blue":3,"Red":4,"Green":1},"hasPlan":true}
[2026-05-09T21:26:16.569Z] greedyAssign result {"committed":{"Blue":3,"Red":4,"Green":1},"taskCount":11,"assigned":11,"tasks":[{"taskId":"M001-T1","assetIds":["R01","G01"],"startTime":65},{"taskId":"M001-T2","assetIds":["R02","G01"],"startTime":145},{"taskId":"M001-T3","assetIds":["R03","G01"],"startTime":219},{"taskId":"M001-T4","assetIds":["B01","B02","B03","G01"],"startTime":271},{"taskId":"M001-T5","assetIds":["B01","B02","B03","G01"],"startTime":308},{"taskId":"M001-T6","assetIds":["B01","B02","B03","G01"],"startTime":354},{"taskId":"M001-T7","assetIds":["B01","R04","R01"],"startTime":393},{"taskId":"M001-T8","assetIds":["B02","R02","R03"],"startTime":389},{"taskId":"M001-T9","assetIds":["B03","R02","R03"],"startTime":441},{"taskId":"M001-T10","assetIds":["B02","R01"],"startTime":448},{"taskId":"M001-T11","assetIds":["B01"],"startTime":444}]}
[2026-05-09T21:26:16.570Z] APPLY_ALLOCATION attempt {"missionId":"M001","source":"copilot_as_proposed","allocation":{"Blue":3,"Red":4,"Green":1},"hasPlan":true}
[2026-05-09T21:26:16.570Z] greedyAssign result {"committed":{"Blue":3,"Red":4,"Green":1},"taskCount":11,"assigned":11,"tasks":[{"taskId":"M001-T1","assetIds":["R01","G01"],"startTime":65},{"taskId":"M001-T2","assetIds":["R02","G01"],"startTime":145},{"taskId":"M001-T3","assetIds":["R03","G01"],"startTime":219},{"taskId":"M001-T4","assetIds":["B01","B02","B03","G01"],"startTime":271},{"taskId":"M001-T5","assetIds":["B01","B02","B03","G01"],"startTime":308},{"taskId":"M001-T6","assetIds":["B01","B02","B03","G01"],"startTime":354},{"taskId":"M001-T7","assetIds":["B01","R04","R01"],"startTime":393},{"taskId":"M001-T8","assetIds":["B02","R02","R03"],"startTime":389},{"taskId":"M001-T9","assetIds":["B03","R02","R03"],"startTime":441},{"taskId":"M001-T10","assetIds":["B02","R01"],"startTime":448},{"taskId":"M001-T11","assetIds":["B01"],"startTime":444}]}
[2026-05-09T21:26:32.713Z] APPLY_ALLOCATION attempt {"missionId":"M002","source":"copilot_as_proposed","allocation":{"Blue":3,"Red":2,"Green":1},"hasPlan":true}
[2026-05-09T21:26:32.713Z] greedyAssign result {"committed":{"Blue":3,"Red":2,"Green":1},"taskCount":8,"assigned":8,"tasks":[{"taskId":"M002-T1","assetIds":["R05","G02"],"startTime":113},{"taskId":"M002-T2","assetIds":["B04","B05","B06","G02"],"startTime":164},{"taskId":"M002-T3","assetIds":["B04","B05","B06","G02"],"startTime":207},{"taskId":"M002-T4","assetIds":["B04","R06","R05"],"startTime":248},{"taskId":"M002-T5","assetIds":["B05","R05","R06"],"startTime":312},{"taskId":"M002-T6","assetIds":["B06","R05"],"startTime":377},{"taskId":"M002-T7","assetIds":["B04","R06"],"startTime":379},{"taskId":"M002-T8","assetIds":["B05"],"startTime":365}]}
[2026-05-09T21:26:32.713Z] APPLY_ALLOCATION attempt {"missionId":"M002","source":"copilot_as_proposed","allocation":{"Blue":3,"Red":2,"Green":1},"hasPlan":true}
[2026-05-09T21:26:32.713Z] greedyAssign result {"committed":{"Blue":3,"Red":2,"Green":1},"taskCount":8,"assigned":8,"tasks":[{"taskId":"M002-T1","assetIds":["R05","G02"],"startTime":113},{"taskId":"M002-T2","assetIds":["B04","B05","B06","G02"],"startTime":164},{"taskId":"M002-T3","assetIds":["B04","B05","B06","G02"],"startTime":207},{"taskId":"M002-T4","assetIds":["B04","R06","R05"],"startTime":248},{"taskId":"M002-T5","assetIds":["B05","R05","R06"],"startTime":312},{"taskId":"M002-T6","assetIds":["B06","R05"],"startTime":377},{"taskId":"M002-T7","assetIds":["B04","R06"],"startTime":379},{"taskId":"M002-T8","assetIds":["B05"],"startTime":365}]}
[2026-05-09T21:26:40.456Z] APPLY_ALLOCATION attempt {"missionId":"M003","source":"copilot_as_proposed","allocation":{"Blue":8,"Red":3,"Green":0},"hasPlan":true}
[2026-05-09T21:26:40.456Z] greedyAssign result {"committed":{"Blue":8,"Red":3,"Green":0},"taskCount":8,"assigned":8,"tasks":[{"taskId":"M003-T8","assetIds":["B07","R07","R08"],"startTime":99},{"taskId":"M003-T5","assetIds":["B08","R09"],"startTime":121},{"taskId":"M003-T6","assetIds":["B09","R07"],"startTime":149},{"taskId":"M003-T7","assetIds":["B10","R08"],"startTime":171},{"taskId":"M003-T1","assetIds":["B11"],"startTime":83},{"taskId":"M003-T2","assetIds":["B12"],"startTime":85},{"taskId":"M003-T3","assetIds":["B13"],"startTime":81},{"taskId":"M003-T4","assetIds":["B14"],"startTime":76}]}
[2026-05-09T21:26:40.457Z] APPLY_ALLOCATION attempt {"missionId":"M003","source":"copilot_as_proposed","allocation":{"Blue":8,"Red":3,"Green":0},"hasPlan":true}
[2026-05-09T21:26:40.457Z] greedyAssign result {"committed":{"Blue":8,"Red":3,"Green":0},"taskCount":8,"assigned":8,"tasks":[{"taskId":"M003-T8","assetIds":["B07","R07","R08"],"startTime":99},{"taskId":"M003-T5","assetIds":["B08","R09"],"startTime":121},{"taskId":"M003-T6","assetIds":["B09","R07"],"startTime":149},{"taskId":"M003-T7","assetIds":["B10","R08"],"startTime":171},{"taskId":"M003-T1","assetIds":["B11"],"startTime":83},{"taskId":"M003-T2","assetIds":["B12"],"startTime":85},{"taskId":"M003-T3","assetIds":["B13"],"startTime":81},{"taskId":"M003-T4","assetIds":["B14"],"startTime":76}]}
[2026-05-09T21:27:19.786Z] APPLY_ALLOCATION attempt {"missionId":"M004","source":"copilot_as_proposed","allocation":{"Blue":4,"Red":0,"Green":1},"hasPlan":true}
[2026-05-09T21:27:19.787Z] greedyAssign: skip task (pool exhausted) {"taskId":"M004-T1","reqBlue":0,"reqRed":1,"reqGreen":1}
[2026-05-09T21:27:19.787Z] greedyAssign: skip task (pool exhausted) {"taskId":"M004-T3","reqBlue":1,"reqRed":2,"reqGreen":0}
[2026-05-09T21:27:19.787Z] greedyAssign: skip task (pool exhausted) {"taskId":"M004-T4","reqBlue":1,"reqRed":2,"reqGreen":0}
[2026-05-09T21:27:19.787Z] greedyAssign: skip task (pool exhausted) {"taskId":"M004-T5","reqBlue":1,"reqRed":1,"reqGreen":0}
[2026-05-09T21:27:19.787Z] greedyAssign: skip task (pool exhausted) {"taskId":"M004-T6","reqBlue":1,"reqRed":1,"reqGreen":0}
[2026-05-09T21:27:19.787Z] greedyAssign result {"committed":{"Blue":4,"Red":0,"Green":1},"taskCount":8,"assigned":3,"tasks":[{"taskId":"M004-T2","assetIds":["B15","B16","B17","G03"],"startTime":129},{"taskId":"M004-T7","assetIds":["B18"],"startTime":115},{"taskId":"M004-T8","assetIds":["B18"],"startTime":138}]}
[2026-05-09T21:27:19.787Z] APPLY_ALLOCATION attempt {"missionId":"M004","source":"copilot_as_proposed","allocation":{"Blue":4,"Red":0,"Green":1},"hasPlan":true}
[2026-05-09T21:27:19.787Z] greedyAssign: skip task (pool exhausted) {"taskId":"M004-T1","reqBlue":0,"reqRed":1,"reqGreen":1}
[2026-05-09T21:27:19.787Z] greedyAssign: skip task (pool exhausted) {"taskId":"M004-T3","reqBlue":1,"reqRed":2,"reqGreen":0}
[2026-05-09T21:27:19.787Z] greedyAssign: skip task (pool exhausted) {"taskId":"M004-T4","reqBlue":1,"reqRed":2,"reqGreen":0}
[2026-05-09T21:27:19.787Z] greedyAssign: skip task (pool exhausted) {"taskId":"M004-T5","reqBlue":1,"reqRed":1,"reqGreen":0}
[2026-05-09T21:27:19.787Z] greedyAssign: skip task (pool exhausted) {"taskId":"M004-T6","reqBlue":1,"reqRed":1,"reqGreen":0}
[2026-05-09T21:27:19.787Z] greedyAssign result {"committed":{"Blue":4,"Red":0,"Green":1},"taskCount":8,"assigned":3,"tasks":[{"taskId":"M004-T2","assetIds":["B15","B16","B17","G03"],"startTime":129},{"taskId":"M004-T7","assetIds":["B18"],"startTime":115},{"taskId":"M004-T8","assetIds":["B18"],"startTime":138}]}
[2026-05-09T21:27:51.019Z] TICK: asset sequential redirect {"assetId":"R01","from":"M001-T1","to":"M001-T7","elapsed":110,"tt":11}
[2026-05-09T21:27:51.019Z] TICK: asset sequential redirect {"assetId":"G01","from":"M001-T1","to":"M001-T2","elapsed":110,"tt":36}
[2026-05-09T21:27:51.019Z] TICK: asset sequential redirect {"assetId":"R01","from":"M001-T1","to":"M001-T7","elapsed":110,"tt":11}
[2026-05-09T21:27:51.019Z] TICK: asset sequential redirect {"assetId":"G01","from":"M001-T1","to":"M001-T2","elapsed":110,"tt":36}
[2026-05-09T21:28:11.520Z] TICK: asset sequential redirect {"assetId":"B18","from":"M004-T7","to":"M004-T8","elapsed":130,"tt":8}
[2026-05-09T21:28:11.520Z] TICK: asset sequential redirect {"assetId":"B18","from":"M004-T7","to":"M004-T8","elapsed":130,"tt":8}
[2026-05-09T21:28:25.719Z] TICK: asset sequential redirect {"assetId":"R07","from":"M003-T8","to":"M003-T6","elapsed":144,"tt":4}
[2026-05-09T21:28:25.719Z] TICK: asset sequential redirect {"assetId":"R08","from":"M003-T8","to":"M003-T7","elapsed":144,"tt":26}
[2026-05-09T21:28:25.719Z] TICK: asset sequential redirect {"assetId":"R07","from":"M003-T8","to":"M003-T6","elapsed":144,"tt":4}
[2026-05-09T21:28:25.719Z] TICK: asset sequential redirect {"assetId":"R08","from":"M003-T8","to":"M003-T7","elapsed":144,"tt":26}
[2026-05-09T21:28:25.869Z] APPLY_ALLOCATION attempt {"missionId":"M006","source":"copilot_as_proposed","allocation":{"Blue":2,"Red":0,"Green":0},"hasPlan":true}
[2026-05-09T21:28:25.869Z] greedyAssign: skip task (pool exhausted) {"taskId":"M006-T1","reqBlue":0,"reqRed":1,"reqGreen":1}
[2026-05-09T21:28:25.869Z] greedyAssign: skip task (pool exhausted) {"taskId":"M006-T2","reqBlue":3,"reqRed":0,"reqGreen":1}
[2026-05-09T21:28:25.869Z] greedyAssign: skip task (pool exhausted) {"taskId":"M006-T3","reqBlue":3,"reqRed":0,"reqGreen":1}
[2026-05-09T21:28:25.869Z] greedyAssign: skip task (pool exhausted) {"taskId":"M006-T4","reqBlue":1,"reqRed":2,"reqGreen":0}
[2026-05-09T21:28:25.869Z] greedyAssign: skip task (pool exhausted) {"taskId":"M006-T5","reqBlue":1,"reqRed":2,"reqGreen":0}
[2026-05-09T21:28:25.869Z] greedyAssign: skip task (pool exhausted) {"taskId":"M006-T6","reqBlue":1,"reqRed":1,"reqGreen":0}
[2026-05-09T21:28:25.869Z] greedyAssign: skip task (pool exhausted) {"taskId":"M006-T7","reqBlue":1,"reqRed":1,"reqGreen":0}
[2026-05-09T21:28:25.870Z] greedyAssign result {"committed":{"Blue":2,"Red":0,"Green":0},"taskCount":8,"assigned":1,"tasks":[{"taskId":"M006-T8","assetIds":["B11"],"startTime":177}]}
[2026-05-09T21:28:25.870Z] APPLY_ALLOCATION attempt {"missionId":"M006","source":"copilot_as_proposed","allocation":{"Blue":2,"Red":0,"Green":0},"hasPlan":true}
[2026-05-09T21:28:25.870Z] greedyAssign: skip task (pool exhausted) {"taskId":"M006-T1","reqBlue":0,"reqRed":1,"reqGreen":1}
[2026-05-09T21:28:25.870Z] greedyAssign: skip task (pool exhausted) {"taskId":"M006-T2","reqBlue":3,"reqRed":0,"reqGreen":1}
[2026-05-09T21:28:25.870Z] greedyAssign: skip task (pool exhausted) {"taskId":"M006-T3","reqBlue":3,"reqRed":0,"reqGreen":1}
[2026-05-09T21:28:25.870Z] greedyAssign: skip task (pool exhausted) {"taskId":"M006-T4","reqBlue":1,"reqRed":2,"reqGreen":0}
[2026-05-09T21:28:25.870Z] greedyAssign: skip task (pool exhausted) {"taskId":"M006-T5","reqBlue":1,"reqRed":2,"reqGreen":0}
[2026-05-09T21:28:25.870Z] greedyAssign: skip task (pool exhausted) {"taskId":"M006-T6","reqBlue":1,"reqRed":1,"reqGreen":0}
[2026-05-09T21:28:25.870Z] greedyAssign: skip task (pool exhausted) {"taskId":"M006-T7","reqBlue":1,"reqRed":1,"reqGreen":0}
[2026-05-09T21:28:25.870Z] greedyAssign result {"committed":{"Blue":2,"Red":0,"Green":0},"taskCount":8,"assigned":1,"tasks":[{"taskId":"M006-T8","assetIds":["B11"],"startTime":177}]}
[2026-05-09T21:28:39.382Z] TICK: asset sequential redirect {"assetId":"R05","from":"M002-T1","to":"M002-T4","elapsed":158,"tt":10}
[2026-05-09T21:28:39.382Z] TICK: asset sequential redirect {"assetId":"G02","from":"M002-T1","to":"M002-T2","elapsed":158,"tt":6}
[2026-05-09T21:28:39.382Z] TICK: asset sequential redirect {"assetId":"R05","from":"M002-T1","to":"M002-T4","elapsed":158,"tt":10}
[2026-05-09T21:28:39.382Z] TICK: asset sequential redirect {"assetId":"G02","from":"M002-T1","to":"M002-T2","elapsed":158,"tt":6}
[2026-05-09T21:28:43.680Z] APPLY_ALLOCATION attempt {"missionId":"M008","source":"copilot_as_proposed","allocation":{"Blue":4,"Red":1,"Green":0},"hasPlan":true}
[2026-05-09T21:28:43.680Z] greedyAssign: skip task (pool exhausted) {"taskId":"M008-T1","reqBlue":0,"reqRed":1,"reqGreen":1}
[2026-05-09T21:28:43.680Z] greedyAssign: skip task (pool exhausted) {"taskId":"M008-T2","reqBlue":0,"reqRed":1,"reqGreen":1}
[2026-05-09T21:28:43.680Z] greedyAssign: skip task (pool exhausted) {"taskId":"M008-T3","reqBlue":3,"reqRed":0,"reqGreen":1}
[2026-05-09T21:28:43.680Z] greedyAssign: skip task (pool exhausted) {"taskId":"M008-T4","reqBlue":3,"reqRed":0,"reqGreen":1}
[2026-05-09T21:28:43.680Z] greedyAssign: skip task (pool exhausted) {"taskId":"M008-T5","reqBlue":1,"reqRed":2,"reqGreen":0}
[2026-05-09T21:28:43.680Z] greedyAssign: skip task (pool exhausted) {"taskId":"M008-T6","reqBlue":1,"reqRed":2,"reqGreen":0}
[2026-05-09T21:28:43.680Z] greedyAssign: skip task (pool exhausted) {"taskId":"M008-T7","reqBlue":1,"reqRed":2,"reqGreen":0}
[2026-05-09T21:28:43.680Z] greedyAssign result {"committed":{"Blue":4,"Red":1,"Green":0},"taskCount":10,"assigned":3,"tasks":[{"taskId":"M008-T8","assetIds":["B11","R01"],"startTime":209},{"taskId":"M008-T9","assetIds":["B12","R01"],"startTime":249},{"taskId":"M008-T10","assetIds":["B13"],"startTime":186}]}
[2026-05-09T21:28:43.680Z] APPLY_ALLOCATION attempt {"missionId":"M008","source":"copilot_as_proposed","allocation":{"Blue":4,"Red":1,"Green":0},"hasPlan":true}
[2026-05-09T21:28:43.680Z] greedyAssign: skip task (pool exhausted) {"taskId":"M008-T1","reqBlue":0,"reqRed":1,"reqGreen":1}
[2026-05-09T21:28:43.680Z] greedyAssign: skip task (pool exhausted) {"taskId":"M008-T2","reqBlue":0,"reqRed":1,"reqGreen":1}
[2026-05-09T21:28:43.680Z] greedyAssign: skip task (pool exhausted) {"taskId":"M008-T3","reqBlue":3,"reqRed":0,"reqGreen":1}
[2026-05-09T21:28:43.680Z] greedyAssign: skip task (pool exhausted) {"taskId":"M008-T4","reqBlue":3,"reqRed":0,"reqGreen":1}
[2026-05-09T21:28:43.680Z] greedyAssign: skip task (pool exhausted) {"taskId":"M008-T5","reqBlue":1,"reqRed":2,"reqGreen":0}
[2026-05-09T21:28:43.680Z] greedyAssign: skip task (pool exhausted) {"taskId":"M008-T6","reqBlue":1,"reqRed":2,"reqGreen":0}
[2026-05-09T21:28:43.680Z] greedyAssign: skip task (pool exhausted) {"taskId":"M008-T7","reqBlue":1,"reqRed":2,"reqGreen":0}
[2026-05-09T21:28:43.680Z] greedyAssign result {"committed":{"Blue":4,"Red":1,"Green":0},"taskCount":10,"assigned":3,"tasks":[{"taskId":"M008-T8","assetIds":["B11","R01"],"startTime":209},{"taskId":"M008-T9","assetIds":["B12","R01"],"startTime":249},{"taskId":"M008-T10","assetIds":["B13"],"startTime":186}]}
[2026-05-09T21:28:49.723Z] APPLY_ALLOCATION attempt {"missionId":"M007","source":"copilot_as_proposed","allocation":{"Blue":1,"Red":2,"Green":0},"hasPlan":true}
[2026-05-09T21:28:49.723Z] greedyAssign result {"committed":{"Blue":1,"Red":2,"Green":0},"taskCount":8,"assigned":8,"tasks":[{"taskId":"M007-T1","assetIds":["B14","R01","R03"],"startTime":247},{"taskId":"M007-T2","assetIds":["B14","R01","R03"],"startTime":307},{"taskId":"M007-T3","assetIds":["B14","R01"],"startTime":369},{"taskId":"M007-T4","assetIds":["B14","R03"],"startTime":408},{"taskId":"M007-T5","assetIds":["B14","R01"],"startTime":443},{"taskId":"M007-T6","assetIds":["B14"],"startTime":490},{"taskId":"M007-T7","assetIds":["B14"],"startTime":520},{"taskId":"M007-T8","assetIds":["B14"],"startTime":544}]}
[2026-05-09T21:28:49.723Z] APPLY_ALLOCATION attempt {"missionId":"M007","source":"copilot_as_proposed","allocation":{"Blue":1,"Red":2,"Green":0},"hasPlan":true}
[2026-05-09T21:28:49.723Z] greedyAssign result {"committed":{"Blue":1,"Red":2,"Green":0},"taskCount":8,"assigned":8,"tasks":[{"taskId":"M007-T1","assetIds":["B14","R01","R03"],"startTime":247},{"taskId":"M007-T2","assetIds":["B14","R01","R03"],"startTime":307},{"taskId":"M007-T3","assetIds":["B14","R01"],"startTime":369},{"taskId":"M007-T4","assetIds":["B14","R03"],"startTime":408},{"taskId":"M007-T5","assetIds":["B14","R01"],"startTime":443},{"taskId":"M007-T6","assetIds":["B14"],"startTime":490},{"taskId":"M007-T7","assetIds":["B14"],"startTime":520},{"taskId":"M007-T8","assetIds":["B14"],"startTime":544}]}
[2026-05-09T21:28:54.727Z] APPLY_ALLOCATION attempt {"missionId":"M005","source":"copilot_as_proposed","allocation":{"Blue":1,"Red":1,"Green":0},"hasPlan":true}
[2026-05-09T21:28:54.727Z] greedyAssign: skip task (pool exhausted) {"taskId":"M005-T1","reqBlue":1,"reqRed":2,"reqGreen":0}
[2026-05-09T21:28:54.727Z] greedyAssign: skip task (pool exhausted) {"taskId":"M005-T2","reqBlue":1,"reqRed":2,"reqGreen":0}
[2026-05-09T21:28:54.727Z] greedyAssign result {"committed":{"Blue":1,"Red":1,"Green":0},"taskCount":8,"assigned":6,"tasks":[{"taskId":"M005-T3","assetIds":["B18","R01"],"startTime":209},{"taskId":"M005-T4","assetIds":["B18","R01"],"startTime":254},{"taskId":"M005-T5","assetIds":["B18","R01"],"startTime":301},{"taskId":"M005-T6","assetIds":["B18"],"startTime":343},{"taskId":"M005-T7","assetIds":["B18"],"startTime":366},{"taskId":"M005-T8","assetIds":["B18"],"startTime":384}]}
[2026-05-09T21:28:54.727Z] APPLY_ALLOCATION attempt {"missionId":"M005","source":"copilot_as_proposed","allocation":{"Blue":1,"Red":1,"Green":0},"hasPlan":true}
[2026-05-09T21:28:54.727Z] greedyAssign: skip task (pool exhausted) {"taskId":"M005-T1","reqBlue":1,"reqRed":2,"reqGreen":0}
[2026-05-09T21:28:54.727Z] greedyAssign: skip task (pool exhausted) {"taskId":"M005-T2","reqBlue":1,"reqRed":2,"reqGreen":0}
[2026-05-09T21:28:54.727Z] greedyAssign result {"committed":{"Blue":1,"Red":1,"Green":0},"taskCount":8,"assigned":6,"tasks":[{"taskId":"M005-T3","assetIds":["B18","R01"],"startTime":209},{"taskId":"M005-T4","assetIds":["B18","R01"],"startTime":254},{"taskId":"M005-T5","assetIds":["B18","R01"],"startTime":301},{"taskId":"M005-T6","assetIds":["B18"],"startTime":343},{"taskId":"M005-T7","assetIds":["B18"],"startTime":366},{"taskId":"M005-T8","assetIds":["B18"],"startTime":384}]}
[2026-05-09T21:29:35.645Z] APPLY_ALLOCATION attempt {"missionId":"M010","source":"copilot_as_proposed","allocation":{"Blue":3,"Red":2,"Green":1},"hasPlan":true}
[2026-05-09T21:29:35.645Z] greedyAssign result {"committed":{"Blue":3,"Red":2,"Green":1},"taskCount":8,"assigned":8,"tasks":[{"taskId":"M010-T1","assetIds":["R01","G01"],"startTime":245},{"taskId":"M010-T2","assetIds":["B07","B08","B15","G01"],"startTime":292},{"taskId":"M010-T3","assetIds":["B07","R07","R01"],"startTime":336},{"taskId":"M010-T4","assetIds":["B08","R01","R07"],"startTime":398},{"taskId":"M010-T5","assetIds":["B15","R01"],"startTime":452},{"taskId":"M010-T6","assetIds":["B07","R07"],"startTime":465},{"taskId":"M010-T7","assetIds":["B08"],"startTime":449},{"taskId":"M010-T8","assetIds":["B08"],"startTime":473}]}
[2026-05-09T21:29:35.645Z] APPLY_ALLOCATION attempt {"missionId":"M010","source":"copilot_as_proposed","allocation":{"Blue":3,"Red":2,"Green":1},"hasPlan":true}
[2026-05-09T21:29:35.645Z] greedyAssign result {"committed":{"Blue":3,"Red":2,"Green":1},"taskCount":8,"assigned":8,"tasks":[{"taskId":"M010-T1","assetIds":["R01","G01"],"startTime":245},{"taskId":"M010-T2","assetIds":["B07","B08","B15","G01"],"startTime":292},{"taskId":"M010-T3","assetIds":["B07","R07","R01"],"startTime":336},{"taskId":"M010-T4","assetIds":["B08","R01","R07"],"startTime":398},{"taskId":"M010-T5","assetIds":["B15","R01"],"startTime":452},{"taskId":"M010-T6","assetIds":["B07","R07"],"startTime":465},{"taskId":"M010-T7","assetIds":["B08"],"startTime":449},{"taskId":"M010-T8","assetIds":["B08"],"startTime":473}]}
[2026-05-09T21:29:41.697Z] APPLY_ALLOCATION attempt {"missionId":"M009","source":"copilot_as_proposed","allocation":{"Blue":3,"Red":2,"Green":1},"hasPlan":true}
[2026-05-09T21:29:41.697Z] greedyAssign result {"committed":{"Blue":3,"Red":2,"Green":1},"taskCount":8,"assigned":8,"tasks":[{"taskId":"M009-T1","assetIds":["R01","G01"],"startTime":261},{"taskId":"M009-T2","assetIds":["B15","B16","B17","G01"],"startTime":338},{"taskId":"M009-T3","assetIds":["B15","R05","R01"],"startTime":386},{"taskId":"M009-T4","assetIds":["B16","R01","R05"],"startTime":451},{"taskId":"M009-T5","assetIds":["B17","R01"],"startTime":513},{"taskId":"M009-T6","assetIds":["B15","R05"],"startTime":503},{"taskId":"M009-T7","assetIds":["B16"],"startTime":503},{"taskId":"M009-T8","assetIds":["B16"],"startTime":533}]}
[2026-05-09T21:29:41.697Z] APPLY_ALLOCATION attempt {"missionId":"M009","source":"copilot_as_proposed","allocation":{"Blue":3,"Red":2,"Green":1},"hasPlan":true}
[2026-05-09T21:29:41.697Z] greedyAssign result {"committed":{"Blue":3,"Red":2,"Green":1},"taskCount":8,"assigned":8,"tasks":[{"taskId":"M009-T1","assetIds":["R01","G01"],"startTime":261},{"taskId":"M009-T2","assetIds":["B15","B16","B17","G01"],"startTime":338},{"taskId":"M009-T3","assetIds":["B15","R05","R01"],"startTime":386},{"taskId":"M009-T4","assetIds":["B16","R01","R05"],"startTime":451},{"taskId":"M009-T5","assetIds":["B17","R01"],"startTime":513},{"taskId":"M009-T6","assetIds":["B15","R05"],"startTime":503},{"taskId":"M009-T7","assetIds":["B16"],"startTime":503},{"taskId":"M009-T8","assetIds":["B16"],"startTime":533}]}
