[16:37:34.385] debug_log initialised — writing to G:\Files\Code\GraphColouringNew\logs\debug\session_20260414_163734.log
[16:37:34.629] ColourSession.run() start — mode=mode1 max_attempts=3 graph=study_12
[16:37:34.673] win_top created
[16:37:34.673] --- ATTEMPT LOOP: attempt_num=1 of 3 ---
[16:37:34.673]   SessionManager created, node_order len=12, first=H1
[16:37:34.684]   ColourStudyWindow created, calling run()
[16:37:34.685]   window.run() returned, waiting on decision_var
[16:37:34.785]   _advance_to_next_human_node: attempt=1 current_node=H1 idx=0
[16:37:34.785]   _advance_to_next_human_node: H1 is Human — enabling buttons
[16:37:38.878]   _advance_to_next_human_node: attempt=1 current_node=H2 idx=1
[16:37:38.878]   _advance_to_next_human_node: H2 is Human — enabling buttons
[16:37:40.394]   _advance_to_next_human_node: attempt=1 current_node=H3 idx=2
[16:37:40.394]   _advance_to_next_human_node: H3 is Human — enabling buttons
[16:37:49.501]   _advance_to_next_human_node: attempt=1 current_node=H4 idx=3
[16:37:49.501]   _advance_to_next_human_node: H4 is Human — enabling buttons
[16:38:05.779]   _on_close: attempt=1, idx=3/12 — abandonment
[16:38:05.779]   _on_decision: attempt=1 decision='abandon'
[16:38:05.779]   decision_var='abandon', _attempt_done keys=[]
[16:38:05.779]   BREAK: window abandoned without finishing
[16:38:05.779] --- LOOP ENDED: completed 0 of 3 attempts ---
[16:38:05.800] root.destroy() called — session fully complete
