[10:33:17.014] debug_log initialised — writing to G:\Files\Code\GraphColouringNew\logs\debug\session_20260415_103317.log
[10:33:17.032] ColourSession.run() start — mode=mode1 max_attempts=3 graph=s12_dense_3c
[10:33:17.071] win_top created
[10:33:17.071] --- ATTEMPT LOOP: attempt_num=1 of 3 ---
[10:33:17.071]   SessionManager created, node_order len=12, first=H1
[10:33:17.082]   ColourStudyWindow created, calling run()
[10:33:17.082]   window.run() returned, waiting on decision_var
[10:33:17.185]   _advance_to_next_human_node: attempt=1 current_node=H1 idx=0
[10:33:17.185]   _advance_to_next_human_node: H1 is Human — enabling buttons
[10:33:20.805]   _advance_to_next_human_node: attempt=1 current_node=H2 idx=1
[10:33:20.805]   _advance_to_next_human_node: H2 is Human — enabling buttons
[10:33:24.157]   _advance_to_next_human_node: attempt=1 current_node=H3 idx=2
[10:33:24.157]   _advance_to_next_human_node: H3 is Human — enabling buttons
[10:33:27.429]   _advance_to_next_human_node: attempt=1 current_node=H4 idx=3
[10:33:27.429]   _advance_to_next_human_node: H4 is Human — enabling buttons
[10:33:32.597]   _advance_to_next_human_node: attempt=1 current_node=A1 idx=4
[10:33:32.597]   _advance_to_next_human_node: A1 is agent (AgentA) — auto-colouring
[10:33:33.100]   _advance_to_next_human_node: attempt=1 current_node=A2 idx=5
[10:33:33.100]   _advance_to_next_human_node: A2 is agent (AgentA) — auto-colouring
[10:33:33.610]   _advance_to_next_human_node: attempt=1 current_node=A3 idx=6
[10:33:33.610]   _advance_to_next_human_node: A3 is agent (AgentA) — auto-colouring
[10:33:34.121]   _advance_to_next_human_node: attempt=1 current_node=A4 idx=7
[10:33:34.121]   _advance_to_next_human_node: A4 is agent (AgentA) — auto-colouring
[10:33:34.631]   _advance_to_next_human_node: attempt=1 current_node=B1 idx=8
[10:33:34.631]   _advance_to_next_human_node: B1 is agent (AgentB) — auto-colouring
[10:33:35.140]   _advance_to_next_human_node: attempt=1 current_node=B2 idx=9
[10:33:35.140]   _advance_to_next_human_node: B2 is agent (AgentB) — auto-colouring
[10:33:35.654]   _advance_to_next_human_node: attempt=1 current_node=B3 idx=10
[10:33:35.654]   _advance_to_next_human_node: B3 is agent (AgentB) — auto-colouring
[10:33:36.168]   _advance_to_next_human_node: attempt=1 current_node=B4 idx=11
[10:33:36.168]   _advance_to_next_human_node: B4 is agent (AgentB) — auto-colouring
[10:33:36.169]   _advance_to_next_human_node: session complete after B4 — scheduling _finish_attempt
[10:33:36.480]   _finish_attempt() called — attempt=1, nodes_decided=12
[10:33:36.480]   _finish_attempt: 12 nodes, score=88
[10:33:36.480]   _on_complete called for attempt 1, assignment has 12 nodes
[10:33:36.480]   _finish_attempt: _on_complete called, showing end panel
[10:33:36.480]   _show_end_panel: attempt=1
[10:33:39.301]   _on_session_continue clicked (attempt=1)
[10:33:39.301]   _on_decision: attempt=1 decision='continue'
[10:33:39.301]   decision_var='continue', _attempt_done keys=['assignment']
[10:33:39.302]   score=88, completed_attempts=1
[10:33:39.302]   decision=continue, looping to attempt 2
[10:33:39.302] --- ATTEMPT LOOP: attempt_num=2 of 3 ---
[10:33:39.307]   SessionManager created, node_order len=12, first=H1
[10:33:39.314]   ColourStudyWindow created, calling run()
[10:33:39.314]   window.run() returned, waiting on decision_var
[10:33:39.414]   _advance_to_next_human_node: attempt=2 current_node=H1 idx=0
[10:33:39.414]   _advance_to_next_human_node: H1 is Human — enabling buttons
[10:34:04.876]   _advance_to_next_human_node: attempt=2 current_node=H2 idx=1
[10:34:04.876]   _advance_to_next_human_node: H2 is Human — enabling buttons
[10:34:07.944]   _advance_to_next_human_node: attempt=2 current_node=H3 idx=2
[10:34:07.944]   _advance_to_next_human_node: H3 is Human — enabling buttons
[10:34:11.848]   _advance_to_next_human_node: attempt=2 current_node=H4 idx=3
[10:34:11.848]   _advance_to_next_human_node: H4 is Human — enabling buttons
[10:34:13.581]   _advance_to_next_human_node: attempt=2 current_node=A1 idx=4
[10:34:13.581]   _advance_to_next_human_node: A1 is agent (AgentA) — auto-colouring
[10:34:14.085]   _advance_to_next_human_node: attempt=2 current_node=A2 idx=5
[10:34:14.085]   _advance_to_next_human_node: A2 is agent (AgentA) — auto-colouring
[10:34:14.590]   _advance_to_next_human_node: attempt=2 current_node=A3 idx=6
[10:34:14.590]   _advance_to_next_human_node: A3 is agent (AgentA) — auto-colouring
[10:34:15.098]   _advance_to_next_human_node: attempt=2 current_node=A4 idx=7
[10:34:15.098]   _advance_to_next_human_node: A4 is agent (AgentA) — auto-colouring
[10:34:15.610]   _advance_to_next_human_node: attempt=2 current_node=B1 idx=8
[10:34:15.610]   _advance_to_next_human_node: B1 is agent (AgentB) — auto-colouring
[10:34:16.116]   _advance_to_next_human_node: attempt=2 current_node=B2 idx=9
[10:34:16.116]   _advance_to_next_human_node: B2 is agent (AgentB) — auto-colouring
[10:34:16.630]   _advance_to_next_human_node: attempt=2 current_node=B3 idx=10
[10:34:16.630]   _advance_to_next_human_node: B3 is agent (AgentB) — auto-colouring
[10:34:17.136]   _advance_to_next_human_node: attempt=2 current_node=B4 idx=11
[10:34:17.136]   _advance_to_next_human_node: B4 is agent (AgentB) — auto-colouring
[10:34:17.138]   _advance_to_next_human_node: session complete after B4 — scheduling _finish_attempt
[10:34:17.446]   _finish_attempt() called — attempt=2, nodes_decided=12
[10:34:17.446]   _finish_attempt: 12 nodes, score=87
[10:34:17.446]   _on_complete called for attempt 2, assignment has 12 nodes
[10:34:17.446]   _finish_attempt: _on_complete called, showing end panel
[10:34:17.446]   _show_end_panel: attempt=2
[10:34:20.631]   _on_session_finish called (attempt=2)
[10:34:20.631]   _on_decision: attempt=2 decision='finish'
[10:34:20.631]   decision_var='finish', _attempt_done keys=['assignment']
[10:34:20.631]   score=87, completed_attempts=2
[10:34:20.631]   decision=finish, ending loop
[10:34:20.631] --- LOOP ENDED: completed 2 of 3 attempts ---
[10:34:20.640] root.destroy() called — session fully complete
