[11:33:56.791] debug_log initialised — writing to G:\Files\Code\GraphColouringNew\logs\debug\session_20260420_113356.log
[11:33:57.049] ColourSession.run() start — mode=mode1 max_attempts=3 graph=hub12_tri
[11:33:57.095] win_top created
[11:33:57.095] --- ATTEMPT LOOP: attempt_num=1 of 3 ---
[11:33:57.095]   SessionManager created, node_order len=12, first=H1
[11:33:57.112]   ColourStudyWindow created, calling run()
[11:33:57.112]   window.run() returned, waiting on decision_var
[11:33:57.215]   _advance_to_next_human_node: attempt=1 current_node=H1 idx=0
[11:33:57.215]   _advance_to_next_human_node: H1 is Human — enabling buttons
[11:34:10.921]   _advance_to_next_human_node: attempt=1 current_node=H2 idx=1
[11:34:10.936]   _advance_to_next_human_node: H2 is Human — enabling buttons
[11:34:13.111]   _advance_to_next_human_node: attempt=1 current_node=H3 idx=2
[11:34:13.111]   _advance_to_next_human_node: H3 is Human — enabling buttons
[11:34:13.856]   _advance_to_next_human_node: attempt=1 current_node=H4 idx=3
[11:34:13.856]   _advance_to_next_human_node: H4 is Human — enabling buttons
[11:34:14.339]   _advance_to_next_human_node: attempt=1 current_node=A1 idx=4
[11:34:14.339]   _advance_to_next_human_node: A1 is agent (AgentA) — auto-colouring
[11:34:14.840]   _advance_to_next_human_node: attempt=1 current_node=A2 idx=5
[11:34:14.840]   _advance_to_next_human_node: A2 is agent (AgentA) — auto-colouring
[11:34:15.345]   _advance_to_next_human_node: attempt=1 current_node=A3 idx=6
[11:34:15.345]   _advance_to_next_human_node: A3 is agent (AgentA) — auto-colouring
[11:34:15.858]   _advance_to_next_human_node: attempt=1 current_node=A4 idx=7
[11:34:15.858]   _advance_to_next_human_node: A4 is agent (AgentA) — auto-colouring
[11:34:16.369]   _advance_to_next_human_node: attempt=1 current_node=B1 idx=8
[11:34:16.369]   _advance_to_next_human_node: B1 is agent (AgentB) — auto-colouring
[11:34:16.882]   _advance_to_next_human_node: attempt=1 current_node=B2 idx=9
[11:34:16.882]   _advance_to_next_human_node: B2 is agent (AgentB) — auto-colouring
[11:34:17.386]   _advance_to_next_human_node: attempt=1 current_node=B3 idx=10
[11:34:17.387]   _advance_to_next_human_node: B3 is agent (AgentB) — auto-colouring
[11:34:17.891]   _advance_to_next_human_node: attempt=1 current_node=B4 idx=11
[11:34:17.891]   _advance_to_next_human_node: B4 is agent (AgentB) — auto-colouring
[11:34:17.892]   _advance_to_next_human_node: session complete after B4 — scheduling _finish_attempt
[11:34:18.192]   _finish_attempt() called — attempt=1, nodes_decided=12
[11:34:18.192]   _finish_attempt: 12 nodes, score=91
[11:34:18.193]   _on_complete called for attempt 1, assignment has 12 nodes
[11:34:18.193]   _finish_attempt: _on_complete called, showing end panel
[11:34:18.193]   _show_end_panel: attempt=1
[11:34:19.789]   _on_session_continue clicked (attempt=1)
[11:34:19.789]   _on_decision: attempt=1 decision='continue'
[11:34:19.789]   decision_var='continue', _attempt_done keys=['assignment']
[11:34:19.789]   score=91, completed_attempts=1
[11:34:19.789]   decision=continue, looping to attempt 2
[11:34:19.789] --- ATTEMPT LOOP: attempt_num=2 of 3 ---
[11:34:19.796]   SessionManager created, node_order len=12, first=H1
[11:34:19.804]   ColourStudyWindow created, calling run()
[11:34:19.804]   window.run() returned, waiting on decision_var
[11:34:19.905]   _advance_to_next_human_node: attempt=2 current_node=H1 idx=0
[11:34:19.905]   _advance_to_next_human_node: H1 is Human — enabling buttons
[11:34:30.356]   _advance_to_next_human_node: attempt=2 current_node=H2 idx=1
[11:34:30.356]   _advance_to_next_human_node: H2 is Human — enabling buttons
[11:34:31.268]   _advance_to_next_human_node: attempt=2 current_node=H3 idx=2
[11:34:31.268]   _advance_to_next_human_node: H3 is Human — enabling buttons
[11:34:31.844]   _advance_to_next_human_node: attempt=2 current_node=H4 idx=3
[11:34:31.844]   _advance_to_next_human_node: H4 is Human — enabling buttons
[11:34:32.468]   _advance_to_next_human_node: attempt=2 current_node=A1 idx=4
[11:34:32.468]   _advance_to_next_human_node: A1 is agent (AgentA) — auto-colouring
[11:34:32.980]   _advance_to_next_human_node: attempt=2 current_node=A2 idx=5
[11:34:32.980]   _advance_to_next_human_node: A2 is agent (AgentA) — auto-colouring
[11:34:33.492]   _advance_to_next_human_node: attempt=2 current_node=A3 idx=6
[11:34:33.492]   _advance_to_next_human_node: A3 is agent (AgentA) — auto-colouring
[11:34:34.000]   _advance_to_next_human_node: attempt=2 current_node=A4 idx=7
[11:34:34.000]   _advance_to_next_human_node: A4 is agent (AgentA) — auto-colouring
[11:34:34.513]   _advance_to_next_human_node: attempt=2 current_node=B1 idx=8
[11:34:34.513]   _advance_to_next_human_node: B1 is agent (AgentB) — auto-colouring
[11:34:35.027]   _advance_to_next_human_node: attempt=2 current_node=B2 idx=9
[11:34:35.027]   _advance_to_next_human_node: B2 is agent (AgentB) — auto-colouring
[11:34:35.537]   _advance_to_next_human_node: attempt=2 current_node=B3 idx=10
[11:34:35.537]   _advance_to_next_human_node: B3 is agent (AgentB) — auto-colouring
[11:34:36.049]   _advance_to_next_human_node: attempt=2 current_node=B4 idx=11
[11:34:36.049]   _advance_to_next_human_node: B4 is agent (AgentB) — auto-colouring
[11:34:36.050]   _advance_to_next_human_node: session complete after B4 — scheduling _finish_attempt
[11:34:36.361]   _finish_attempt() called — attempt=2, nodes_decided=12
[11:34:36.361]   _finish_attempt: 12 nodes, score=91
[11:34:36.361]   _on_complete called for attempt 2, assignment has 12 nodes
[11:34:36.361]   _finish_attempt: _on_complete called, showing end panel
[11:34:36.361]   _show_end_panel: attempt=2
[11:34:47.324]   _on_session_finish called (attempt=2)
[11:34:47.324]   _on_decision: attempt=2 decision='finish'
[11:34:47.324]   decision_var='finish', _attempt_done keys=['assignment']
[11:34:47.324]   score=91, completed_attempts=2
[11:34:47.324]   decision=finish, ending loop
[11:34:47.324] --- LOOP ENDED: completed 2 of 3 attempts ---
[11:34:47.335] root.destroy() called — session fully complete
