[16:40:36.808] debug_log initialised — writing to G:\Files\Code\GraphColouringNew\logs\debug\session_20260414_164036.log
[16:40:36.835] ColourSession.run() start — mode=mode1 max_attempts=3 graph=study_12
[16:40:36.874] win_top created
[16:40:36.874] --- ATTEMPT LOOP: attempt_num=1 of 3 ---
[16:40:36.874]   SessionManager created, node_order len=12, first=H1
[16:40:36.887]   ColourStudyWindow created, calling run()
[16:40:36.887]   window.run() returned, waiting on decision_var
[16:40:36.987]   _advance_to_next_human_node: attempt=1 current_node=H1 idx=0
[16:40:36.987]   _advance_to_next_human_node: H1 is Human — enabling buttons
[16:40:42.552]   _advance_to_next_human_node: attempt=1 current_node=H2 idx=1
[16:40:42.553]   _advance_to_next_human_node: H2 is Human — enabling buttons
[16:40:59.582]   _advance_to_next_human_node: attempt=1 current_node=H3 idx=2
[16:40:59.582]   _advance_to_next_human_node: H3 is Human — enabling buttons
[16:41:06.488]   _advance_to_next_human_node: attempt=1 current_node=H4 idx=3
[16:41:06.488]   _advance_to_next_human_node: H4 is Human — enabling buttons
[16:41:09.167]   _advance_to_next_human_node: attempt=1 current_node=A1 idx=4
[16:41:09.167]   _advance_to_next_human_node: A1 is agent (AgentA) — auto-colouring
[16:41:09.668]   _advance_to_next_human_node: attempt=1 current_node=A2 idx=5
[16:41:09.668]   _advance_to_next_human_node: A2 is agent (AgentA) — auto-colouring
[16:41:10.169]   _advance_to_next_human_node: attempt=1 current_node=A3 idx=6
[16:41:10.169]   _advance_to_next_human_node: A3 is agent (AgentA) — auto-colouring
[16:41:10.670]   _advance_to_next_human_node: attempt=1 current_node=A4 idx=7
[16:41:10.670]   _advance_to_next_human_node: A4 is agent (AgentA) — auto-colouring
[16:41:11.171]   _advance_to_next_human_node: attempt=1 current_node=B1 idx=8
[16:41:11.171]   _advance_to_next_human_node: B1 is agent (AgentB) — auto-colouring
[16:41:11.673]   _advance_to_next_human_node: attempt=1 current_node=B2 idx=9
[16:41:11.673]   _advance_to_next_human_node: B2 is agent (AgentB) — auto-colouring
[16:41:12.174]   _advance_to_next_human_node: attempt=1 current_node=B3 idx=10
[16:41:12.174]   _advance_to_next_human_node: B3 is agent (AgentB) — auto-colouring
[16:41:12.676]   _advance_to_next_human_node: attempt=1 current_node=B4 idx=11
[16:41:12.676]   _advance_to_next_human_node: B4 is agent (AgentB) — auto-colouring
[16:41:12.677]   _advance_to_next_human_node: session complete after B4 — scheduling _finish_attempt
[16:41:12.977]   _finish_attempt() called — attempt=1, nodes_decided=12
[16:41:12.977]   _finish_attempt: 12 nodes, score=89
[16:41:12.977]   _on_complete called for attempt 1, assignment has 12 nodes
[16:41:12.977]   _finish_attempt: _on_complete called, showing end panel
[16:41:12.977]   _show_end_panel: attempt=1
[16:41:14.903]   _on_session_continue clicked (attempt=1)
[16:41:14.903]   _on_decision: attempt=1 decision='continue'
[16:41:14.903]   decision_var='continue', _attempt_done keys=['assignment']
[16:41:14.903]   score=89, completed_attempts=1
[16:41:14.903]   decision=continue, looping to attempt 2
[16:41:14.903] --- ATTEMPT LOOP: attempt_num=2 of 3 ---
[16:41:14.908]   SessionManager created, node_order len=12, first=H1
[16:41:14.915]   ColourStudyWindow created, calling run()
[16:41:14.915]   window.run() returned, waiting on decision_var
[16:41:15.015]   _advance_to_next_human_node: attempt=2 current_node=H1 idx=0
[16:41:15.015]   _advance_to_next_human_node: H1 is Human — enabling buttons
[16:41:28.649]   _on_close: attempt=2, idx=0/12 — abandonment
[16:41:28.649]   _on_decision: attempt=2 decision='abandon'
[16:41:28.649]   decision_var='abandon', _attempt_done keys=[]
[16:41:28.649]   BREAK: window abandoned without finishing
[16:41:28.649] --- LOOP ENDED: completed 1 of 3 attempts ---
[16:41:28.670] root.destroy() called — session fully complete
