[16:45:20.364] debug_log initialised — writing to G:\Files\Code\GraphColouringNew\logs\debug\session_20260414_164520.log
[16:45:20.383] ColourSession.run() start — mode=mode1 max_attempts=3 graph=study_15
[16:45:20.423] win_top created
[16:45:20.423] --- ATTEMPT LOOP: attempt_num=1 of 3 ---
[16:45:20.423]   SessionManager created, node_order len=15, first=H1
[16:45:20.432]   ColourStudyWindow created, calling run()
[16:45:20.433]   window.run() returned, waiting on decision_var
[16:45:20.533]   _advance_to_next_human_node: attempt=1 current_node=H1 idx=0
[16:45:20.533]   _advance_to_next_human_node: H1 is Human — enabling buttons
[16:45:25.398]   _advance_to_next_human_node: attempt=1 current_node=H2 idx=1
[16:45:25.399]   _advance_to_next_human_node: H2 is Human — enabling buttons
[16:45:29.933]   _advance_to_next_human_node: attempt=1 current_node=H3 idx=2
[16:45:29.933]   _advance_to_next_human_node: H3 is Human — enabling buttons
[16:45:43.208]   _advance_to_next_human_node: attempt=1 current_node=H4 idx=3
[16:45:43.208]   _advance_to_next_human_node: H4 is Human — enabling buttons
[16:45:50.424]   _advance_to_next_human_node: attempt=1 current_node=H5 idx=4
[16:45:50.424]   _advance_to_next_human_node: H5 is Human — enabling buttons
[16:45:53.928]   _advance_to_next_human_node: attempt=1 current_node=A1 idx=5
[16:45:53.928]   _advance_to_next_human_node: A1 is agent (AgentA) — auto-colouring
[16:45:54.430]   _advance_to_next_human_node: attempt=1 current_node=A2 idx=6
[16:45:54.430]   _advance_to_next_human_node: A2 is agent (AgentA) — auto-colouring
[16:45:54.931]   _advance_to_next_human_node: attempt=1 current_node=A3 idx=7
[16:45:54.931]   _advance_to_next_human_node: A3 is agent (AgentA) — auto-colouring
[16:45:55.432]   _advance_to_next_human_node: attempt=1 current_node=A4 idx=8
[16:45:55.433]   _advance_to_next_human_node: A4 is agent (AgentA) — auto-colouring
[16:45:55.934]   _advance_to_next_human_node: attempt=1 current_node=A5 idx=9
[16:45:55.934]   _advance_to_next_human_node: A5 is agent (AgentA) — auto-colouring
[16:45:56.435]   _advance_to_next_human_node: attempt=1 current_node=B1 idx=10
[16:45:56.436]   _advance_to_next_human_node: B1 is agent (AgentB) — auto-colouring
[16:45:56.937]   _advance_to_next_human_node: attempt=1 current_node=B2 idx=11
[16:45:56.937]   _advance_to_next_human_node: B2 is agent (AgentB) — auto-colouring
[16:45:57.438]   _advance_to_next_human_node: attempt=1 current_node=B3 idx=12
[16:45:57.438]   _advance_to_next_human_node: B3 is agent (AgentB) — auto-colouring
[16:45:57.940]   _advance_to_next_human_node: attempt=1 current_node=B4 idx=13
[16:45:57.940]   _advance_to_next_human_node: B4 is agent (AgentB) — auto-colouring
[16:45:58.441]   _advance_to_next_human_node: attempt=1 current_node=B5 idx=14
[16:45:58.441]   _advance_to_next_human_node: B5 is agent (AgentB) — auto-colouring
[16:45:58.442]   _advance_to_next_human_node: session complete after B5 — scheduling _finish_attempt
[16:45:58.743]   _finish_attempt() called — attempt=1, nodes_decided=15
[16:45:58.743]   _finish_attempt: 15 nodes, score=110
[16:45:58.743]   _on_complete called for attempt 1, assignment has 15 nodes
[16:45:58.743]   _finish_attempt: _on_complete called, showing end panel
[16:45:58.743]   _show_end_panel: attempt=1
[16:46:00.439]   _on_session_continue clicked (attempt=1)
[16:46:00.439]   _on_decision: attempt=1 decision='continue'
[16:46:00.439]   decision_var='continue', _attempt_done keys=['assignment']
[16:46:00.439]   score=110, completed_attempts=1
[16:46:00.439]   decision=continue, looping to attempt 2
[16:46:00.439] --- ATTEMPT LOOP: attempt_num=2 of 3 ---
[16:46:00.444]   SessionManager created, node_order len=15, first=H1
[16:46:00.452]   ColourStudyWindow created, calling run()
[16:46:00.452]   window.run() returned, waiting on decision_var
[16:46:00.552]   _advance_to_next_human_node: attempt=2 current_node=H1 idx=0
[16:46:00.552]   _advance_to_next_human_node: H1 is Human — enabling buttons
[16:46:04.821]   _advance_to_next_human_node: attempt=2 current_node=H2 idx=1
[16:46:04.821]   _advance_to_next_human_node: H2 is Human — enabling buttons
[16:46:06.658]   _advance_to_next_human_node: attempt=2 current_node=H3 idx=2
[16:46:06.658]   _advance_to_next_human_node: H3 is Human — enabling buttons
[16:46:07.798]   _advance_to_next_human_node: attempt=2 current_node=H4 idx=3
[16:46:07.798]   _advance_to_next_human_node: H4 is Human — enabling buttons
[16:46:12.047]   _advance_to_next_human_node: attempt=2 current_node=H5 idx=4
[16:46:12.047]   _advance_to_next_human_node: H5 is Human — enabling buttons
[16:46:13.630]   _advance_to_next_human_node: attempt=2 current_node=A1 idx=5
[16:46:13.630]   _advance_to_next_human_node: A1 is agent (AgentA) — auto-colouring
[16:46:14.131]   _advance_to_next_human_node: attempt=2 current_node=A2 idx=6
[16:46:14.131]   _advance_to_next_human_node: A2 is agent (AgentA) — auto-colouring
[16:46:14.633]   _advance_to_next_human_node: attempt=2 current_node=A3 idx=7
[16:46:14.633]   _advance_to_next_human_node: A3 is agent (AgentA) — auto-colouring
[16:46:15.134]   _advance_to_next_human_node: attempt=2 current_node=A4 idx=8
[16:46:15.134]   _advance_to_next_human_node: A4 is agent (AgentA) — auto-colouring
[16:46:15.636]   _advance_to_next_human_node: attempt=2 current_node=A5 idx=9
[16:46:15.636]   _advance_to_next_human_node: A5 is agent (AgentA) — auto-colouring
[16:46:16.137]   _advance_to_next_human_node: attempt=2 current_node=B1 idx=10
[16:46:16.137]   _advance_to_next_human_node: B1 is agent (AgentB) — auto-colouring
[16:46:16.638]   _advance_to_next_human_node: attempt=2 current_node=B2 idx=11
[16:46:16.638]   _advance_to_next_human_node: B2 is agent (AgentB) — auto-colouring
[16:46:17.139]   _advance_to_next_human_node: attempt=2 current_node=B3 idx=12
[16:46:17.139]   _advance_to_next_human_node: B3 is agent (AgentB) — auto-colouring
[16:46:17.641]   _advance_to_next_human_node: attempt=2 current_node=B4 idx=13
[16:46:17.641]   _advance_to_next_human_node: B4 is agent (AgentB) — auto-colouring
[16:46:18.142]   _advance_to_next_human_node: attempt=2 current_node=B5 idx=14
[16:46:18.142]   _advance_to_next_human_node: B5 is agent (AgentB) — auto-colouring
[16:46:18.143]   _advance_to_next_human_node: session complete after B5 — scheduling _finish_attempt
[16:46:18.443]   _finish_attempt() called — attempt=2, nodes_decided=15
[16:46:18.443]   _finish_attempt: 15 nodes, score=110
[16:46:18.443]   _on_complete called for attempt 2, assignment has 15 nodes
[16:46:18.443]   _finish_attempt: _on_complete called, showing end panel
[16:46:18.443]   _show_end_panel: attempt=2
[16:46:23.198]   _on_session_continue clicked (attempt=2)
[16:46:23.198]   _on_decision: attempt=2 decision='continue'
[16:46:23.198]   decision_var='continue', _attempt_done keys=['assignment']
[16:46:23.198]   score=110, completed_attempts=2
[16:46:23.198]   decision=continue, looping to attempt 3
[16:46:23.198] --- ATTEMPT LOOP: attempt_num=3 of 3 ---
[16:46:23.203]   SessionManager created, node_order len=15, first=H1
[16:46:23.211]   ColourStudyWindow created, calling run()
[16:46:23.211]   window.run() returned, waiting on decision_var
[16:46:23.311]   _advance_to_next_human_node: attempt=3 current_node=H1 idx=0
[16:46:23.311]   _advance_to_next_human_node: H1 is Human — enabling buttons
[16:46:27.122]   _advance_to_next_human_node: attempt=3 current_node=H2 idx=1
[16:46:27.122]   _advance_to_next_human_node: H2 is Human — enabling buttons
[16:46:28.317]   _advance_to_next_human_node: attempt=3 current_node=H3 idx=2
[16:46:28.317]   _advance_to_next_human_node: H3 is Human — enabling buttons
[16:46:29.417]   _advance_to_next_human_node: attempt=3 current_node=H4 idx=3
[16:46:29.417]   _advance_to_next_human_node: H4 is Human — enabling buttons
[16:46:30.450]   _advance_to_next_human_node: attempt=3 current_node=H5 idx=4
[16:46:30.450]   _advance_to_next_human_node: H5 is Human — enabling buttons
[16:46:31.603]   _advance_to_next_human_node: attempt=3 current_node=A1 idx=5
[16:46:31.604]   _advance_to_next_human_node: A1 is agent (AgentA) — auto-colouring
[16:46:32.105]   _advance_to_next_human_node: attempt=3 current_node=A2 idx=6
[16:46:32.105]   _advance_to_next_human_node: A2 is agent (AgentA) — auto-colouring
[16:46:32.606]   _advance_to_next_human_node: attempt=3 current_node=A3 idx=7
[16:46:32.606]   _advance_to_next_human_node: A3 is agent (AgentA) — auto-colouring
[16:46:33.107]   _advance_to_next_human_node: attempt=3 current_node=A4 idx=8
[16:46:33.107]   _advance_to_next_human_node: A4 is agent (AgentA) — auto-colouring
[16:46:33.609]   _advance_to_next_human_node: attempt=3 current_node=A5 idx=9
[16:46:33.609]   _advance_to_next_human_node: A5 is agent (AgentA) — auto-colouring
[16:46:34.110]   _advance_to_next_human_node: attempt=3 current_node=B1 idx=10
[16:46:34.110]   _advance_to_next_human_node: B1 is agent (AgentB) — auto-colouring
[16:46:34.612]   _advance_to_next_human_node: attempt=3 current_node=B2 idx=11
[16:46:34.612]   _advance_to_next_human_node: B2 is agent (AgentB) — auto-colouring
[16:46:35.113]   _advance_to_next_human_node: attempt=3 current_node=B3 idx=12
[16:46:35.113]   _advance_to_next_human_node: B3 is agent (AgentB) — auto-colouring
[16:46:35.614]   _advance_to_next_human_node: attempt=3 current_node=B4 idx=13
[16:46:35.614]   _advance_to_next_human_node: B4 is agent (AgentB) — auto-colouring
[16:46:36.115]   _advance_to_next_human_node: attempt=3 current_node=B5 idx=14
[16:46:36.116]   _advance_to_next_human_node: B5 is agent (AgentB) — auto-colouring
[16:46:36.117]   _advance_to_next_human_node: session complete after B5 — scheduling _finish_attempt
[16:46:36.417]   _finish_attempt() called — attempt=3, nodes_decided=15
[16:46:36.417]   _finish_attempt: 15 nodes, score=110
[16:46:36.417]   _on_complete called for attempt 3, assignment has 15 nodes
[16:46:36.417]   _finish_attempt: _on_complete called, showing end panel
[16:46:36.417]   _show_end_panel: attempt=3
[16:46:38.289]   _on_session_finish called (attempt=3)
[16:46:38.289]   _on_decision: attempt=3 decision='finish'
[16:46:38.289]   decision_var='finish', _attempt_done keys=['assignment']
[16:46:38.289]   score=110, completed_attempts=3
[16:46:38.289]   decision=finish, ending loop
[16:46:38.289] --- LOOP ENDED: completed 3 of 3 attempts ---
[16:46:38.299] root.destroy() called — session fully complete
