[11:42:39.496] debug_log initialised — writing to G:\Files\Code\GraphColouringNew\logs\debug\session_20260420_114239.log
[11:42:39.514] ColourSession.run() start — mode=mode1 max_attempts=3 graph=hub18
[11:42:39.555] win_top created
[11:42:39.555] --- ATTEMPT LOOP: attempt_num=1 of 3 ---
[11:42:39.555]   SessionManager created, node_order len=18, first=H1
[11:42:39.564]   ColourStudyWindow created, calling run()
[11:42:39.564]   window.run() returned, waiting on decision_var
[11:42:39.674]   _advance_to_next_human_node: attempt=1 current_node=H1 idx=0
[11:42:39.674]   _advance_to_next_human_node: H1 is Human — enabling buttons
[11:43:09.027]   _advance_to_next_human_node: attempt=1 current_node=H2 idx=1
[11:43:09.028]   _advance_to_next_human_node: H2 is Human — enabling buttons
[11:43:11.962]   _advance_to_next_human_node: attempt=1 current_node=H3 idx=2
[11:43:11.963]   _advance_to_next_human_node: H3 is Human — enabling buttons
[11:43:19.905]   _advance_to_next_human_node: attempt=1 current_node=H4 idx=3
[11:43:19.905]   _advance_to_next_human_node: H4 is Human — enabling buttons
[11:43:26.098]   _advance_to_next_human_node: attempt=1 current_node=H5 idx=4
[11:43:26.098]   _advance_to_next_human_node: H5 is Human — enabling buttons
[11:43:28.507]   _advance_to_next_human_node: attempt=1 current_node=H6 idx=5
[11:43:28.508]   _advance_to_next_human_node: H6 is Human — enabling buttons
[11:43:30.310]   _advance_to_next_human_node: attempt=1 current_node=A1 idx=6
[11:43:30.310]   _advance_to_next_human_node: A1 is agent (AgentA) — auto-colouring
[11:43:30.826]   _advance_to_next_human_node: attempt=1 current_node=A2 idx=7
[11:43:30.826]   _advance_to_next_human_node: A2 is agent (AgentA) — auto-colouring
[11:43:31.341]   _advance_to_next_human_node: attempt=1 current_node=A3 idx=8
[11:43:31.341]   _advance_to_next_human_node: A3 is agent (AgentA) — auto-colouring
[11:43:31.845]   _advance_to_next_human_node: attempt=1 current_node=A4 idx=9
[11:43:31.845]   _advance_to_next_human_node: A4 is agent (AgentA) — auto-colouring
[11:43:32.352]   _advance_to_next_human_node: attempt=1 current_node=A5 idx=10
[11:43:32.352]   _advance_to_next_human_node: A5 is agent (AgentA) — auto-colouring
[11:43:32.863]   _advance_to_next_human_node: attempt=1 current_node=A6 idx=11
[11:43:32.863]   _advance_to_next_human_node: A6 is agent (AgentA) — auto-colouring
[11:43:33.375]   _advance_to_next_human_node: attempt=1 current_node=B1 idx=12
[11:43:33.375]   _advance_to_next_human_node: B1 is agent (AgentB) — auto-colouring
[11:43:33.887]   _advance_to_next_human_node: attempt=1 current_node=B2 idx=13
[11:43:33.887]   _advance_to_next_human_node: B2 is agent (AgentB) — auto-colouring
[11:43:34.400]   _advance_to_next_human_node: attempt=1 current_node=B3 idx=14
[11:43:34.400]   _advance_to_next_human_node: B3 is agent (AgentB) — auto-colouring
[11:43:34.913]   _advance_to_next_human_node: attempt=1 current_node=B4 idx=15
[11:43:34.913]   _advance_to_next_human_node: B4 is agent (AgentB) — auto-colouring
[11:43:35.425]   _advance_to_next_human_node: attempt=1 current_node=B5 idx=16
[11:43:35.425]   _advance_to_next_human_node: B5 is agent (AgentB) — auto-colouring
[11:43:35.937]   _advance_to_next_human_node: attempt=1 current_node=B6 idx=17
[11:43:35.937]   _advance_to_next_human_node: B6 is agent (AgentB) — auto-colouring
[11:43:35.939]   _advance_to_next_human_node: session complete after B6 — scheduling _finish_attempt
[11:43:36.246]   _finish_attempt() called — attempt=1, nodes_decided=18
[11:43:36.246]   _finish_attempt: 18 nodes, score=132
[11:43:36.246]   _on_complete called for attempt 1, assignment has 18 nodes
[11:43:36.246]   _finish_attempt: _on_complete called, showing end panel
[11:43:36.246]   _show_end_panel: attempt=1
[11:43:41.125]   _on_session_continue clicked (attempt=1)
[11:43:41.125]   _on_decision: attempt=1 decision='continue'
[11:43:41.125]   decision_var='continue', _attempt_done keys=['assignment']
[11:43:41.125]   score=132, completed_attempts=1
[11:43:41.125]   decision=continue, looping to attempt 2
[11:43:41.125] --- ATTEMPT LOOP: attempt_num=2 of 3 ---
[11:43:41.132]   SessionManager created, node_order len=18, first=H1
[11:43:41.141]   ColourStudyWindow created, calling run()
[11:43:41.141]   window.run() returned, waiting on decision_var
[11:43:41.249]   _advance_to_next_human_node: attempt=2 current_node=H1 idx=0
[11:43:41.249]   _advance_to_next_human_node: H1 is Human — enabling buttons
[11:44:05.324]   _on_close: attempt=2, idx=0/18 — abandonment
[11:44:05.324]   _on_decision: attempt=2 decision='abandon'
[11:44:05.324]   decision_var='abandon', _attempt_done keys=[]
[11:44:05.324]   BREAK: window abandoned without finishing
[11:44:05.324] --- LOOP ENDED: completed 1 of 3 attempts ---
[11:44:05.354] root.destroy() called — session fully complete
