[10:34:29.704] debug_log initialised — writing to G:\Files\Code\GraphColouringNew\logs\debug\session_20260415_103429.log
[10:34:29.722] ColourSession.run() start — mode=mode1 max_attempts=3 graph=s18_dense_2c
[10:34:29.761] win_top created
[10:34:29.761] --- ATTEMPT LOOP: attempt_num=1 of 3 ---
[10:34:29.761]   SessionManager created, node_order len=18, first=H1
[10:34:29.771]   ColourStudyWindow created, calling run()
[10:34:29.771]   window.run() returned, waiting on decision_var
[10:34:29.873]   _advance_to_next_human_node: attempt=1 current_node=H1 idx=0
[10:34:29.874]   _advance_to_next_human_node: H1 is Human — enabling buttons
[10:34:36.418]   _advance_to_next_human_node: attempt=1 current_node=H2 idx=1
[10:34:36.419]   _advance_to_next_human_node: H2 is Human — enabling buttons
[10:34:44.171]   _advance_to_next_human_node: attempt=1 current_node=H3 idx=2
[10:34:44.171]   _advance_to_next_human_node: H3 is Human — enabling buttons
[10:36:07.711]   _advance_to_next_human_node: attempt=1 current_node=H4 idx=3
[10:36:07.711]   _advance_to_next_human_node: H4 is Human — enabling buttons
[10:36:14.571]   _advance_to_next_human_node: attempt=1 current_node=H5 idx=4
[10:36:14.571]   _advance_to_next_human_node: H5 is Human — enabling buttons
[10:36:20.289]   _advance_to_next_human_node: attempt=1 current_node=H6 idx=5
[10:36:20.289]   _advance_to_next_human_node: H6 is Human — enabling buttons
[10:36:22.578]   _advance_to_next_human_node: attempt=1 current_node=A1 idx=6
[10:36:22.578]   _advance_to_next_human_node: A1 is agent (AgentA) — auto-colouring
[10:36:23.079]   _advance_to_next_human_node: attempt=1 current_node=A2 idx=7
[10:36:23.079]   _advance_to_next_human_node: A2 is agent (AgentA) — auto-colouring
[10:36:23.594]   _advance_to_next_human_node: attempt=1 current_node=A3 idx=8
[10:36:23.594]   _advance_to_next_human_node: A3 is agent (AgentA) — auto-colouring
[10:36:24.110]   _advance_to_next_human_node: attempt=1 current_node=A4 idx=9
[10:36:24.110]   _advance_to_next_human_node: A4 is agent (AgentA) — auto-colouring
[10:36:24.622]   _advance_to_next_human_node: attempt=1 current_node=A5 idx=10
[10:36:24.622]   _advance_to_next_human_node: A5 is agent (AgentA) — auto-colouring
[10:36:25.130]   _advance_to_next_human_node: attempt=1 current_node=A6 idx=11
[10:36:25.130]   _advance_to_next_human_node: A6 is agent (AgentA) — auto-colouring
[10:36:25.635]   _advance_to_next_human_node: attempt=1 current_node=B1 idx=12
[10:36:25.635]   _advance_to_next_human_node: B1 is agent (AgentB) — auto-colouring
[10:36:26.141]   _advance_to_next_human_node: attempt=1 current_node=B2 idx=13
[10:36:26.141]   _advance_to_next_human_node: B2 is agent (AgentB) — auto-colouring
[10:36:26.657]   _advance_to_next_human_node: attempt=1 current_node=B3 idx=14
[10:36:26.657]   _advance_to_next_human_node: B3 is agent (AgentB) — auto-colouring
[10:36:27.173]   _advance_to_next_human_node: attempt=1 current_node=B4 idx=15
[10:36:27.173]   _advance_to_next_human_node: B4 is agent (AgentB) — auto-colouring
[10:36:27.688]   _advance_to_next_human_node: attempt=1 current_node=B5 idx=16
[10:36:27.688]   _advance_to_next_human_node: B5 is agent (AgentB) — auto-colouring
[10:36:28.204]   _advance_to_next_human_node: attempt=1 current_node=B6 idx=17
[10:36:28.204]   _advance_to_next_human_node: B6 is agent (AgentB) — auto-colouring
[10:36:28.206]   _advance_to_next_human_node: session complete after B6 — scheduling _finish_attempt
[10:36:28.506]   _finish_attempt() called — attempt=1, nodes_decided=18
[10:36:28.506]   _finish_attempt: 18 nodes, score=134
[10:36:28.506]   _on_complete called for attempt 1, assignment has 18 nodes
[10:36:28.506]   _finish_attempt: _on_complete called, showing end panel
[10:36:28.506]   _show_end_panel: attempt=1
[10:36:33.925]   _on_session_finish called (attempt=1)
[10:36:33.925]   _on_decision: attempt=1 decision='finish'
[10:36:33.925]   decision_var='finish', _attempt_done keys=['assignment']
[10:36:33.925]   score=134, completed_attempts=1
[10:36:33.925]   decision=finish, ending loop
[10:36:33.925] --- LOOP ENDED: completed 1 of 3 attempts ---
[10:36:33.934] root.destroy() called — session fully complete
