[16:24:11.953] debug_log initialised — writing to G:\Files\Code\GraphColouringNew\logs\debug\session_20260414_162411.log
[16:24:11.974] ColourSession.run() start — mode=mode1 max_attempts=3 graph=study_12
[16:24:12.016] win_top created
[16:24:12.016] --- ATTEMPT LOOP: attempt_num=1 of 3 ---
[16:24:12.016]   SessionManager created, node_order len=12, first=H1
[16:24:12.025]   ColourStudyWindow created, calling run()
[16:24:12.025]   window.run() returned, waiting on decision_var
[16:24:12.126]   _advance_to_next_human_node: attempt=1 current_node=H1 idx=0
[16:24:12.126]   _advance_to_next_human_node: H1 is Human — enabling buttons
[16:24:16.722]   _advance_to_next_human_node: attempt=1 current_node=H2 idx=1
[16:24:16.722]   _advance_to_next_human_node: H2 is Human — enabling buttons
[16:24:19.715]   _advance_to_next_human_node: attempt=1 current_node=H3 idx=2
[16:24:19.715]   _advance_to_next_human_node: H3 is Human — enabling buttons
[16:24:21.760]   _advance_to_next_human_node: attempt=1 current_node=H4 idx=3
[16:24:21.760]   _advance_to_next_human_node: H4 is Human — enabling buttons
[16:24:22.833]   _advance_to_next_human_node: attempt=1 current_node=A1 idx=4
[16:24:22.833]   _advance_to_next_human_node: A1 is agent (AgentA) — auto-colouring
[16:24:23.334]   _advance_to_next_human_node: attempt=1 current_node=A2 idx=5
[16:24:23.335]   _advance_to_next_human_node: A2 is agent (AgentA) — auto-colouring
[16:24:23.836]   _advance_to_next_human_node: attempt=1 current_node=A3 idx=6
[16:24:23.836]   _advance_to_next_human_node: A3 is agent (AgentA) — auto-colouring
[16:24:24.338]   _advance_to_next_human_node: attempt=1 current_node=A4 idx=7
[16:24:24.338]   _advance_to_next_human_node: A4 is agent (AgentA) — auto-colouring
[16:24:24.839]   _advance_to_next_human_node: attempt=1 current_node=B1 idx=8
[16:24:24.839]   _advance_to_next_human_node: B1 is agent (AgentB) — auto-colouring
[16:24:25.341]   _advance_to_next_human_node: attempt=1 current_node=B2 idx=9
[16:24:25.341]   _advance_to_next_human_node: B2 is agent (AgentB) — auto-colouring
[16:24:25.842]   _advance_to_next_human_node: attempt=1 current_node=B3 idx=10
[16:24:25.842]   _advance_to_next_human_node: B3 is agent (AgentB) — auto-colouring
[16:24:26.343]   _advance_to_next_human_node: attempt=1 current_node=B4 idx=11
[16:24:26.344]   _advance_to_next_human_node: B4 is agent (AgentB) — auto-colouring
[16:24:26.345]   _advance_to_next_human_node: session complete after B4 — scheduling _finish_attempt
[16:24:26.645]   _finish_attempt() called — attempt=1, nodes_decided=12
[16:24:26.645]   _finish_attempt: 12 nodes, score=89
[16:24:26.645]   _on_complete called for attempt 1, assignment has 12 nodes
[16:24:26.645]   _finish_attempt: _on_complete called, showing end panel
[16:24:26.645]   _show_end_panel: attempt=1
[16:24:31.890]   _on_session_continue clicked (attempt=1)
[16:24:31.890]   _on_decision: attempt=1 decision='continue'
[16:24:31.890]   decision_var='continue', _attempt_done keys=['assignment']
[16:24:31.890]   score=89, completed_attempts=1
[16:24:31.890]   decision=continue, looping to attempt 2
[16:24:31.890] --- ATTEMPT LOOP: attempt_num=2 of 3 ---
[16:24:31.895]   SessionManager created, node_order len=12, first=H1
[16:24:31.902]   ColourStudyWindow created, calling run()
[16:24:31.903]   window.run() returned, waiting on decision_var
[16:24:32.003]   _advance_to_next_human_node: attempt=2 current_node=H1 idx=0
[16:24:32.003]   _advance_to_next_human_node: H1 is Human — enabling buttons
[16:24:38.070]   _advance_to_next_human_node: attempt=2 current_node=H2 idx=1
[16:24:38.070]   _advance_to_next_human_node: H2 is Human — enabling buttons
[16:24:47.701]   _advance_to_next_human_node: attempt=2 current_node=H3 idx=2
[16:24:47.701]   _advance_to_next_human_node: H3 is Human — enabling buttons
[16:24:51.274]   _advance_to_next_human_node: attempt=2 current_node=H4 idx=3
[16:24:51.274]   _advance_to_next_human_node: H4 is Human — enabling buttons
[16:25:12.844]   _on_close: attempt=2, idx=3/12 — abandonment
[16:25:12.844]   _on_decision: attempt=2 decision='abandon'
[16:25:12.844]   decision_var='abandon', _attempt_done keys=[]
[16:25:12.844]   BREAK: window abandoned without finishing
[16:25:12.844] --- LOOP ENDED: completed 1 of 3 attempts ---
[16:25:12.864] root.destroy() called — session fully complete
