[11:15:04.632] debug_log initialised — writing to G:\Files\Code\GraphColouringNew\logs\debug\session_20260415_111504.log
[11:15:04.655] ColourSession.run() start — mode=mode1 max_attempts=3 graph=s12_3c_xab
[11:15:04.694] win_top created
[11:15:04.694] --- ATTEMPT LOOP: attempt_num=1 of 3 ---
[11:15:04.694]   SessionManager created, node_order len=12, first=H1
[11:15:04.702]   ColourStudyWindow created, calling run()
[11:15:04.703]   window.run() returned, waiting on decision_var
[11:15:04.803]   _advance_to_next_human_node: attempt=1 current_node=H1 idx=0
[11:15:04.803]   _advance_to_next_human_node: H1 is Human — enabling buttons
[11:15:12.415]   _advance_to_next_human_node: attempt=1 current_node=H2 idx=1
[11:15:12.416]   _advance_to_next_human_node: H2 is Human — enabling buttons
[11:15:14.569]   _advance_to_next_human_node: attempt=1 current_node=H3 idx=2
[11:15:14.570]   _advance_to_next_human_node: H3 is Human — enabling buttons
[11:15:15.361]   _advance_to_next_human_node: attempt=1 current_node=H4 idx=3
[11:15:15.361]   _advance_to_next_human_node: H4 is Human — enabling buttons
[11:15:16.063]   _advance_to_next_human_node: attempt=1 current_node=A1 idx=4
[11:15:16.063]   _advance_to_next_human_node: A1 is agent (AgentA) — auto-colouring
[11:15:16.565]   _advance_to_next_human_node: attempt=1 current_node=A2 idx=5
[11:15:16.565]   _advance_to_next_human_node: A2 is agent (AgentA) — auto-colouring
[11:15:17.071]   _advance_to_next_human_node: attempt=1 current_node=A3 idx=6
[11:15:17.071]   _advance_to_next_human_node: A3 is agent (AgentA) — auto-colouring
[11:15:17.585]   _advance_to_next_human_node: attempt=1 current_node=A4 idx=7
[11:15:17.585]   _advance_to_next_human_node: A4 is agent (AgentA) — auto-colouring
[11:15:18.097]   _advance_to_next_human_node: attempt=1 current_node=B1 idx=8
[11:15:18.097]   _advance_to_next_human_node: B1 is agent (AgentB) — auto-colouring
[11:15:18.609]   _advance_to_next_human_node: attempt=1 current_node=B2 idx=9
[11:15:18.610]   _advance_to_next_human_node: B2 is agent (AgentB) — auto-colouring
[11:15:19.117]   _advance_to_next_human_node: attempt=1 current_node=B3 idx=10
[11:15:19.117]   _advance_to_next_human_node: B3 is agent (AgentB) — auto-colouring
[11:15:19.619]   _advance_to_next_human_node: attempt=1 current_node=B4 idx=11
[11:15:19.619]   _advance_to_next_human_node: B4 is agent (AgentB) — auto-colouring
[11:15:19.620]   _advance_to_next_human_node: session complete after B4 — scheduling _finish_attempt
[11:15:19.923]   _finish_attempt() called — attempt=1, nodes_decided=12
[11:15:19.923]   _finish_attempt: 12 nodes, score=88
[11:15:19.923]   _on_complete called for attempt 1, assignment has 12 nodes
[11:15:19.923]   _finish_attempt: _on_complete called, showing end panel
[11:15:19.923]   _show_end_panel: attempt=1
[11:15:21.608]   _on_session_continue clicked (attempt=1)
[11:15:21.608]   _on_decision: attempt=1 decision='continue'
[11:15:21.608]   decision_var='continue', _attempt_done keys=['assignment']
[11:15:21.608]   score=88, completed_attempts=1
[11:15:21.608]   decision=continue, looping to attempt 2
[11:15:21.608] --- ATTEMPT LOOP: attempt_num=2 of 3 ---
[11:15:21.613]   SessionManager created, node_order len=12, first=H1
[11:15:21.620]   ColourStudyWindow created, calling run()
[11:15:21.620]   window.run() returned, waiting on decision_var
[11:15:21.725]   _advance_to_next_human_node: attempt=2 current_node=H1 idx=0
[11:15:21.726]   _advance_to_next_human_node: H1 is Human — enabling buttons
[11:15:23.647]   _advance_to_next_human_node: attempt=2 current_node=H2 idx=1
[11:15:23.647]   _advance_to_next_human_node: H2 is Human — enabling buttons
[11:15:25.695]   _advance_to_next_human_node: attempt=2 current_node=H3 idx=2
[11:15:25.695]   _advance_to_next_human_node: H3 is Human — enabling buttons
[11:15:28.824]   _advance_to_next_human_node: attempt=2 current_node=H4 idx=3
[11:15:28.824]   _advance_to_next_human_node: H4 is Human — enabling buttons
[11:15:31.602]   _advance_to_next_human_node: attempt=2 current_node=A1 idx=4
[11:15:31.602]   _advance_to_next_human_node: A1 is agent (AgentA) — auto-colouring
[11:15:32.113]   _advance_to_next_human_node: attempt=2 current_node=A2 idx=5
[11:15:32.113]   _advance_to_next_human_node: A2 is agent (AgentA) — auto-colouring
[11:15:32.625]   _advance_to_next_human_node: attempt=2 current_node=A3 idx=6
[11:15:32.625]   _advance_to_next_human_node: A3 is agent (AgentA) — auto-colouring
[11:15:33.132]   _advance_to_next_human_node: attempt=2 current_node=A4 idx=7
[11:15:33.132]   _advance_to_next_human_node: A4 is agent (AgentA) — auto-colouring
[11:15:33.643]   _advance_to_next_human_node: attempt=2 current_node=B1 idx=8
[11:15:33.643]   _advance_to_next_human_node: B1 is agent (AgentB) — auto-colouring
[11:15:34.146]   _advance_to_next_human_node: attempt=2 current_node=B2 idx=9
[11:15:34.146]   _advance_to_next_human_node: B2 is agent (AgentB) — auto-colouring
[11:15:34.649]   _advance_to_next_human_node: attempt=2 current_node=B3 idx=10
[11:15:34.649]   _advance_to_next_human_node: B3 is agent (AgentB) — auto-colouring
[11:15:35.159]   _advance_to_next_human_node: attempt=2 current_node=B4 idx=11
[11:15:35.159]   _advance_to_next_human_node: B4 is agent (AgentB) — auto-colouring
[11:15:35.161]   _advance_to_next_human_node: session complete after B4 — scheduling _finish_attempt
[11:15:35.470]   _finish_attempt() called — attempt=2, nodes_decided=12
[11:15:35.470]   _finish_attempt: 12 nodes, score=88
[11:15:35.470]   _on_complete called for attempt 2, assignment has 12 nodes
[11:15:35.470]   _finish_attempt: _on_complete called, showing end panel
[11:15:35.470]   _show_end_panel: attempt=2
[11:15:43.649]   _on_session_finish called (attempt=2)
[11:15:43.649]   _on_decision: attempt=2 decision='finish'
[11:15:43.649]   decision_var='finish', _attempt_done keys=['assignment']
[11:15:43.649]   score=88, completed_attempts=2
[11:15:43.649]   decision=finish, ending loop
[11:15:43.649] --- LOOP ENDED: completed 2 of 3 attempts ---
[11:15:43.659] root.destroy() called — session fully complete
