[12:10:42.759] debug_log initialised — writing to G:\Files\Code\GraphColouringNew\logs\debug\session_20260420_121042.log
[12:10:42.778] ColourSession.run() start — mode=mode1 max_attempts=3 graph=hub18b
[12:10:42.818] win_top created
[12:10:42.818] --- ATTEMPT LOOP: attempt_num=1 of 3 ---
[12:10:42.818]   SessionManager created, node_order len=18, first=H1
[12:10:42.828]   ColourStudyWindow created, calling run()
[12:10:42.828]   window.run() returned, waiting on decision_var
[12:10:42.942]   _advance_to_next_human_node: attempt=1 current_node=H1 idx=0
[12:10:42.942]   _advance_to_next_human_node: H1 is Human — enabling buttons
[12:11:18.372]   _advance_to_next_human_node: attempt=1 current_node=H2 idx=1
[12:11:18.372]   _advance_to_next_human_node: H2 is Human — enabling buttons
[12:11:20.768]   _advance_to_next_human_node: attempt=1 current_node=H3 idx=2
[12:11:20.768]   _advance_to_next_human_node: H3 is Human — enabling buttons
[12:11:22.987]   _advance_to_next_human_node: attempt=1 current_node=H4 idx=3
[12:11:22.987]   _advance_to_next_human_node: H4 is Human — enabling buttons
[12:11:25.319]   _advance_to_next_human_node: attempt=1 current_node=H5 idx=4
[12:11:25.320]   _advance_to_next_human_node: H5 is Human — enabling buttons
[12:11:28.410]   _advance_to_next_human_node: attempt=1 current_node=H6 idx=5
[12:11:28.411]   _advance_to_next_human_node: H6 is Human — enabling buttons
[12:11:31.909]   _advance_to_next_human_node: attempt=1 current_node=A1 idx=6
[12:11:31.909]   _advance_to_next_human_node: A1 is agent (AgentA) — auto-colouring
[12:11:32.425]   _advance_to_next_human_node: attempt=1 current_node=A2 idx=7
[12:11:32.425]   _advance_to_next_human_node: A2 is agent (AgentA) — auto-colouring
[12:11:32.936]   _advance_to_next_human_node: attempt=1 current_node=A3 idx=8
[12:11:32.936]   _advance_to_next_human_node: A3 is agent (AgentA) — auto-colouring
[12:11:33.449]   _advance_to_next_human_node: attempt=1 current_node=A4 idx=9
[12:11:33.449]   _advance_to_next_human_node: A4 is agent (AgentA) — auto-colouring
[12:11:33.962]   _advance_to_next_human_node: attempt=1 current_node=A5 idx=10
[12:11:33.962]   _advance_to_next_human_node: A5 is agent (AgentA) — auto-colouring
[12:11:34.478]   _advance_to_next_human_node: attempt=1 current_node=A6 idx=11
[12:11:34.478]   _advance_to_next_human_node: A6 is agent (AgentA) — auto-colouring
[12:11:34.991]   _advance_to_next_human_node: attempt=1 current_node=B1 idx=12
[12:11:34.991]   _advance_to_next_human_node: B1 is agent (AgentB) — auto-colouring
[12:11:35.503]   _advance_to_next_human_node: attempt=1 current_node=B2 idx=13
[12:11:35.503]   _advance_to_next_human_node: B2 is agent (AgentB) — auto-colouring
[12:11:36.015]   _advance_to_next_human_node: attempt=1 current_node=B3 idx=14
[12:11:36.015]   _advance_to_next_human_node: B3 is agent (AgentB) — auto-colouring
[12:11:36.527]   _advance_to_next_human_node: attempt=1 current_node=B4 idx=15
[12:11:36.527]   _advance_to_next_human_node: B4 is agent (AgentB) — auto-colouring
[12:11:37.043]   _advance_to_next_human_node: attempt=1 current_node=B5 idx=16
[12:11:37.043]   _advance_to_next_human_node: B5 is agent (AgentB) — auto-colouring
[12:11:37.552]   _advance_to_next_human_node: attempt=1 current_node=B6 idx=17
[12:11:37.552]   _advance_to_next_human_node: B6 is agent (AgentB) — auto-colouring
[12:11:37.554]   _advance_to_next_human_node: session complete after B6 — scheduling _finish_attempt
[12:11:37.861]   _finish_attempt() called — attempt=1, nodes_decided=18
[12:11:37.861]   _finish_attempt: 18 nodes, score=134
[12:11:37.861]   _on_complete called for attempt 1, assignment has 18 nodes
[12:11:37.861]   _finish_attempt: _on_complete called, showing end panel
[12:11:37.861]   _show_end_panel: attempt=1
[12:11:48.791]   _on_session_continue clicked (attempt=1)
[12:11:48.791]   _on_decision: attempt=1 decision='continue'
[12:11:48.791]   decision_var='continue', _attempt_done keys=['assignment']
[12:11:48.791]   score=134, completed_attempts=1
[12:11:48.791]   decision=continue, looping to attempt 2
[12:11:48.791] --- ATTEMPT LOOP: attempt_num=2 of 3 ---
[12:11:48.797]   SessionManager created, node_order len=18, first=H1
[12:11:48.806]   ColourStudyWindow created, calling run()
[12:11:48.806]   window.run() returned, waiting on decision_var
[12:11:48.907]   _advance_to_next_human_node: attempt=2 current_node=H1 idx=0
[12:11:48.907]   _advance_to_next_human_node: H1 is Human — enabling buttons
[12:11:56.231]   _advance_to_next_human_node: attempt=2 current_node=H2 idx=1
[12:11:56.231]   _advance_to_next_human_node: H2 is Human — enabling buttons
[12:12:02.136]   _advance_to_next_human_node: attempt=2 current_node=H3 idx=2
[12:12:02.136]   _advance_to_next_human_node: H3 is Human — enabling buttons
[12:12:06.137]   _advance_to_next_human_node: attempt=2 current_node=H4 idx=3
[12:12:06.137]   _advance_to_next_human_node: H4 is Human — enabling buttons
[12:12:11.769]   _advance_to_next_human_node: attempt=2 current_node=H5 idx=4
[12:12:11.769]   _advance_to_next_human_node: H5 is Human — enabling buttons
[12:12:14.344]   _advance_to_next_human_node: attempt=2 current_node=H6 idx=5
[12:12:14.344]   _advance_to_next_human_node: H6 is Human — enabling buttons
[12:12:15.596]   _advance_to_next_human_node: attempt=2 current_node=A1 idx=6
[12:12:15.596]   _advance_to_next_human_node: A1 is agent (AgentA) — auto-colouring
[12:12:16.097]   _advance_to_next_human_node: attempt=2 current_node=A2 idx=7
[12:12:16.097]   _advance_to_next_human_node: A2 is agent (AgentA) — auto-colouring
[12:12:16.608]   _advance_to_next_human_node: attempt=2 current_node=A3 idx=8
[12:12:16.608]   _advance_to_next_human_node: A3 is agent (AgentA) — auto-colouring
[12:12:17.118]   _advance_to_next_human_node: attempt=2 current_node=A4 idx=9
[12:12:17.118]   _advance_to_next_human_node: A4 is agent (AgentA) — auto-colouring
[12:12:17.628]   _advance_to_next_human_node: attempt=2 current_node=A5 idx=10
[12:12:17.628]   _advance_to_next_human_node: A5 is agent (AgentA) — auto-colouring
[12:12:18.139]   _advance_to_next_human_node: attempt=2 current_node=A6 idx=11
[12:12:18.139]   _advance_to_next_human_node: A6 is agent (AgentA) — auto-colouring
[12:12:18.649]   _advance_to_next_human_node: attempt=2 current_node=B1 idx=12
[12:12:18.649]   _advance_to_next_human_node: B1 is agent (AgentB) — auto-colouring
[12:12:19.162]   _advance_to_next_human_node: attempt=2 current_node=B2 idx=13
[12:12:19.162]   _advance_to_next_human_node: B2 is agent (AgentB) — auto-colouring
[12:12:19.672]   _advance_to_next_human_node: attempt=2 current_node=B3 idx=14
[12:12:19.672]   _advance_to_next_human_node: B3 is agent (AgentB) — auto-colouring
[12:12:20.186]   _advance_to_next_human_node: attempt=2 current_node=B4 idx=15
[12:12:20.186]   _advance_to_next_human_node: B4 is agent (AgentB) — auto-colouring
[12:12:20.697]   _advance_to_next_human_node: attempt=2 current_node=B5 idx=16
[12:12:20.697]   _advance_to_next_human_node: B5 is agent (AgentB) — auto-colouring
[12:12:21.209]   _advance_to_next_human_node: attempt=2 current_node=B6 idx=17
[12:12:21.209]   _advance_to_next_human_node: B6 is agent (AgentB) — auto-colouring
[12:12:21.211]   _advance_to_next_human_node: session complete after B6 — scheduling _finish_attempt
[12:12:21.521]   _finish_attempt() called — attempt=2, nodes_decided=18
[12:12:21.521]   _finish_attempt: 18 nodes, score=132
[12:12:21.521]   _on_complete called for attempt 2, assignment has 18 nodes
[12:12:21.521]   _finish_attempt: _on_complete called, showing end panel
[12:12:21.521]   _show_end_panel: attempt=2
[12:12:45.573]   _on_session_continue clicked (attempt=2)
[12:12:45.573]   _on_decision: attempt=2 decision='continue'
[12:12:45.573]   decision_var='continue', _attempt_done keys=['assignment']
[12:12:45.573]   score=132, completed_attempts=2
[12:12:45.573]   decision=continue, looping to attempt 3
[12:12:45.573] --- ATTEMPT LOOP: attempt_num=3 of 3 ---
[12:12:45.579]   SessionManager created, node_order len=18, first=H1
[12:12:45.587]   ColourStudyWindow created, calling run()
[12:12:45.587]   window.run() returned, waiting on decision_var
[12:12:45.695]   _advance_to_next_human_node: attempt=3 current_node=H1 idx=0
[12:12:45.695]   _advance_to_next_human_node: H1 is Human — enabling buttons
[12:12:49.817]   _on_close: attempt=3, idx=0/18 — abandonment
[12:12:49.817]   _on_decision: attempt=3 decision='abandon'
[12:12:49.817]   decision_var='abandon', _attempt_done keys=[]
[12:12:49.817]   BREAK: window abandoned without finishing
[12:12:49.817] --- LOOP ENDED: completed 2 of 3 attempts ---
[12:12:49.840] root.destroy() called — session fully complete
