[16:10:14.606] debug_log initialised — writing to G:\Files\Code\GraphColouringNew\logs\debug\session_20260414_161014.log
[16:10:14.626] ColourSession.run() start — mode=mode1 max_attempts=3 graph=study_12
[16:10:14.666] --- ATTEMPT LOOP: attempt_num=1 of 3 ---
[16:10:14.666]   SessionManager created, node_order len=12, first=H1
[16:10:14.666]   win_top created and deiconified
[16:10:14.678]   ColourStudyWindow created, calling run()
[16:10:14.678]   window.run() returned, entering wait_window(win_top)
[16:10:14.778]   _advance_to_next_human_node: attempt=1 current_node=H1 idx=0
[16:10:14.778]   _advance_to_next_human_node: H1 is Human — enabling buttons
[16:10:19.298]   _advance_to_next_human_node: attempt=1 current_node=H2 idx=1
[16:10:19.299]   _advance_to_next_human_node: H2 is Human — enabling buttons
[16:10:22.741]   _advance_to_next_human_node: attempt=1 current_node=H3 idx=2
[16:10:22.741]   _advance_to_next_human_node: H3 is Human — enabling buttons
[16:10:23.656]   _advance_to_next_human_node: attempt=1 current_node=H4 idx=3
[16:10:23.656]   _advance_to_next_human_node: H4 is Human — enabling buttons
[16:10:24.591]   _advance_to_next_human_node: attempt=1 current_node=A1 idx=4
[16:10:24.591]   _advance_to_next_human_node: A1 is agent (AgentA) — auto-colouring
[16:10:25.092]   _advance_to_next_human_node: attempt=1 current_node=A2 idx=5
[16:10:25.092]   _advance_to_next_human_node: A2 is agent (AgentA) — auto-colouring
[16:10:25.594]   _advance_to_next_human_node: attempt=1 current_node=A3 idx=6
[16:10:25.594]   _advance_to_next_human_node: A3 is agent (AgentA) — auto-colouring
[16:10:26.095]   _advance_to_next_human_node: attempt=1 current_node=A4 idx=7
[16:10:26.095]   _advance_to_next_human_node: A4 is agent (AgentA) — auto-colouring
[16:10:26.596]   _advance_to_next_human_node: attempt=1 current_node=B1 idx=8
[16:10:26.596]   _advance_to_next_human_node: B1 is agent (AgentB) — auto-colouring
[16:10:27.097]   _advance_to_next_human_node: attempt=1 current_node=B2 idx=9
[16:10:27.097]   _advance_to_next_human_node: B2 is agent (AgentB) — auto-colouring
[16:10:27.598]   _advance_to_next_human_node: attempt=1 current_node=B3 idx=10
[16:10:27.598]   _advance_to_next_human_node: B3 is agent (AgentB) — auto-colouring
[16:10:28.100]   _advance_to_next_human_node: attempt=1 current_node=B4 idx=11
[16:10:28.100]   _advance_to_next_human_node: B4 is agent (AgentB) — auto-colouring
[16:10:28.101]   _advance_to_next_human_node: session complete after B4 — scheduling _finish_attempt
[16:10:28.402]   _finish_attempt() called — attempt=1, nodes_decided=12
[16:10:28.402]   _finish_attempt: assignment=12 nodes, score=89
[16:10:28.402]   _on_complete called for attempt 1, assignment has 12 nodes
[16:10:28.402]   _finish_attempt: _on_complete called, about to destroy root
[16:10:28.418]   _finish_attempt: root destroyed
[16:10:28.418]   wait_window(win_top) returned — win_top destroyed
[16:10:28.419]   _attempt_done keys: ['assignment']
[16:10:28.419]   assignment retrieved: 12 nodes
[16:10:28.419]   score=89, total completed attempts=1
[16:10:28.419]   can_replay=True, creating AttemptResultsWindow
[16:10:28.419] AttemptResultsWindow.__init__: attempt=1 can_replay=True
[16:10:28.419]   results win created, grab_set done, building UI
[16:10:28.428]   results _build() done, window ready
[16:10:28.428]   AttemptResultsWindow created, calling results.run()
[16:10:28.428]   AttemptResultsWindow.run(): entering wait_window, _replay_requested default=True
