[11:33:48.655] debug_log initialised — writing to G:\Files\Code\GraphColouringNew\logs\debug\session_20260417_113348.log
[11:33:48.689] ColourSession.run() start — mode=mode1 max_attempts=3 graph=study_12
[11:33:48.729] win_top created
[11:33:48.730] --- ATTEMPT LOOP: attempt_num=1 of 3 ---
[11:33:48.730]   SessionManager created, node_order len=12, first=H1
[11:33:48.739]   ColourStudyWindow created, calling run()
[11:33:48.739]   window.run() returned, waiting on decision_var
[11:33:48.839]   _advance_to_next_human_node: attempt=1 current_node=H1 idx=0
[11:33:48.839]   _advance_to_next_human_node: H1 is Human — enabling buttons
[11:33:51.410]   _advance_to_next_human_node: attempt=1 current_node=H2 idx=1
[11:33:51.411]   _advance_to_next_human_node: H2 is Human — enabling buttons
[11:34:01.772]   _advance_to_next_human_node: attempt=1 current_node=H3 idx=2
[11:34:01.772]   _advance_to_next_human_node: H3 is Human — enabling buttons
[11:34:04.281]   _advance_to_next_human_node: attempt=1 current_node=H4 idx=3
[11:34:04.281]   _advance_to_next_human_node: H4 is Human — enabling buttons
[11:34:09.253]   _advance_to_next_human_node: attempt=1 current_node=A1 idx=4
[11:34:09.254]   _advance_to_next_human_node: A1 is agent (AgentA) — auto-colouring
[11:34:09.755]   _advance_to_next_human_node: attempt=1 current_node=A2 idx=5
[11:34:09.755]   _advance_to_next_human_node: A2 is agent (AgentA) — auto-colouring
[11:34:10.259]   _advance_to_next_human_node: attempt=1 current_node=A3 idx=6
[11:34:10.259]   _advance_to_next_human_node: A3 is agent (AgentA) — auto-colouring
[11:34:10.762]   _advance_to_next_human_node: attempt=1 current_node=A4 idx=7
[11:34:10.762]   _advance_to_next_human_node: A4 is agent (AgentA) — auto-colouring
[11:34:11.275]   _advance_to_next_human_node: attempt=1 current_node=B1 idx=8
[11:34:11.275]   _advance_to_next_human_node: B1 is agent (AgentB) — auto-colouring
[11:34:11.788]   _advance_to_next_human_node: attempt=1 current_node=B2 idx=9
[11:34:11.788]   _advance_to_next_human_node: B2 is agent (AgentB) — auto-colouring
[11:34:12.291]   _advance_to_next_human_node: attempt=1 current_node=B3 idx=10
[11:34:12.291]   _advance_to_next_human_node: B3 is agent (AgentB) — auto-colouring
[11:34:12.806]   _advance_to_next_human_node: attempt=1 current_node=B4 idx=11
[11:34:12.806]   _advance_to_next_human_node: B4 is agent (AgentB) — auto-colouring
[11:34:12.808]   _advance_to_next_human_node: session complete after B4 — scheduling _finish_attempt
[11:34:13.108]   _finish_attempt() called — attempt=1, nodes_decided=12
[11:34:13.108]   _finish_attempt: 12 nodes, score=89
[11:34:13.108]   _on_complete called for attempt 1, assignment has 12 nodes
[11:34:13.108]   _finish_attempt: _on_complete called, showing end panel
[11:34:13.108]   _show_end_panel: attempt=1
[11:34:14.896]   _on_session_continue clicked (attempt=1)
[11:34:14.896]   _on_decision: attempt=1 decision='continue'
[11:34:14.896]   decision_var='continue', _attempt_done keys=['assignment']
[11:34:14.896]   score=89, completed_attempts=1
[11:34:14.896]   decision=continue, looping to attempt 2
[11:34:14.896] --- ATTEMPT LOOP: attempt_num=2 of 3 ---
[11:34:14.902]   SessionManager created, node_order len=12, first=H1
[11:34:14.909]   ColourStudyWindow created, calling run()
[11:34:14.910]   window.run() returned, waiting on decision_var
[11:34:15.020]   _advance_to_next_human_node: attempt=2 current_node=H1 idx=0
[11:34:15.020]   _advance_to_next_human_node: H1 is Human — enabling buttons
[11:34:18.837]   _advance_to_next_human_node: attempt=2 current_node=H2 idx=1
[11:34:18.837]   _advance_to_next_human_node: H2 is Human — enabling buttons
[11:34:26.951]   _advance_to_next_human_node: attempt=2 current_node=H3 idx=2
[11:34:26.952]   _advance_to_next_human_node: H3 is Human — enabling buttons
[11:34:35.400]   _advance_to_next_human_node: attempt=2 current_node=H4 idx=3
[11:34:35.400]   _advance_to_next_human_node: H4 is Human — enabling buttons
[11:34:40.113]   _advance_to_next_human_node: attempt=2 current_node=A1 idx=4
[11:34:40.113]   _advance_to_next_human_node: A1 is agent (AgentA) — auto-colouring
[11:34:40.624]   _advance_to_next_human_node: attempt=2 current_node=A2 idx=5
[11:34:40.624]   _advance_to_next_human_node: A2 is agent (AgentA) — auto-colouring
[11:34:41.125]   _advance_to_next_human_node: attempt=2 current_node=A3 idx=6
[11:34:41.125]   _advance_to_next_human_node: A3 is agent (AgentA) — auto-colouring
[11:34:41.630]   _advance_to_next_human_node: attempt=2 current_node=A4 idx=7
[11:34:41.630]   _advance_to_next_human_node: A4 is agent (AgentA) — auto-colouring
[11:34:42.133]   _advance_to_next_human_node: attempt=2 current_node=B1 idx=8
[11:34:42.133]   _advance_to_next_human_node: B1 is agent (AgentB) — auto-colouring
[11:34:42.636]   _advance_to_next_human_node: attempt=2 current_node=B2 idx=9
[11:34:42.636]   _advance_to_next_human_node: B2 is agent (AgentB) — auto-colouring
[11:34:43.137]   _advance_to_next_human_node: attempt=2 current_node=B3 idx=10
[11:34:43.137]   _advance_to_next_human_node: B3 is agent (AgentB) — auto-colouring
[11:34:43.639]   _advance_to_next_human_node: attempt=2 current_node=B4 idx=11
[11:34:43.639]   _advance_to_next_human_node: B4 is agent (AgentB) — auto-colouring
[11:34:43.641]   _advance_to_next_human_node: session complete after B4 — scheduling _finish_attempt
[11:34:43.949]   _finish_attempt() called — attempt=2, nodes_decided=12
[11:34:43.950]   _finish_attempt: 12 nodes, score=89
[11:34:43.950]   _on_complete called for attempt 2, assignment has 12 nodes
[11:34:43.950]   _finish_attempt: _on_complete called, showing end panel
[11:34:43.950]   _show_end_panel: attempt=2
