[10:52:19.941] debug_log initialised — writing to G:\Files\Code\GraphColouringNew\logs\debug\session_20260415_105219.log
[10:52:19.964] ColourSession.run() start — mode=mode1 max_attempts=3 graph=s12_2c_xab
[10:52:20.003] win_top created
[10:52:20.003] --- ATTEMPT LOOP: attempt_num=1 of 3 ---
[10:52:20.003]   SessionManager created, node_order len=12, first=H1
[10:52:20.011]   ColourStudyWindow created, calling run()
[10:52:20.011]   window.run() returned, waiting on decision_var
[10:52:20.120]   _advance_to_next_human_node: attempt=1 current_node=H1 idx=0
[10:52:20.120]   _advance_to_next_human_node: H1 is Human — enabling buttons
[10:52:23.894]   _advance_to_next_human_node: attempt=1 current_node=H2 idx=1
[10:52:23.895]   _advance_to_next_human_node: H2 is Human — enabling buttons
[10:52:25.890]   _advance_to_next_human_node: attempt=1 current_node=H3 idx=2
[10:52:25.890]   _advance_to_next_human_node: H3 is Human — enabling buttons
[10:52:27.150]   _advance_to_next_human_node: attempt=1 current_node=H4 idx=3
[10:52:27.150]   _advance_to_next_human_node: H4 is Human — enabling buttons
[10:52:29.914]   _on_close: attempt=1, idx=3/12 — abandonment
[10:52:29.914]   _on_decision: attempt=1 decision='abandon'
[10:52:29.914]   decision_var='abandon', _attempt_done keys=[]
[10:52:29.914]   BREAK: window abandoned without finishing
[10:52:29.914] --- LOOP ENDED: completed 0 of 3 attempts ---
[10:52:29.930] root.destroy() called — session fully complete
