[10:32:25.567] debug_log initialised — writing to G:\Files\Code\GraphColouringNew\logs\debug\session_20260415_103225.log
[10:32:25.586] ColourSession.run() start — mode=mode1 max_attempts=3 graph=s9_dense_2c
[10:32:25.625] win_top created
[10:32:25.625] --- ATTEMPT LOOP: attempt_num=1 of 3 ---
[10:32:25.625]   SessionManager created, node_order len=9, first=H1
[10:32:25.633]   ColourStudyWindow created, calling run()
[10:32:25.633]   window.run() returned, waiting on decision_var
[10:32:25.737]   _advance_to_next_human_node: attempt=1 current_node=H1 idx=0
[10:32:25.737]   _advance_to_next_human_node: H1 is Human — enabling buttons
[10:32:31.081]   _advance_to_next_human_node: attempt=1 current_node=H2 idx=1
[10:32:31.081]   _advance_to_next_human_node: H2 is Human — enabling buttons
[10:32:34.773]   _advance_to_next_human_node: attempt=1 current_node=H3 idx=2
[10:32:34.773]   _advance_to_next_human_node: H3 is Human — enabling buttons
[10:32:39.461]   _advance_to_next_human_node: attempt=1 current_node=A1 idx=3
[10:32:39.461]   _advance_to_next_human_node: A1 is agent (AgentA) — auto-colouring
[10:32:39.972]   _advance_to_next_human_node: attempt=1 current_node=A2 idx=4
[10:32:39.972]   _advance_to_next_human_node: A2 is agent (AgentA) — auto-colouring
[10:32:40.487]   _advance_to_next_human_node: attempt=1 current_node=A3 idx=5
[10:32:40.487]   _advance_to_next_human_node: A3 is agent (AgentA) — auto-colouring
[10:32:40.988]   _advance_to_next_human_node: attempt=1 current_node=B1 idx=6
[10:32:40.988]   _advance_to_next_human_node: B1 is agent (AgentB) — auto-colouring
[10:32:41.498]   _advance_to_next_human_node: attempt=1 current_node=B2 idx=7
[10:32:41.498]   _advance_to_next_human_node: B2 is agent (AgentB) — auto-colouring
[10:32:42.009]   _advance_to_next_human_node: attempt=1 current_node=B3 idx=8
[10:32:42.009]   _advance_to_next_human_node: B3 is agent (AgentB) — auto-colouring
[10:32:42.010]   _advance_to_next_human_node: session complete after B3 — scheduling _finish_attempt
[10:32:42.314]   _finish_attempt() called — attempt=1, nodes_decided=9
[10:32:42.314]   _finish_attempt: 9 nodes, score=66
[10:32:42.315]   _on_complete called for attempt 1, assignment has 9 nodes
[10:32:42.315]   _finish_attempt: _on_complete called, showing end panel
[10:32:42.315]   _show_end_panel: attempt=1
[10:32:47.068]   _on_session_finish called (attempt=1)
[10:32:47.068]   _on_decision: attempt=1 decision='finish'
[10:32:47.069]   decision_var='finish', _attempt_done keys=['assignment']
[10:32:47.069]   score=66, completed_attempts=1
[10:32:47.069]   decision=finish, ending loop
[10:32:47.069] --- LOOP ENDED: completed 1 of 3 attempts ---
[10:32:47.078] root.destroy() called — session fully complete
