[10:43:29.631] debug_log initialised — writing to G:\Files\Code\GraphColouringNew\logs\debug\session_20260415_104329.log
[10:43:29.652] ColourSession.run() start — mode=mode1 max_attempts=3 graph=s18_3c_xab
[10:43:29.692] win_top created
[10:43:29.692] --- ATTEMPT LOOP: attempt_num=1 of 3 ---
[10:43:29.692]   SessionManager created, node_order len=18, first=H1
[10:43:29.703]   ColourStudyWindow created, calling run()
[10:43:29.703]   window.run() returned, waiting on decision_var
[10:43:29.808]   _advance_to_next_human_node: attempt=1 current_node=H1 idx=0
[10:43:29.808]   _advance_to_next_human_node: H1 is Human — enabling buttons
[10:43:42.530]   _advance_to_next_human_node: attempt=1 current_node=H2 idx=1
[10:43:42.530]   _advance_to_next_human_node: H2 is Human — enabling buttons
[10:43:45.345]   _advance_to_next_human_node: attempt=1 current_node=H3 idx=2
[10:43:45.345]   _advance_to_next_human_node: H3 is Human — enabling buttons
[10:43:48.245]   _advance_to_next_human_node: attempt=1 current_node=H4 idx=3
[10:43:48.245]   _advance_to_next_human_node: H4 is Human — enabling buttons
[10:43:52.444]   _advance_to_next_human_node: attempt=1 current_node=H5 idx=4
[10:43:52.444]   _advance_to_next_human_node: H5 is Human — enabling buttons
[10:43:56.537]   _advance_to_next_human_node: attempt=1 current_node=H6 idx=5
[10:43:56.537]   _advance_to_next_human_node: H6 is Human — enabling buttons
[10:43:58.004]   _advance_to_next_human_node: attempt=1 current_node=A1 idx=6
[10:43:58.004]   _advance_to_next_human_node: A1 is agent (AgentA) — auto-colouring
[10:43:58.507]   _advance_to_next_human_node: attempt=1 current_node=A2 idx=7
[10:43:58.507]   _advance_to_next_human_node: A2 is agent (AgentA) — auto-colouring
[10:43:59.015]   _advance_to_next_human_node: attempt=1 current_node=A3 idx=8
[10:43:59.015]   _advance_to_next_human_node: A3 is agent (AgentA) — auto-colouring
[10:43:59.521]   _advance_to_next_human_node: attempt=1 current_node=A4 idx=9
[10:43:59.521]   _advance_to_next_human_node: A4 is agent (AgentA) — auto-colouring
[10:44:00.027]   _advance_to_next_human_node: attempt=1 current_node=A5 idx=10
[10:44:00.027]   _advance_to_next_human_node: A5 is agent (AgentA) — auto-colouring
[10:44:00.532]   _advance_to_next_human_node: attempt=1 current_node=A6 idx=11
[10:44:00.533]   _advance_to_next_human_node: A6 is agent (AgentA) — auto-colouring
[10:44:01.036]   _advance_to_next_human_node: attempt=1 current_node=B1 idx=12
[10:44:01.036]   _advance_to_next_human_node: B1 is agent (AgentB) — auto-colouring
[10:44:01.549]   _advance_to_next_human_node: attempt=1 current_node=B2 idx=13
[10:44:01.549]   _advance_to_next_human_node: B2 is agent (AgentB) — auto-colouring
[10:44:02.054]   _advance_to_next_human_node: attempt=1 current_node=B3 idx=14
[10:44:02.054]   _advance_to_next_human_node: B3 is agent (AgentB) — auto-colouring
[10:44:02.566]   _advance_to_next_human_node: attempt=1 current_node=B4 idx=15
[10:44:02.566]   _advance_to_next_human_node: B4 is agent (AgentB) — auto-colouring
[10:44:03.077]   _advance_to_next_human_node: attempt=1 current_node=B5 idx=16
[10:44:03.077]   _advance_to_next_human_node: B5 is agent (AgentB) — auto-colouring
[10:44:03.586]   _advance_to_next_human_node: attempt=1 current_node=B6 idx=17
[10:44:03.586]   _advance_to_next_human_node: B6 is agent (AgentB) — auto-colouring
[10:44:03.587]   _advance_to_next_human_node: session complete after B6 — scheduling _finish_attempt
[10:44:03.897]   _finish_attempt() called — attempt=1, nodes_decided=18
[10:44:03.897]   _finish_attempt: 18 nodes, score=134
[10:44:03.897]   _on_complete called for attempt 1, assignment has 18 nodes
[10:44:03.897]   _finish_attempt: _on_complete called, showing end panel
[10:44:03.897]   _show_end_panel: attempt=1
[10:44:08.920]   _on_session_continue clicked (attempt=1)
[10:44:08.920]   _on_decision: attempt=1 decision='continue'
[10:44:08.920]   decision_var='continue', _attempt_done keys=['assignment']
[10:44:08.920]   score=134, completed_attempts=1
[10:44:08.920]   decision=continue, looping to attempt 2
[10:44:08.920] --- ATTEMPT LOOP: attempt_num=2 of 3 ---
[10:44:08.925]   SessionManager created, node_order len=18, first=H1
[10:44:08.932]   ColourStudyWindow created, calling run()
[10:44:08.932]   window.run() returned, waiting on decision_var
[10:44:09.038]   _advance_to_next_human_node: attempt=2 current_node=H1 idx=0
[10:44:09.038]   _advance_to_next_human_node: H1 is Human — enabling buttons
[10:44:16.911]   _advance_to_next_human_node: attempt=2 current_node=H2 idx=1
[10:44:16.911]   _advance_to_next_human_node: H2 is Human — enabling buttons
[10:44:18.122]   _advance_to_next_human_node: attempt=2 current_node=H3 idx=2
[10:44:18.122]   _advance_to_next_human_node: H3 is Human — enabling buttons
[10:44:18.879]   _advance_to_next_human_node: attempt=2 current_node=H4 idx=3
[10:44:18.879]   _advance_to_next_human_node: H4 is Human — enabling buttons
[10:44:20.448]   _advance_to_next_human_node: attempt=2 current_node=H5 idx=4
[10:44:20.448]   _advance_to_next_human_node: H5 is Human — enabling buttons
[10:44:21.565]   _advance_to_next_human_node: attempt=2 current_node=H6 idx=5
[10:44:21.565]   _advance_to_next_human_node: H6 is Human — enabling buttons
[10:44:22.455]   _advance_to_next_human_node: attempt=2 current_node=A1 idx=6
[10:44:22.455]   _advance_to_next_human_node: A1 is agent (AgentA) — auto-colouring
[10:44:22.960]   _advance_to_next_human_node: attempt=2 current_node=A2 idx=7
[10:44:22.960]   _advance_to_next_human_node: A2 is agent (AgentA) — auto-colouring
[10:44:23.476]   _advance_to_next_human_node: attempt=2 current_node=A3 idx=8
[10:44:23.476]   _advance_to_next_human_node: A3 is agent (AgentA) — auto-colouring
[10:44:23.987]   _advance_to_next_human_node: attempt=2 current_node=A4 idx=9
[10:44:23.987]   _advance_to_next_human_node: A4 is agent (AgentA) — auto-colouring
[10:44:24.502]   _advance_to_next_human_node: attempt=2 current_node=A5 idx=10
[10:44:24.502]   _advance_to_next_human_node: A5 is agent (AgentA) — auto-colouring
[10:44:25.017]   _advance_to_next_human_node: attempt=2 current_node=A6 idx=11
[10:44:25.017]   _advance_to_next_human_node: A6 is agent (AgentA) — auto-colouring
[10:44:25.519]   _advance_to_next_human_node: attempt=2 current_node=B1 idx=12
[10:44:25.519]   _advance_to_next_human_node: B1 is agent (AgentB) — auto-colouring
[10:44:26.027]   _advance_to_next_human_node: attempt=2 current_node=B2 idx=13
[10:44:26.027]   _advance_to_next_human_node: B2 is agent (AgentB) — auto-colouring
[10:44:26.532]   _advance_to_next_human_node: attempt=2 current_node=B3 idx=14
[10:44:26.533]   _advance_to_next_human_node: B3 is agent (AgentB) — auto-colouring
[10:44:27.038]   _advance_to_next_human_node: attempt=2 current_node=B4 idx=15
[10:44:27.038]   _advance_to_next_human_node: B4 is agent (AgentB) — auto-colouring
[10:44:27.554]   _advance_to_next_human_node: attempt=2 current_node=B5 idx=16
[10:44:27.554]   _advance_to_next_human_node: B5 is agent (AgentB) — auto-colouring
[10:44:28.070]   _advance_to_next_human_node: attempt=2 current_node=B6 idx=17
[10:44:28.070]   _advance_to_next_human_node: B6 is agent (AgentB) — auto-colouring
[10:44:28.071]   _advance_to_next_human_node: session complete after B6 — scheduling _finish_attempt
[10:44:28.371]   _finish_attempt() called — attempt=2, nodes_decided=18
[10:44:28.372]   _finish_attempt: 18 nodes, score=133
[10:44:28.372]   _on_complete called for attempt 2, assignment has 18 nodes
[10:44:28.372]   _finish_attempt: _on_complete called, showing end panel
[10:44:28.372]   _show_end_panel: attempt=2
[10:44:37.027]   _on_session_finish called (attempt=2)
[10:44:37.027]   _on_decision: attempt=2 decision='finish'
[10:44:37.027]   decision_var='finish', _attempt_done keys=['assignment']
[10:44:37.027]   score=133, completed_attempts=2
[10:44:37.027]   decision=finish, ending loop
[10:44:37.027] --- LOOP ENDED: completed 2 of 3 attempts ---
[10:44:37.037] root.destroy() called — session fully complete
