[16:14:09.796] debug_log initialised — writing to G:\Files\Code\GraphColouringNew\logs\debug\session_20260414_161409.log
[16:14:10.025] ColourSession.run() start — mode=mode1 max_attempts=3 graph=study_12
[16:14:10.065] --- ATTEMPT LOOP: attempt_num=1 of 3 ---
[16:14:10.065]   SessionManager created, node_order len=12, first=H1
[16:14:10.065]   win_top created and deiconified
[16:14:10.077]   ColourStudyWindow created, calling run()
[16:14:10.077]   window.run() returned, entering wait_window(win_top)
[16:14:10.178]   _advance_to_next_human_node: attempt=1 current_node=H1 idx=0
[16:14:10.178]   _advance_to_next_human_node: H1 is Human — enabling buttons
[16:14:13.491]   _advance_to_next_human_node: attempt=1 current_node=H2 idx=1
[16:14:13.491]   _advance_to_next_human_node: H2 is Human — enabling buttons
[16:14:14.026]   _advance_to_next_human_node: attempt=1 current_node=H3 idx=2
[16:14:14.026]   _advance_to_next_human_node: H3 is Human — enabling buttons
[16:14:14.000]   _advance_to_next_human_node: attempt=1 current_node=H4 idx=3
[16:14:14.000]   _advance_to_next_human_node: H4 is Human — enabling buttons
[16:14:15.615]   _advance_to_next_human_node: attempt=1 current_node=A1 idx=4
[16:14:15.615]   _advance_to_next_human_node: A1 is agent (AgentA) — auto-colouring
[16:14:16.116]   _advance_to_next_human_node: attempt=1 current_node=A2 idx=5
[16:14:16.116]   _advance_to_next_human_node: A2 is agent (AgentA) — auto-colouring
[16:14:16.618]   _advance_to_next_human_node: attempt=1 current_node=A3 idx=6
[16:14:16.618]   _advance_to_next_human_node: A3 is agent (AgentA) — auto-colouring
[16:14:17.119]   _advance_to_next_human_node: attempt=1 current_node=A4 idx=7
[16:14:17.119]   _advance_to_next_human_node: A4 is agent (AgentA) — auto-colouring
[16:14:17.621]   _advance_to_next_human_node: attempt=1 current_node=B1 idx=8
[16:14:17.621]   _advance_to_next_human_node: B1 is agent (AgentB) — auto-colouring
[16:14:18.122]   _advance_to_next_human_node: attempt=1 current_node=B2 idx=9
[16:14:18.122]   _advance_to_next_human_node: B2 is agent (AgentB) — auto-colouring
[16:14:18.623]   _advance_to_next_human_node: attempt=1 current_node=B3 idx=10
[16:14:18.623]   _advance_to_next_human_node: B3 is agent (AgentB) — auto-colouring
[16:14:19.125]   _advance_to_next_human_node: attempt=1 current_node=B4 idx=11
[16:14:19.125]   _advance_to_next_human_node: B4 is agent (AgentB) — auto-colouring
[16:14:19.126]   _advance_to_next_human_node: session complete after B4 — scheduling _finish_attempt
[16:14:19.426]   _finish_attempt() called — attempt=1, nodes_decided=12
[16:14:19.426]   _finish_attempt: assignment=12 nodes, score=89
[16:14:19.426]   _on_complete called for attempt 1, assignment has 12 nodes
[16:14:19.426]   _finish_attempt: _on_complete called, about to destroy root
[16:14:19.443]   _finish_attempt: root destroyed
[16:14:19.443]   wait_window(win_top) returned — win_top destroyed
[16:14:19.443]   _attempt_done keys: ['assignment']
[16:14:19.443]   assignment retrieved: 12 nodes
[16:14:19.443]   score=89, total completed attempts=1
[16:14:19.444]   can_replay=True, creating AttemptResultsWindow
[16:14:19.444] AttemptResultsWindow.__init__: attempt=1 can_replay=True
[16:14:19.444]   results win created, grab_set done, building UI
[16:14:19.453]   results _build() done, window ready
[16:14:19.453]   AttemptResultsWindow created, calling results.run()
[16:14:19.453]   AttemptResultsWindow.run(): entering wait_window, _replay_requested default=True
[16:14:22.870]   AttemptResultsWindow._on_finish called (attempt=1, via button or X)
[16:14:22.879]   AttemptResultsWindow.run(): wait_window returned, _replay_requested=False
[16:14:22.879]   results.run() returned replay=False
[16:14:22.879]   replay=False (results dismissed without Continue), loop continues anyway
[16:14:22.879] --- ATTEMPT LOOP: attempt_num=2 of 3 ---
[16:14:22.879]   SessionManager created, node_order len=12, first=H1
[16:14:22.879]   win_top created and deiconified
[16:14:22.889]   ColourStudyWindow created, calling run()
[16:14:22.889]   window.run() returned, entering wait_window(win_top)
[16:14:22.989]   _advance_to_next_human_node: attempt=2 current_node=H1 idx=0
[16:14:22.989]   _advance_to_next_human_node: H1 is Human — enabling buttons
[16:14:30.135]   _on_close() called — attempt=2, idx=0/12 — ABANDONMENT, _on_complete NOT called
[16:14:30.153]   wait_window(win_top) returned — win_top destroyed
[16:14:30.153]   _attempt_done keys: []
[16:14:30.153]   BREAK: 'assignment' not in _attempt_done — window was abandoned without finishing
[16:14:30.153] --- LOOP ENDED: completed 1 of 3 attempts ---
[16:14:30.156] root.destroy() called — session fully complete
