[10:44:52.086] debug_log initialised — writing to G:\Files\Code\GraphColouringNew\logs\debug\session_20260415_104452.log
[10:44:52.104] ColourSession.run() start — mode=mode1 max_attempts=3 graph=s12_2c_xab
[10:44:52.143] win_top created
[10:44:52.143] --- ATTEMPT LOOP: attempt_num=1 of 3 ---
[10:44:52.143]   SessionManager created, node_order len=12, first=H1
[10:44:52.152]   ColourStudyWindow created, calling run()
[10:44:52.152]   window.run() returned, waiting on decision_var
[10:44:52.253]   _advance_to_next_human_node: attempt=1 current_node=H1 idx=0
[10:44:52.253]   _advance_to_next_human_node: H1 is Human — enabling buttons
[10:44:58.186]   _advance_to_next_human_node: attempt=1 current_node=H2 idx=1
[10:44:58.187]   _advance_to_next_human_node: H2 is Human — enabling buttons
[10:45:03.123]   _advance_to_next_human_node: attempt=1 current_node=H3 idx=2
[10:45:03.123]   _advance_to_next_human_node: H3 is Human — enabling buttons
[10:45:10.019]   _advance_to_next_human_node: attempt=1 current_node=H4 idx=3
[10:45:10.019]   _advance_to_next_human_node: H4 is Human — enabling buttons
[10:45:11.736]   _advance_to_next_human_node: attempt=1 current_node=A1 idx=4
[10:45:11.736]   _advance_to_next_human_node: A1 is agent (AgentA) — auto-colouring
[10:45:12.240]   _advance_to_next_human_node: attempt=1 current_node=A2 idx=5
[10:45:12.240]   _advance_to_next_human_node: A2 is agent (AgentA) — auto-colouring
[10:45:12.744]   _advance_to_next_human_node: attempt=1 current_node=A3 idx=6
[10:45:12.744]   _advance_to_next_human_node: A3 is agent (AgentA) — auto-colouring
[10:45:13.253]   _advance_to_next_human_node: attempt=1 current_node=A4 idx=7
[10:45:13.253]   _advance_to_next_human_node: A4 is agent (AgentA) — auto-colouring
[10:45:13.764]   _advance_to_next_human_node: attempt=1 current_node=B1 idx=8
[10:45:13.764]   _advance_to_next_human_node: B1 is agent (AgentB) — auto-colouring
[10:45:14.274]   _advance_to_next_human_node: attempt=1 current_node=B2 idx=9
[10:45:14.274]   _advance_to_next_human_node: B2 is agent (AgentB) — auto-colouring
[10:45:14.779]   _advance_to_next_human_node: attempt=1 current_node=B3 idx=10
[10:45:14.779]   _advance_to_next_human_node: B3 is agent (AgentB) — auto-colouring
[10:45:15.287]   _advance_to_next_human_node: attempt=1 current_node=B4 idx=11
[10:45:15.287]   _advance_to_next_human_node: B4 is agent (AgentB) — auto-colouring
[10:45:15.288]   _advance_to_next_human_node: session complete after B4 — scheduling _finish_attempt
[10:45:15.603]   _finish_attempt() called — attempt=1, nodes_decided=12
[10:45:15.603]   _finish_attempt: 12 nodes, score=88
[10:45:15.603]   _on_complete called for attempt 1, assignment has 12 nodes
[10:45:15.603]   _finish_attempt: _on_complete called, showing end panel
[10:45:15.603]   _show_end_panel: attempt=1
[10:45:17.221]   _on_session_continue clicked (attempt=1)
[10:45:17.221]   _on_decision: attempt=1 decision='continue'
[10:45:17.221]   decision_var='continue', _attempt_done keys=['assignment']
[10:45:17.221]   score=88, completed_attempts=1
[10:45:17.222]   decision=continue, looping to attempt 2
[10:45:17.222] --- ATTEMPT LOOP: attempt_num=2 of 3 ---
[10:45:17.227]   SessionManager created, node_order len=12, first=H1
[10:45:17.234]   ColourStudyWindow created, calling run()
[10:45:17.234]   window.run() returned, waiting on decision_var
[10:45:17.343]   _advance_to_next_human_node: attempt=2 current_node=H1 idx=0
[10:45:17.343]   _advance_to_next_human_node: H1 is Human — enabling buttons
[10:45:19.271]   _advance_to_next_human_node: attempt=2 current_node=H2 idx=1
[10:45:19.271]   _advance_to_next_human_node: H2 is Human — enabling buttons
[10:45:25.875]   _advance_to_next_human_node: attempt=2 current_node=H3 idx=2
[10:45:25.875]   _advance_to_next_human_node: H3 is Human — enabling buttons
[10:45:30.244]   _advance_to_next_human_node: attempt=2 current_node=H4 idx=3
[10:45:30.244]   _advance_to_next_human_node: H4 is Human — enabling buttons
[10:45:31.230]   _advance_to_next_human_node: attempt=2 current_node=A1 idx=4
[10:45:31.231]   _advance_to_next_human_node: A1 is agent (AgentA) — auto-colouring
[10:45:31.736]   _advance_to_next_human_node: attempt=2 current_node=A2 idx=5
[10:45:31.736]   _advance_to_next_human_node: A2 is agent (AgentA) — auto-colouring
[10:45:32.243]   _advance_to_next_human_node: attempt=2 current_node=A3 idx=6
[10:45:32.243]   _advance_to_next_human_node: A3 is agent (AgentA) — auto-colouring
[10:45:32.753]   _advance_to_next_human_node: attempt=2 current_node=A4 idx=7
[10:45:32.753]   _advance_to_next_human_node: A4 is agent (AgentA) — auto-colouring
[10:45:33.258]   _advance_to_next_human_node: attempt=2 current_node=B1 idx=8
[10:45:33.258]   _advance_to_next_human_node: B1 is agent (AgentB) — auto-colouring
[10:45:33.765]   _advance_to_next_human_node: attempt=2 current_node=B2 idx=9
[10:45:33.765]   _advance_to_next_human_node: B2 is agent (AgentB) — auto-colouring
[10:45:34.274]   _advance_to_next_human_node: attempt=2 current_node=B3 idx=10
[10:45:34.274]   _advance_to_next_human_node: B3 is agent (AgentB) — auto-colouring
[10:45:34.787]   _advance_to_next_human_node: attempt=2 current_node=B4 idx=11
[10:45:34.787]   _advance_to_next_human_node: B4 is agent (AgentB) — auto-colouring
[10:45:34.788]   _advance_to_next_human_node: session complete after B4 — scheduling _finish_attempt
[10:45:35.099]   _finish_attempt() called — attempt=2, nodes_decided=12
[10:45:35.099]   _finish_attempt: 12 nodes, score=88
[10:45:35.099]   _on_complete called for attempt 2, assignment has 12 nodes
[10:45:35.099]   _finish_attempt: _on_complete called, showing end panel
[10:45:35.099]   _show_end_panel: attempt=2
[10:45:49.468]   _on_session_finish called (attempt=2)
[10:45:49.468]   _on_decision: attempt=2 decision='finish'
[10:45:49.468]   decision_var='finish', _attempt_done keys=['assignment']
[10:45:49.468]   score=88, completed_attempts=2
[10:45:49.468]   decision=finish, ending loop
[10:45:49.468] --- LOOP ENDED: completed 2 of 3 attempts ---
[10:45:49.478] root.destroy() called — session fully complete
